Archive member included to satisfy reference by file (symbol)

mesh/core/libmesh_core_nrf52832_xxAA.a(internal_event.c.obj)
                              examples/serial/CMakeFiles/serial_nrf52832_xxAA_s132_5.0.0.dir/__/__/mesh/serial/src/serial_handler_device.c.obj (internal_event_init)
mesh/core/libmesh_core_nrf52832_xxAA.a(nrf_mesh_configure.c.obj)
                              examples/serial/CMakeFiles/serial_nrf52832_xxAA_s132_5.0.0.dir/__/__/mesh/serial/src/serial_handler_config.c.obj (nrf_mesh_configure_device_uuid_set)
mesh/core/libmesh_core_nrf52832_xxAA.a(event.c.obj)
                              examples/serial/CMakeFiles/serial_nrf52832_xxAA_s132_5.0.0.dir/__/__/mesh/prov/src/prov_provisioner.c.obj (event_handle)
mesh/core/libmesh_core_nrf52832_xxAA.a(packet_buffer.c.obj)
                              examples/serial/CMakeFiles/serial_nrf52832_xxAA_s132_5.0.0.dir/__/__/mesh/serial/src/serial_bearer.c.obj (packet_buffer_max_packet_len_get)
mesh/core/libmesh_core_nrf52832_xxAA.a(fifo.c.obj)
                              mesh/core/libmesh_core_nrf52832_xxAA.a(internal_event.c.obj) (fifo_init)
mesh/core/libmesh_core_nrf52832_xxAA.a(net_state.c.obj)
                              examples/serial/CMakeFiles/serial_nrf52832_xxAA_s132_5.0.0.dir/__/__/mesh/serial/src/serial_handler_mesh.c.obj (net_state_reset)
mesh/core/libmesh_core_nrf52832_xxAA.a(nrf_mesh_utils.c.obj)
                              examples/serial/CMakeFiles/serial_nrf52832_xxAA_s132_5.0.0.dir/__/__/mesh/prov/src/prov_provisionee.c.obj (nrf_mesh_address_type_get)
mesh/core/libmesh_core_nrf52832_xxAA.a(nrf_mesh.c.obj)
                              examples/serial/CMakeFiles/serial_nrf52832_xxAA_s132_5.0.0.dir/__/nrf_mesh_sdk.c.obj (nrf_mesh_init)
mesh/core/libmesh_core_nrf52832_xxAA.a(hal.c.obj)
                              examples/serial/CMakeFiles/serial_nrf52832_xxAA_s132_5.0.0.dir/__/__/mesh/serial/src/serial_handler_device.c.obj (hal_device_reset)
mesh/core/libmesh_core_nrf52832_xxAA.a(timer_scheduler.c.obj)
                              mesh/core/libmesh_core_nrf52832_xxAA.a(nrf_mesh.c.obj) (timer_sch_init)
mesh/core/libmesh_core_nrf52832_xxAA.a(timer.c.obj)
                              mesh/core/libmesh_core_nrf52832_xxAA.a(timer_scheduler.c.obj) (timer_order_cb)
mesh/core/libmesh_core_nrf52832_xxAA.a(ticker.c.obj)
                              mesh/core/libmesh_core_nrf52832_xxAA.a(nrf_mesh.c.obj) (ticker_init)
mesh/core/libmesh_core_nrf52832_xxAA.a(rand.c.obj)
                              examples/serial/CMakeFiles/serial_nrf52832_xxAA_s132_5.0.0.dir/__/__/mesh/prov/src/prov_utils.c.obj (rand_hw_rng_get)
mesh/core/libmesh_core_nrf52832_xxAA.a(nrf_mesh_opt.c.obj)
                              examples/serial/CMakeFiles/serial_nrf52832_xxAA_s132_5.0.0.dir/src/main.c.obj (nrf_mesh_opt_set)
mesh/core/libmesh_core_nrf52832_xxAA.a(timeslot.c.obj)
                              mesh/core/libmesh_core_nrf52832_xxAA.a(nrf_mesh.c.obj) (timeslot_sd_event_handler)
mesh/core/libmesh_core_nrf52832_xxAA.a(bearer_event.c.obj)
                              mesh/core/libmesh_core_nrf52832_xxAA.a(nrf_mesh.c.obj) (bearer_event_init)
mesh/core/libmesh_core_nrf52832_xxAA.a(enc.c.obj)
                              examples/serial/CMakeFiles/serial_nrf52832_xxAA_s132_5.0.0.dir/__/__/mesh/prov/src/prov_utils.c.obj (enc_aes_cmac)
mesh/core/libmesh_core_nrf52832_xxAA.a(network.c.obj)
                              mesh/core/libmesh_core_nrf52832_xxAA.a(nrf_mesh.c.obj) (network_init)
mesh/core/libmesh_core_nrf52832_xxAA.a(nrf_mesh_keygen.c.obj)
                              examples/serial/CMakeFiles/serial_nrf52832_xxAA_s132_5.0.0.dir/__/__/mesh/access/src/device_state_manager.c.obj (nrf_mesh_keygen_aid)
mesh/core/libmesh_core_nrf52832_xxAA.a(log.c.obj)
                              examples/serial/CMakeFiles/serial_nrf52832_xxAA_s132_5.0.0.dir/src/main.c.obj (log_callback_rtt)
mesh/core/libmesh_core_nrf52832_xxAA.a(flash_manager.c.obj)
                              mesh/core/libmesh_core_nrf52832_xxAA.a(nrf_mesh.c.obj) (flash_manager_init)
mesh/core/libmesh_core_nrf52832_xxAA.a(ccm_soft.c.obj)
                              mesh/core/libmesh_core_nrf52832_xxAA.a(enc.c.obj) (ccm_soft_encrypt)
mesh/core/libmesh_core_nrf52832_xxAA.a(beacon.c.obj)
                              mesh/core/libmesh_core_nrf52832_xxAA.a(nrf_mesh.c.obj) (beacon_init)
mesh/core/libmesh_core_nrf52832_xxAA.a(flash_manager_internal.c.obj)
                              mesh/core/libmesh_core_nrf52832_xxAA.a(flash_manager.c.obj) (entry_get)
mesh/core/libmesh_core_nrf52832_xxAA.a(core_tx.c.obj)
                              mesh/core/libmesh_core_nrf52832_xxAA.a(nrf_mesh.c.obj) (core_tx_init)
mesh/core/libmesh_core_nrf52832_xxAA.a(net_beacon.c.obj)
                              mesh/core/libmesh_core_nrf52832_xxAA.a(network.c.obj) (net_beacon_init)
mesh/core/libmesh_core_nrf52832_xxAA.a(advertiser.c.obj)
[...]
Memory Configuration

Name             Origin             Length             Attributes
FLASH            0x00023000         0x0005d000         xr
RAM              0x200031b0         0x0000ce50         xrw
*default*        0x00000000         0xffffffff

Linker script and memory map

LOAD c:/a/gcc_arm/6/bin/../lib/gcc/arm-none-eabi/6.3.1/thumb/v7e-m/fpv4-sp/hard/crti.o
LOAD c:/a/gcc_arm/6/bin/../lib/gcc/arm-none-eabi/6.3.1/thumb/v7e-m/fpv4-sp/hard/crtbegin.o
LOAD c:/a/gcc_arm/6/bin/../lib/gcc/arm-none-eabi/6.3.1/../../../../arm-none-eabi/lib/thumb/v7e-m/fpv4-sp/hard/crt0.o
LOAD examples/serial/CMakeFiles/serial_nrf52832_xxAA_s132_5.0.0.dir/src/main.c.obj
LOAD examples/serial/CMakeFiles/serial_nrf52832_xxAA_s132_5.0.0.dir/__/nrf_mesh_sdk.c.obj
LOAD examples/serial/CMakeFiles/serial_nrf52832_xxAA_s132_5.0.0.dir/__/__/mesh/prov/src/prov_provisioner.c.obj
LOAD examples/serial/CMakeFiles/serial_nrf52832_xxAA_s132_5.0.0.dir/__/__/mesh/prov/src/prov_provisionee.c.obj
LOAD examples/serial/CMakeFiles/serial_nrf52832_xxAA_s132_5.0.0.dir/__/__/mesh/prov/src/nrf_mesh_prov.c.obj
LOAD examples/serial/CMakeFiles/serial_nrf52832_xxAA_s132_5.0.0.dir/__/__/mesh/prov/src/provisioning.c.obj
LOAD examples/serial/CMakeFiles/serial_nrf52832_xxAA_s132_5.0.0.dir/__/__/mesh/prov/src/prov_beacon.c.obj
LOAD examples/serial/CMakeFiles/serial_nrf52832_xxAA_s132_5.0.0.dir/__/__/mesh/prov/src/prov_utils.c.obj
LOAD examples/serial/CMakeFiles/serial_nrf52832_xxAA_s132_5.0.0.dir/__/__/mesh/prov/src/prov_bearer_adv.c.obj
LOAD examples/serial/CMakeFiles/serial_nrf52832_xxAA_s132_5.0.0.dir/__/__/mesh/access/src/access_publish.c.obj
LOAD examples/serial/CMakeFiles/serial_nrf52832_xxAA_s132_5.0.0.dir/__/__/mesh/access/src/access.c.obj
LOAD examples/serial/CMakeFiles/serial_nrf52832_xxAA_s132_5.0.0.dir/__/__/mesh/access/src/access_reliable.c.obj
LOAD examples/serial/CMakeFiles/serial_nrf52832_xxAA_s132_5.0.0.dir/__/__/mesh/access/src/device_state_manager.c.obj
LOAD examples/serial/CMakeFiles/serial_nrf52832_xxAA_s132_5.0.0.dir/__/__/mesh/serial/src/serial_uart.c.obj
LOAD examples/serial/CMakeFiles/serial_nrf52832_xxAA_s132_5.0.0.dir/__/__/mesh/serial/src/serial_bearer.c.obj
LOAD examples/serial/CMakeFiles/serial_nrf52832_xxAA_s132_5.0.0.dir/__/__/mesh/serial/src/serial_handler_common.c.obj
LOAD examples/serial/CMakeFiles/serial_nrf52832_xxAA_s132_5.0.0.dir/__/__/mesh/serial/src/serial_handler_access.c.obj
LOAD examples/serial/CMakeFiles/serial_nrf52832_xxAA_s132_5.0.0.dir/__/__/mesh/serial/src/serial_handler_config.c.obj
LOAD examples/serial/CMakeFiles/serial_nrf52832_xxAA_s132_5.0.0.dir/__/__/mesh/serial/src/serial_handler_openmesh.c.obj
LOAD examples/serial/CMakeFiles/serial_nrf52832_xxAA_s132_5.0.0.dir/__/__/mesh/serial/src/serial.c.obj
LOAD examples/serial/CMakeFiles/serial_nrf52832_xxAA_s132_5.0.0.dir/__/__/mesh/serial/src/serial_handler_prov.c.obj
LOAD examples/serial/CMakeFiles/serial_nrf52832_xxAA_s132_5.0.0.dir/__/__/mesh/serial/src/serial_handler_dfu.c.obj
LOAD examples/serial/CMakeFiles/serial_nrf52832_xxAA_s132_5.0.0.dir/__/__/mesh/serial/src/serial_handler_mesh.c.obj
LOAD examples/serial/CMakeFiles/serial_nrf52832_xxAA_s132_5.0.0.dir/__/__/mesh/serial/src/serial_handler_models.c.obj
LOAD examples/serial/CMakeFiles/serial_nrf52832_xxAA_s132_5.0.0.dir/__/__/mesh/serial/src/serial_handler_device.c.obj
LOAD examples/serial/CMakeFiles/serial_nrf52832_xxAA_s132_5.0.0.dir/__/__/mesh/serial/src/nrf_mesh_serial.c.obj
LOAD examples/serial/CMakeFiles/serial_nrf52832_xxAA_s132_5.0.0.dir/__/__/mesh/serial/src/serial_handler_app.c.obj
LOAD examples/serial/CMakeFiles/serial_nrf52832_xxAA_s132_5.0.0.dir/__/nrf_mesh_weak.c.obj
LOAD examples/serial/CMakeFiles/serial_nrf52832_xxAA_s132_5.0.0.dir/__/__/external/nRF5_SDK_14.0.0_3bcc1f7/components/toolchain/system_nrf52.c.obj
LOAD examples/serial/CMakeFiles/serial_nrf52832_xxAA_s132_5.0.0.dir/__/__/external/nRF5_SDK_14.0.0_3bcc1f7/components/toolchain/gcc/gcc_startup_nrf52.S.obj
LOAD mesh/core/libmesh_core_nrf52832_xxAA.a
LOAD external/micro-ecc/libuECC_nrf52832_xxAA.a
LOAD external/rtt/librtt_nrf52832_xxAA.a
START GROUP
LOAD c:/a/gcc_arm/6/bin/../lib/gcc/arm-none-eabi/6.3.1/thumb/v7e-m/fpv4-sp/hard\libgcc.a
LOAD c:/a/gcc_arm/6/bin/../lib/gcc/arm-none-eabi/6.3.1/../../../../arm-none-eabi/lib/thumb/v7e-m/fpv4-sp/hard\libc_nano.a
END GROUP
START GROUP
LOAD c:/a/gcc_arm/6/bin/../lib/gcc/arm-none-eabi/6.3.1/thumb/v7e-m/fpv4-sp/hard\libgcc.a
LOAD c:/a/gcc_arm/6/bin/../lib/gcc/arm-none-eabi/6.3.1/../../../../arm-none-eabi/lib/thumb/v7e-m/fpv4-sp/hard\libc_nano.a
END GROUP
LOAD c:/a/gcc_arm/6/bin/../lib/gcc/arm-none-eabi/6.3.1/thumb/v7e-m/fpv4-sp/hard/crtend.o
LOAD c:/a/gcc_arm/6/bin/../lib/gcc/arm-none-eabi/6.3.1/thumb/v7e-m/fpv4-sp/hard/crtn.o
START GROUP
LOAD c:/a/gcc_arm/6/bin/../lib/gcc/arm-none-eabi/6.3.1/thumb/v7e-m/fpv4-sp/hard\libgcc.a
LOAD c:/a/gcc_arm/6/bin/../lib/gcc/arm-none-eabi/6.3.1/../../../../arm-none-eabi/lib/thumb/v7e-m/fpv4-sp/hard\libc.a
LOAD c:/a/gcc_arm/6/bin/../lib/gcc/arm-none-eabi/6.3.1/../../../../arm-none-eabi/lib/thumb/v7e-m/fpv4-sp/hard\libnosys.a
END GROUP

.text           0x00023000    0x1aa88
 *(.isr_vector)
 .isr_vector    0x00023000      0x200 examples/serial/CMakeFiles/serial_nrf52832_xxAA_s132_5.0.0.dir/__/__/external/nRF5_SDK_14.0.0_3bcc1f7/components/toolchain/gcc/gcc_startup_nrf52.S.obj
                0x00023000                __isr_vector
 *(.text*)
 .text          0x00023200       0x6c c:/a/gcc_arm/6/bin/../lib/gcc/arm-none-eabi/6.3.1/thumb/v7e-m/fpv4-sp/hard/crtbegin.o
 .text          0x0002326c       0x74 c:/a/gcc_arm/6/bin/../lib/gcc/arm-none-eabi/6.3.1/../../../../arm-none-eabi/lib/thumb/v7e-m/fpv4-sp/hard/crt0.o
                0x0002326c                _start
                0x0002326c                _mainCRTStartup
 .text.startup.main
                0x000232e0      0x290 examples/serial/CMakeFiles/serial_nrf52832_xxAA_s132_5.0.0.dir/src/main.c.obj
                0x000232e0                main
 .text.sd_evt_get
                0x00023570        0x4 examples/serial/CMakeFiles/serial_nrf52832_xxAA_s132_5.0.0.dir/__/nrf_mesh_sdk.c.obj
 .text.sd_softdevice_enable
                0x00023574        0x4 examples/serial/CMakeFiles/serial_nrf52832_xxAA_s132_5.0.0.dir/__/nrf_mesh_sdk.c.obj
 .text.sd_ble_enable
                0x00023578        0x4 examples/serial/CMakeFiles/serial_nrf52832_xxAA_s132_5.0.0.dir/__/nrf_mesh_sdk.c.obj
 .text.sd_ble_evt_get
                0x0002357c        0x4 examples/serial/CMakeFiles/serial_nrf52832_xxAA_s132_5.0.0.dir/__/nrf_mesh_sdk.c.obj
 .text.mesh_assert_handler
                0x00023580       0x80 examples/serial/CMakeFiles/serial_nrf52832_xxAA_s132_5.0.0.dir/__/nrf_mesh_sdk.c.obj
                0x00023580                mesh_assert_handler
 .text.softdevice_assert_handler
                0x00023600       0x94 examples/serial/CMakeFiles/serial_nrf52832_xxAA_s132_5.0.0.dir/__/nrf_mesh_sdk.c.obj
                0x00023600                softdevice_assert_handler
 .text.app_error_handler
                0x00023694       0x88 examples/serial/CMakeFiles/serial_nrf52832_xxAA_s132_5.0.0.dir/__/nrf_mesh_sdk.c.obj
                0x00023694                app_error_handler
 .text.HardFault_Handler
                0x0002371c       0x78 examples/serial/CMakeFiles/serial_nrf52832_xxAA_s132_5.0.0.dir/__/nrf_mesh_sdk.c.obj
                0x0002371c                HardFault_Handler
 .text.SWI2_EGU2_IRQHandler
                0x00023794       0x40 examples/serial/CMakeFiles/serial_nrf52832_xxAA_s132_5.0.0.dir/__/nrf_mesh_sdk.c.obj
                0x00023794                SWI2_EGU2_IRQHandler
 .text.mesh_softdevice_enable
                0x000237d4      0x14c examples/serial/CMakeFiles/serial_nrf52832_xxAA_s132_5.0.0.dir/__/nrf_mesh_sdk.c.obj
                0x000237d4                mesh_softdevice_enable
 .text.mesh_core_setup
                0x00023920      0x1c8 examples/serial/CMakeFiles/serial_nrf52832_xxAA_s132_5.0.0.dir/__/nrf_mesh_sdk.c.obj
                0x00023920                mesh_core_setup
 .text.prov_provisioner_cb_link_closed
                0x00023ae8       0x2c examples/serial/CMakeFiles/serial_nrf52832_xxAA_s132_5.0.0.dir/__/__/mesh/prov/src/prov_provisioner.c.obj
 .text.prov_provisioner_cb_link_established
                0x00023b14       0x44 examples/serial/CMakeFiles/serial_nrf52832_xxAA_s132_5.0.0.dir/__/__/mesh/prov/src/prov_provisioner.c.obj
 .text.prov_provisioner_cb_ack_received
                0x00023b58       0x4c examples/serial/CMakeFiles/serial_nrf52832_xxAA_s132_5.0.0.dir/__/__/mesh/prov/src/prov_provisioner.c.obj
 .text.prov_provisioner_pkt_in
                0x00023ba4      0x350 examples/serial/CMakeFiles/serial_nrf52832_xxAA_s132_5.0.0.dir/__/__/mesh/prov/src/prov_provisioner.c.obj
 .text.prov_provisioner_provision
                0x00023ef4       0x4c examples/serial/CMakeFiles/serial_nrf52832_xxAA_s132_5.0.0.dir/__/__/mesh/prov/src/prov_provisioner.c.obj
                0x00023ef4                prov_provisioner_provision
 .text.prov_provisioner_oob_use
                0x00023f40       0xb0 examples/serial/CMakeFiles/serial_nrf52832_xxAA_s132_5.0.0.dir/__/__/mesh/prov/src/prov_provisioner.c.obj
                0x00023f40                prov_provisioner_oob_use
 .text.prov_provisioner_auth_data
                0x00023ff0       0x64 examples/serial/CMakeFiles/serial_nrf52832_xxAA_s132_5.0.0.dir/__/__/mesh/prov/src/prov_provisioner.c.obj
                0x00023ff0                prov_provisioner_auth_data
 .text.prov_provisioner_shared_secret
                0x00024054       0xcc examples/serial/CMakeFiles/serial_nrf52832_xxAA_s132_5.0.0.dir/__/__/mesh/prov/src/prov_provisioner.c.obj
                0x00024054                prov_provisioner_shared_secret
 .text.prov_provisionee_cb_link_established
                0x00024120       0x24 examples/serial/CMakeFiles/serial_nrf52832_xxAA_s132_5.0.0.dir/__/__/mesh/prov/src/prov_provisionee.c.obj
 .text.prov_provisionee_cb_link_closed
                0x00024144       0x80 examples/serial/CMakeFiles/serial_nrf52832_xxAA_s132_5.0.0.dir/__/__/mesh/prov/src/prov_provisionee.c.obj
 .text.start_authentication
                0x000241c4      0x128 examples/serial/CMakeFiles/serial_nrf52832_xxAA_s132_5.0.0.dir/__/__/mesh/prov/src/prov_provisionee.c.obj
 .text.prov_provisionee_cb_ack_received
                0x000242ec      0x11c examples/serial/CMakeFiles/serial_nrf52832_xxAA_s132_5.0.0.dir/__/__/mesh/prov/src/prov_provisionee.c.obj
 .text.prov_provisionee_pkt_in
                0x00024408      0x30c examples/serial/CMakeFiles/serial_nrf52832_xxAA_s132_5.0.0.dir/__/__/mesh/prov/src/prov_provisionee.c.obj
 .text.prov_provisionee_init
                0x00024714       0x40 examples/serial/CMakeFiles/serial_nrf52832_xxAA_s132_5.0.0.dir/__/__/mesh/prov/src/prov_provisionee.c.obj
                0x00024714                prov_provisionee_init
 .text.prov_provisionee_auth_data
                0x00024754       0x84 examples/serial/CMakeFiles/serial_nrf52832_xxAA_s132_5.0.0.dir/__/__/mesh/prov/src/prov_provisionee.c.obj
                0x00024754                prov_provisionee_auth_data
 .text.prov_provisionee_shared_secret
                0x000247d8       0xb4 examples/serial/CMakeFiles/serial_nrf52832_xxAA_s132_5.0.0.dir/__/__/mesh/prov/src/prov_provisionee.c.obj
                0x000247d8                prov_provisionee_shared_secret
 .text.nrf_mesh_prov_init
                0x0002488c       0x24 examples/serial/CMakeFiles/serial_nrf52832_xxAA_s132_5.0.0.dir/__/__/mesh/prov/src/nrf_mesh_prov.c.obj
                0x0002488c                nrf_mesh_prov_init
 .text.nrf_mesh_prov_generate_keys
                0x000248b0        0x4 examples/serial/CMakeFiles/serial_nrf52832_xxAA_s132_5.0.0.dir/__/__/mesh/prov/src/nrf_mesh_prov.c.obj
                0x000248b0                nrf_mesh_prov_generate_keys
 .text.nrf_mesh_prov_listen
                0x000248b4       0x28 examples/serial/CMakeFiles/serial_nrf52832_xxAA_s132_5.0.0.dir/__/__/mesh/prov/src/nrf_mesh_prov.c.obj
                0x000248b4                nrf_mesh_prov_listen
 .text.nrf_mesh_prov_provision
                0x000248dc       0x50 examples/serial/CMakeFiles/serial_nrf52832_xxAA_s132_5.0.0.dir/__/__/mesh/prov/src/nrf_mesh_prov.c.obj
                0x000248dc                nrf_mesh_prov_provision
 .text.nrf_mesh_prov_oob_use
                0x0002492c       0x10 examples/serial/CMakeFiles/serial_nrf52832_xxAA_s132_5.0.0.dir/__/__/mesh/prov/src/nrf_mesh_prov.c.obj
                0x0002492c                nrf_mesh_prov_oob_use
 .text.nrf_mesh_prov_auth_data_provide
                0x0002493c       0x10 examples/serial/CMakeFiles/serial_nrf52832_xxAA_s132_5.0.0.dir/__/__/mesh/prov/src/nrf_mesh_prov.c.obj
                0x0002493c                nrf_mesh_prov_auth_data_provide
 .text.nrf_mesh_prov_shared_secret_provide
                0x0002494c       0x10 examples/serial/CMakeFiles/serial_nrf52832_xxAA_s132_5.0.0.dir/__/__/mesh/prov/src/nrf_mesh_prov.c.obj
                0x0002494c                nrf_mesh_prov_shared_secret_provide
 .text.prov_packet_length_valid
                0x0002495c       0x20 examples/serial/CMakeFiles/serial_nrf52832_xxAA_s132_5.0.0.dir/__/__/mesh/prov/src/provisioning.c.obj
                0x0002495c                prov_packet_length_valid
 .text.prov_init
                0x0002497c       0x34 examples/serial/CMakeFiles/serial_nrf52832_xxAA_s132_5.0.0.dir/__/__/mesh/prov/src/provisioning.c.obj
                0x0002497c                prov_init
 .text.prov_listen_start
                0x000249b0       0x14 examples/serial/CMakeFiles/serial_nrf52832_xxAA_s132_5.0.0.dir/__/__/mesh/prov/src/provisioning.c.obj
                0x000249b0                prov_listen_start
 .text.prov_link_open
                0x000249c4       0x14 examples/serial/CMakeFiles/serial_nrf52832_xxAA_s132_5.0.0.dir/__/__/mesh/prov/src/provisioning.c.obj
                0x000249c4                prov_link_open
 .text.prov_link_close
                0x000249d8        0x8 examples/serial/CMakeFiles/serial_nrf52832_xxAA_s132_5.0.0.dir/__/__/mesh/prov/src/provisioning.c.obj
                0x000249d8                prov_link_close
 .text.prov_tx_invite
                0x000249e0       0x44 examples/serial/CMakeFiles/serial_nrf52832_xxAA_s132_5.0.0.dir/__/__/mesh/prov/src/provisioning.c.obj
                0x000249e0                prov_tx_invite
 .text.prov_tx_capabilities
                0x00024a24       0x4c examples/serial/CMakeFiles/serial_nrf52832_xxAA_s132_5.0.0.dir/__/__/mesh/prov/src/provisioning.c.obj
                0x00024a24                prov_tx_capabilities
 .text.prov_tx_start
                0x00024a70       0x4c examples/serial/CMakeFiles/serial_nrf52832_xxAA_s132_5.0.0.dir/__/__/mesh/prov/src/provisioning.c.obj
                0x00024a70                prov_tx_start
 .text.prov_tx_public_key
                0x00024abc       0x40 examples/serial/CMakeFiles/serial_nrf52832_xxAA_s132_5.0.0.dir/__/__/mesh/prov/src/provisioning.c.obj
                0x00024abc                prov_tx_public_key
 .text.prov_tx_input_complete
                0x00024afc       0x34 examples/serial/CMakeFiles/serial_nrf52832_xxAA_s132_5.0.0.dir/__/__/mesh/prov/src/provisioning.c.obj
                0x00024afc                prov_tx_input_complete
 .text.prov_tx_confirmation
                0x00024b30       0x40 examples/serial/CMakeFiles/serial_nrf52832_xxAA_s132_5.0.0.dir/__/__/mesh/prov/src/provisioning.c.obj
                0x00024b30                prov_tx_confirmation
 .text.prov_tx_random
                0x00024b70       0x40 examples/serial/CMakeFiles/serial_nrf52832_xxAA_s132_5.0.0.dir/__/__/mesh/prov/src/provisioning.c.obj
                0x00024b70                prov_tx_random
 .text.prov_tx_complete
                0x00024bb0       0x34 examples/serial/CMakeFiles/serial_nrf52832_xxAA_s132_5.0.0.dir/__/__/mesh/prov/src/provisioning.c.obj
                0x00024bb0                prov_tx_complete
 .text.prov_tx_failed
                0x00024be4       0x38 examples/serial/CMakeFiles/serial_nrf52832_xxAA_s132_5.0.0.dir/__/__/mesh/prov/src/provisioning.c.obj
                0x00024be4                prov_tx_failed
 .text.prov_tx_data
                0x00024c1c       0x48 examples/serial/CMakeFiles/serial_nrf52832_xxAA_s132_5.0.0.dir/__/__/mesh/prov/src/provisioning.c.obj
                0x00024c1c                prov_tx_data
 .text.prov_cb_link_opened
                0x00024c64        0x8 examples/serial/CMakeFiles/serial_nrf52832_xxAA_s132_5.0.0.dir/__/__/mesh/prov/src/provisioning.c.obj
                0x00024c64                prov_cb_link_opened
 .text.prov_cb_link_closed
                0x00024c6c        0x8 examples/serial/CMakeFiles/serial_nrf52832_xxAA_s132_5.0.0.dir/__/__/mesh/prov/src/provisioning.c.obj
                0x00024c6c                prov_cb_link_closed
 .text.prov_cb_pkt_in
                0x00024c74       0x88 examples/serial/CMakeFiles/serial_nrf52832_xxAA_s132_5.0.0.dir/__/__/mesh/prov/src/provisioning.c.obj
                0x00024c74                prov_cb_pkt_in
 .text.prov_cb_ack_in
                0x00024cfc        0x8 examples/serial/CMakeFiles/serial_nrf52832_xxAA_s132_5.0.0.dir/__/__/mesh/prov/src/provisioning.c.obj
                0x00024cfc                prov_cb_ack_in
 .text.prov_beacon_unprov_build
                0x00024d04       0x54 examples/serial/CMakeFiles/serial_nrf52832_xxAA_s132_5.0.0.dir/__/__/mesh/prov/src/prov_beacon.c.obj
                0x00024d04                prov_beacon_unprov_build
 .text.prov_beacon_unprov_packet_in
                0x00024d58       0xbc examples/serial/CMakeFiles/serial_nrf52832_xxAA_s132_5.0.0.dir/__/__/mesh/prov/src/prov_beacon.c.obj
                0x00024d58                prov_beacon_unprov_packet_in
 .text.prov_utils_opt_set
                0x00024e14       0x24 examples/serial/CMakeFiles/serial_nrf52832_xxAA_s132_5.0.0.dir/__/__/mesh/prov/src/prov_utils.c.obj
                0x00024e14                prov_utils_opt_set
 .text.prov_utils_use_ecdh_offloading
                0x00024e38        0xc examples/serial/CMakeFiles/serial_nrf52832_xxAA_s132_5.0.0.dir/__/__/mesh/prov/src/prov_utils.c.obj
                0x00024e38                prov_utils_use_ecdh_offloading
 .text.prov_utils_authentication_values_derive
                0x00024e44       0xac examples/serial/CMakeFiles/serial_nrf52832_xxAA_s132_5.0.0.dir/__/__/mesh/prov/src/prov_utils.c.obj
                0x00024e44                prov_utils_authentication_values_derive
 .text.prov_utils_keys_generate
                0x00024ef0       0x20 examples/serial/CMakeFiles/serial_nrf52832_xxAA_s132_5.0.0.dir/__/__/mesh/prov/src/prov_utils.c.obj
                0x00024ef0                prov_utils_keys_generate
 .text.prov_utils_derive_keys
                0x00024f10       0xb4 examples/serial/CMakeFiles/serial_nrf52832_xxAA_s132_5.0.0.dir/__/__/mesh/prov/src/prov_utils.c.obj
                0x00024f10                prov_utils_derive_keys
 .text.prov_utils_calculate_shared_secret
                0x00024fc4       0x38 examples/serial/CMakeFiles/serial_nrf52832_xxAA_s132_5.0.0.dir/__/__/mesh/prov/src/prov_utils.c.obj
                0x00024fc4                prov_utils_calculate_shared_secret
 .text.prov_utils_generate_oob_data
                0x00024ffc      0x1c8 examples/serial/CMakeFiles/serial_nrf52832_xxAA_s132_5.0.0.dir/__/__/mesh/prov/src/prov_utils.c.obj
                0x00024ffc                prov_utils_generate_oob_data
 .text.prov_utils_confirmation_check
                0x000251c4       0x5c examples/serial/CMakeFiles/serial_nrf52832_xxAA_s132_5.0.0.dir/__/__/mesh/prov/src/prov_utils.c.obj
                0x000251c4                prov_utils_confirmation_check
 .text.remove_active_bearer
                0x00025220       0x70 examples/serial/CMakeFiles/serial_nrf52832_xxAA_s132_5.0.0.dir/__/__/mesh/prov/src/prov_bearer_adv.c.obj
 .text.prov_bearer_adv_listen_stop
                0x00025290       0x3c examples/serial/CMakeFiles/serial_nrf52832_xxAA_s132_5.0.0.dir/__/__/mesh/prov/src/prov_bearer_adv.c.obj
 .text.link_timeout_cb
                0x000252cc        0x8 examples/serial/CMakeFiles/serial_nrf52832_xxAA_s132_5.0.0.dir/__/__/mesh/prov/src/prov_bearer_adv.c.obj
 .text.tx_complete_cb
                0x000252d4       0x20 examples/serial/CMakeFiles/serial_nrf52832_xxAA_s132_5.0.0.dir/__/__/mesh/prov/src/prov_bearer_adv.c.obj
 .text.prov_bearer_adv_listen
                0x000252f4      0x160 examples/serial/CMakeFiles/serial_nrf52832_xxAA_s132_5.0.0.dir/__/__/mesh/prov/src/prov_bearer_adv.c.obj
 .text.prov_buffer_tx
                0x00025454      0x218 examples/serial/CMakeFiles/serial_nrf52832_xxAA_s132_5.0.0.dir/__/__/mesh/prov/src/prov_bearer_adv.c.obj
 .text.prov_bearer_adv_tx
                0x0002566c       0xd4 examples/serial/CMakeFiles/serial_nrf52832_xxAA_s132_5.0.0.dir/__/__/mesh/prov/src/prov_bearer_adv.c.obj
 .text.send_link_ack
                0x00025740       0x90 examples/serial/CMakeFiles/serial_nrf52832_xxAA_s132_5.0.0.dir/__/__/mesh/prov/src/prov_bearer_adv.c.obj
 .text.tx_retry_cb
                0x000257d0      0x148 examples/serial/CMakeFiles/serial_nrf52832_xxAA_s132_5.0.0.dir/__/__/mesh/prov/src/prov_bearer_adv.c.obj
 .text.send_transaction_ack
                0x00025918       0x78 examples/serial/CMakeFiles/serial_nrf52832_xxAA_s132_5.0.0.dir/__/__/mesh/prov/src/prov_bearer_adv.c.obj
 .text.prov_buffer_rx
                0x00025990       0xa4 examples/serial/CMakeFiles/serial_nrf52832_xxAA_s132_5.0.0.dir/__/__/mesh/prov/src/prov_bearer_adv.c.obj
 .text.async_process
                0x00025a34       0xb4 examples/serial/CMakeFiles/serial_nrf52832_xxAA_s132_5.0.0.dir/__/__/mesh/prov/src/prov_bearer_adv.c.obj
 .text.prov_bearer_adv_link_open
                0x00025ae8      0x1c4 examples/serial/CMakeFiles/serial_nrf52832_xxAA_s132_5.0.0.dir/__/__/mesh/prov/src/prov_bearer_adv.c.obj
 .text.prov_bearer_adv_link_close
                0x00025cac      0x154 examples/serial/CMakeFiles/serial_nrf52832_xxAA_s132_5.0.0.dir/__/__/mesh/prov/src/prov_bearer_adv.c.obj
 .text.prov_bearer_adv_interface_get
                0x00025e00       0x28 examples/serial/CMakeFiles/serial_nrf52832_xxAA_s132_5.0.0.dir/__/__/mesh/prov/src/prov_bearer_adv.c.obj
                0x00025e00                prov_bearer_adv_interface_get
 .text.prov_bearer_adv_packet_in
                0x00025e28      0x9d0 examples/serial/CMakeFiles/serial_nrf52832_xxAA_s132_5.0.0.dir/__/__/mesh/prov/src/prov_bearer_adv.c.obj
                0x00025e28                prov_bearer_adv_packet_in
 .text.add_to_publication_list
                0x000267f8       0x8c examples/serial/CMakeFiles/serial_nrf52832_xxAA_s132_5.0.0.dir/__/__/mesh/access/src/access_publish.c.obj
 .text.schedule_publication_timer
                0x00026884      0x2f4 examples/serial/CMakeFiles/serial_nrf52832_xxAA_s132_5.0.0.dir/__/__/mesh/access/src/access_publish.c.obj
 .text.publish_timer_tick
                0x00026b78       0xd0 examples/serial/CMakeFiles/serial_nrf52832_xxAA_s132_5.0.0.dir/__/__/mesh/access/src/access_publish.c.obj
 .text.access_publish_init
                0x00026c48       0x38 examples/serial/CMakeFiles/serial_nrf52832_xxAA_s132_5.0.0.dir/__/__/mesh/access/src/access_publish.c.obj
                0x00026c48                access_publish_init
 .text.access_publish_period_set
                0x00026c80       0xa4 examples/serial/CMakeFiles/serial_nrf52832_xxAA_s132_5.0.0.dir/__/__/mesh/access/src/access_publish.c.obj
                0x00026c80                access_publish_period_set
 .text.access_publish_period_get
                0x00026d24       0x38 examples/serial/CMakeFiles/serial_nrf52832_xxAA_s132_5.0.0.dir/__/__/mesh/access/src/access_publish.c.obj
                0x00026d24                access_publish_period_get
 .text.flash_invalidate_complete
                0x00026d5c       0x14 examples/serial/CMakeFiles/serial_nrf52832_xxAA_s132_5.0.0.dir/__/__/mesh/access/src/access.c.obj
 .text.flash_manager_mem_available
                0x00026d70        0x4 examples/serial/CMakeFiles/serial_nrf52832_xxAA_s132_5.0.0.dir/__/__/mesh/access/src/access.c.obj
 .text.access_flash_config_clear
                0x00026d74       0x28 examples/serial/CMakeFiles/serial_nrf52832_xxAA_s132_5.0.0.dir/__/__/mesh/access/src/access.c.obj
 .text.access_flash_config_store
                0x00026d9c      0x120 examples/serial/CMakeFiles/serial_nrf52832_xxAA_s132_5.0.0.dir/__/__/mesh/access/src/access.c.obj
                0x00026d9c                access_flash_config_store
 .text.handle_incoming
                0x00026ebc      0x178 examples/serial/CMakeFiles/serial_nrf52832_xxAA_s132_5.0.0.dir/__/__/mesh/access/src/access.c.obj
 .text.mesh_evt_cb
                0x00027034      0x15c examples/serial/CMakeFiles/serial_nrf52832_xxAA_s132_5.0.0.dir/__/__/mesh/access/src/access.c.obj
 .text.add_flash_manager
                0x00027190       0x58 examples/serial/CMakeFiles/serial_nrf52832_xxAA_s132_5.0.0.dir/__/__/mesh/access/src/access.c.obj
 .text.flash_write_complete
                0x000271e8       0x58 examples/serial/CMakeFiles/serial_nrf52832_xxAA_s132_5.0.0.dir/__/__/mesh/access/src/access.c.obj
 .text.flash_remove_complete
                0x00027240       0xa0 examples/serial/CMakeFiles/serial_nrf52832_xxAA_s132_5.0.0.dir/__/__/mesh/access/src/access.c.obj
 .text.access_clear
                0x000272e0       0x68 examples/serial/CMakeFiles/serial_nrf52832_xxAA_s132_5.0.0.dir/__/__/mesh/access/src/access.c.obj
                0x000272e0                access_clear
 .text.access_init
                0x00027348       0xb0 examples/serial/CMakeFiles/serial_nrf52832_xxAA_s132_5.0.0.dir/__/__/mesh/access/src/access.c.obj
                0x00027348                access_init
 .text.access_model_publish
                0x000273f8      0x2bc examples/serial/CMakeFiles/serial_nrf52832_xxAA_s132_5.0.0.dir/__/__/mesh/access/src/access.c.obj
                0x000273f8                access_model_publish
 .text.access_model_publish_address_set
                0x000276b4       0x38 examples/serial/CMakeFiles/serial_nrf52832_xxAA_s132_5.0.0.dir/__/__/mesh/access/src/access.c.obj
                0x000276b4                access_model_publish_address_set
 .text.access_model_publish_address_get
                0x000276ec       0x20 examples/serial/CMakeFiles/serial_nrf52832_xxAA_s132_5.0.0.dir/__/__/mesh/access/src/access.c.obj
                0x000276ec                access_model_publish_address_get
 .text.access_model_publish_period_set
                0x0002770c       0x64 examples/serial/CMakeFiles/serial_nrf52832_xxAA_s132_5.0.0.dir/__/__/mesh/access/src/access.c.obj
                0x0002770c                access_model_publish_period_set
 .text.access_model_publish_period_get
                0x00027770       0x38 examples/serial/CMakeFiles/serial_nrf52832_xxAA_s132_5.0.0.dir/__/__/mesh/access/src/access.c.obj
                0x00027770                access_model_publish_period_get
 .text.access_model_subscription_add
                0x000277a8       0x58 examples/serial/CMakeFiles/serial_nrf52832_xxAA_s132_5.0.0.dir/__/__/mesh/access/src/access.c.obj
                0x000277a8                access_model_subscription_add
 .text.access_model_subscription_remove
                0x00027800       0x5c examples/serial/CMakeFiles/serial_nrf52832_xxAA_s132_5.0.0.dir/__/__/mesh/access/src/access.c.obj
                0x00027800                access_model_subscription_remove
 .text.access_model_subscriptions_get
                0x0002785c       0x68 examples/serial/CMakeFiles/serial_nrf52832_xxAA_s132_5.0.0.dir/__/__/mesh/access/src/access.c.obj
                0x0002785c                access_model_subscriptions_get
 .text.access_model_application_bind
                0x000278c4       0x44 examples/serial/CMakeFiles/serial_nrf52832_xxAA_s132_5.0.0.dir/__/__/mesh/access/src/access.c.obj
                0x000278c4                access_model_application_bind
 .text.access_model_application_unbind
                0x00027908       0x44 examples/serial/CMakeFiles/serial_nrf52832_xxAA_s132_5.0.0.dir/__/__/mesh/access/src/access.c.obj
                0x00027908                access_model_application_unbind
 .text.access_model_applications_get
                0x0002794c       0xf4 examples/serial/CMakeFiles/serial_nrf52832_xxAA_s132_5.0.0.dir/__/__/mesh/access/src/access.c.obj
                0x0002794c                access_model_applications_get
 .text.access_model_publish_application_set
                0x00027a40       0x38 examples/serial/CMakeFiles/serial_nrf52832_xxAA_s132_5.0.0.dir/__/__/mesh/access/src/access.c.obj
                0x00027a40                access_model_publish_application_set
 .text.access_model_publish_application_get
                0x00027a78       0x20 examples/serial/CMakeFiles/serial_nrf52832_xxAA_s132_5.0.0.dir/__/__/mesh/access/src/access.c.obj
                0x00027a78                access_model_publish_application_get
 .text.access_model_publish_ttl_set
                0x00027a98       0x3c examples/serial/CMakeFiles/serial_nrf52832_xxAA_s132_5.0.0.dir/__/__/mesh/access/src/access.c.obj
                0x00027a98                access_model_publish_ttl_set
 .text.access_model_publish_ttl_get
                0x00027ad4       0x20 examples/serial/CMakeFiles/serial_nrf52832_xxAA_s132_5.0.0.dir/__/__/mesh/access/src/access.c.obj
                0x00027ad4                access_model_publish_ttl_get
 .text.access_element_location_set
                0x00027af4       0x38 examples/serial/CMakeFiles/serial_nrf52832_xxAA_s132_5.0.0.dir/__/__/mesh/access/src/access.c.obj
                0x00027af4                access_element_location_set
 .text.access_element_location_get
                0x00027b2c       0x24 examples/serial/CMakeFiles/serial_nrf52832_xxAA_s132_5.0.0.dir/__/__/mesh/access/src/access.c.obj
                0x00027b2c                access_element_location_get
 .text.access_element_sig_model_count_get
                0x00027b50       0x24 examples/serial/CMakeFiles/serial_nrf52832_xxAA_s132_5.0.0.dir/__/__/mesh/access/src/access.c.obj
                0x00027b50                access_element_sig_model_count_get
 .text.access_element_vendor_model_count_get
                0x00027b74       0x24 examples/serial/CMakeFiles/serial_nrf52832_xxAA_s132_5.0.0.dir/__/__/mesh/access/src/access.c.obj
                0x00027b74                access_element_vendor_model_count_get
 .text.access_model_id_get
                0x00027b98       0x24 examples/serial/CMakeFiles/serial_nrf52832_xxAA_s132_5.0.0.dir/__/__/mesh/access/src/access.c.obj
                0x00027b98                access_model_id_get
 .text.access_handle_get
                0x00027bbc       0x44 examples/serial/CMakeFiles/serial_nrf52832_xxAA_s132_5.0.0.dir/__/__/mesh/access/src/access.c.obj
                0x00027bbc                access_handle_get
 .text.access_element_models_get
                0x00027c00       0x4c examples/serial/CMakeFiles/serial_nrf52832_xxAA_s132_5.0.0.dir/__/__/mesh/access/src/access.c.obj
                0x00027c00                access_element_models_get
 .text.access_model_p_args_get
                0x00027c4c       0x20 examples/serial/CMakeFiles/serial_nrf52832_xxAA_s132_5.0.0.dir/__/__/mesh/access/src/access.c.obj
                0x00027c4c                access_model_p_args_get
 .text.remove_and_reschedule
                0x00027c6c       0xe8 examples/serial/CMakeFiles/serial_nrf52832_xxAA_s132_5.0.0.dir/__/__/mesh/access/src/access_reliable.c.obj
 .text.reliable_timer_cb
                0x00027d54      0x138 examples/serial/CMakeFiles/serial_nrf52832_xxAA_s132_5.0.0.dir/__/__/mesh/access/src/access_reliable.c.obj
 .text.access_reliable_message_rx_cb
                0x00027e8c       0x5c examples/serial/CMakeFiles/serial_nrf52832_xxAA_s132_5.0.0.dir/__/__/mesh/access/src/access_reliable.c.obj
                0x00027e8c                access_reliable_message_rx_cb
 .text.access_reliable_init
                0x00027ee8       0x1c examples/serial/CMakeFiles/serial_nrf52832_xxAA_s132_5.0.0.dir/__/__/mesh/access/src/access_reliable.c.obj
                0x00027ee8                access_reliable_init
 .text.access_reliable_cancel_all
                0x00027f04       0x34 examples/serial/CMakeFiles/serial_nrf52832_xxAA_s132_5.0.0.dir/__/__/mesh/access/src/access_reliable.c.obj
                0x00027f04                access_reliable_cancel_all
 .text.addr_nonvirtual_to_dsm_entry
                0x00027f38       0x48 examples/serial/CMakeFiles/serial_nrf52832_xxAA_s132_5.0.0.dir/__/__/mesh/access/src/device_state_manager.c.obj
 .text.addr_nonvirtual_to_flash_entry
                0x00027f80       0x10 examples/serial/CMakeFiles/serial_nrf52832_xxAA_s132_5.0.0.dir/__/__/mesh/access/src/device_state_manager.c.obj
 .text.flash_mem_listener_callback
                0x00027f90       0x28 examples/serial/CMakeFiles/serial_nrf52832_xxAA_s132_5.0.0.dir/__/__/mesh/access/src/device_state_manager.c.obj
 .text.devkey_to_flash_entry
                0x00027fb8       0x28 examples/serial/CMakeFiles/serial_nrf52832_xxAA_s132_5.0.0.dir/__/__/mesh/access/src/device_state_manager.c.obj
 .text.appkey_to_flash_entry
                0x00027fe0       0x28 examples/serial/CMakeFiles/serial_nrf52832_xxAA_s132_5.0.0.dir/__/__/mesh/access/src/device_state_manager.c.obj
 .text.subnet_to_flash_entry
                0x00028008       0x24 examples/serial/CMakeFiles/serial_nrf52832_xxAA_s132_5.0.0.dir/__/__/mesh/access/src/device_state_manager.c.obj
 .text.addr_virtual_to_flash_entry
                0x0002802c       0x18 examples/serial/CMakeFiles/serial_nrf52832_xxAA_s132_5.0.0.dir/__/__/mesh/access/src/device_state_manager.c.obj
 .text.addr_unicast_to_dsm_entry
                0x00028044        0xc examples/serial/CMakeFiles/serial_nrf52832_xxAA_s132_5.0.0.dir/__/__/mesh/access/src/device_state_manager.c.obj
 .text.addr_unicast_to_flash_entry
                0x00028050       0x10 examples/serial/CMakeFiles/serial_nrf52832_xxAA_s132_5.0.0.dir/__/__/mesh/access/src/device_state_manager.c.obj
 .text.subnet_set
                0x00028060       0xac examples/serial/CMakeFiles/serial_nrf52832_xxAA_s132_5.0.0.dir/__/__/mesh/access/src/device_state_manager.c.obj
 .text.flash_save
                0x0002810c       0xa8 examples/serial/CMakeFiles/serial_nrf52832_xxAA_s132_5.0.0.dir/__/__/mesh/access/src/device_state_manager.c.obj
 .text.reset_flash_area
                0x000281b4       0x28 examples/serial/CMakeFiles/serial_nrf52832_xxAA_s132_5.0.0.dir/__/__/mesh/access/src/device_state_manager.c.obj
 .text.build_flash_area
                0x000281dc       0x90 examples/serial/CMakeFiles/serial_nrf52832_xxAA_s132_5.0.0.dir/__/__/mesh/access/src/device_state_manager.c.obj
 .text.flash_invalidate_complete
                0x0002826c       0x5c examples/serial/CMakeFiles/serial_nrf52832_xxAA_s132_5.0.0.dir/__/__/mesh/access/src/device_state_manager.c.obj
 .text.devkey_to_dsm_entry
                0x000282c8       0x70 examples/serial/CMakeFiles/serial_nrf52832_xxAA_s132_5.0.0.dir/__/__/mesh/access/src/device_state_manager.c.obj
 .text.addr_virtual_to_dsm_entry
                0x00028338       0x6c examples/serial/CMakeFiles/serial_nrf52832_xxAA_s132_5.0.0.dir/__/__/mesh/access/src/device_state_manager.c.obj
 .text.flash_write_complete
                0x000283a4       0x5c examples/serial/CMakeFiles/serial_nrf52832_xxAA_s132_5.0.0.dir/__/__/mesh/access/src/device_state_manager.c.obj
 .text.appkey_to_dsm_entry
                0x00028400       0x94 examples/serial/CMakeFiles/serial_nrf52832_xxAA_s132_5.0.0.dir/__/__/mesh/access/src/device_state_manager.c.obj
 .text.flash_update_all
                0x00028494      0x144 examples/serial/CMakeFiles/serial_nrf52832_xxAA_s132_5.0.0.dir/__/__/mesh/access/src/device_state_manager.c.obj
 .text.flash_remove_complete
                0x000285d8       0x90 examples/serial/CMakeFiles/serial_nrf52832_xxAA_s132_5.0.0.dir/__/__/mesh/access/src/device_state_manager.c.obj
 .text.subnet_to_dsm_entry
                0x00028668       0xbc examples/serial/CMakeFiles/serial_nrf52832_xxAA_s132_5.0.0.dir/__/__/mesh/access/src/device_state_manager.c.obj
 .text.address_delete_if_unused
                0x00028724      0x100 examples/serial/CMakeFiles/serial_nrf52832_xxAA_s132_5.0.0.dir/__/__/mesh/access/src/device_state_manager.c.obj
 .text.dsm_init
                0x00028824       0xa8 examples/serial/CMakeFiles/serial_nrf52832_xxAA_s132_5.0.0.dir/__/__/mesh/access/src/device_state_manager.c.obj
                0x00028824                dsm_init
 .text.dsm_flash_area_get
                0x000288cc        0xc examples/serial/CMakeFiles/serial_nrf52832_xxAA_s132_5.0.0.dir/__/__/mesh/access/src/device_state_manager.c.obj
                0x000288cc                dsm_flash_area_get
 .text.dsm_clear
                0x000288d8      0x10c examples/serial/CMakeFiles/serial_nrf52832_xxAA_s132_5.0.0.dir/__/__/mesh/access/src/device_state_manager.c.obj
                0x000288d8                dsm_clear
 .text.dsm_local_unicast_addresses_set
                0x000289e4       0x78 examples/serial/CMakeFiles/serial_nrf52832_xxAA_s132_5.0.0.dir/__/__/mesh/access/src/device_state_manager.c.obj
                0x000289e4                dsm_local_unicast_addresses_set
 .text.dsm_local_unicast_addresses_get
                0x00028a5c       0x2c examples/serial/CMakeFiles/serial_nrf52832_xxAA_s132_5.0.0.dir/__/__/mesh/access/src/device_state_manager.c.obj
                0x00028a5c                dsm_local_unicast_addresses_get
 .text.dsm_address_publish_add
                0x00028a88      0x330 examples/serial/CMakeFiles/serial_nrf52832_xxAA_s132_5.0.0.dir/__/__/mesh/access/src/device_state_manager.c.obj
                0x00028a88                dsm_address_publish_add
 .text.dsm_address_publish_virtual_add
                0x00028db8      0x268 examples/serial/CMakeFiles/serial_nrf52832_xxAA_s132_5.0.0.dir/__/__/mesh/access/src/device_state_manager.c.obj
                0x00028db8                dsm_address_publish_virtual_add
 .text.dsm_address_publish_remove
                0x00029020       0xbc examples/serial/CMakeFiles/serial_nrf52832_xxAA_s132_5.0.0.dir/__/__/mesh/access/src/device_state_manager.c.obj
                0x00029020                dsm_address_publish_remove
 .text.dsm_address_subscription_add
                0x000290dc      0x31c examples/serial/CMakeFiles/serial_nrf52832_xxAA_s132_5.0.0.dir/__/__/mesh/access/src/device_state_manager.c.obj
                0x000290dc                dsm_address_subscription_add
 .text.dsm_address_subscription_virtual_add
                0x000293f8      0x268 examples/serial/CMakeFiles/serial_nrf52832_xxAA_s132_5.0.0.dir/__/__/mesh/access/src/device_state_manager.c.obj
                0x000293f8                dsm_address_subscription_virtual_add
 .text.dsm_address_subscription_get
                0x00029660       0x5c examples/serial/CMakeFiles/serial_nrf52832_xxAA_s132_5.0.0.dir/__/__/mesh/access/src/device_state_manager.c.obj
                0x00029660                dsm_address_subscription_get
 .text.dsm_address_subscription_remove
                0x000296bc       0x94 examples/serial/CMakeFiles/serial_nrf52832_xxAA_s132_5.0.0.dir/__/__/mesh/access/src/device_state_manager.c.obj
                0x000296bc                dsm_address_subscription_remove
 .text.dsm_address_get
                0x00029750       0x7c examples/serial/CMakeFiles/serial_nrf52832_xxAA_s132_5.0.0.dir/__/__/mesh/access/src/device_state_manager.c.obj
                0x00029750                dsm_address_get
 .text.dsm_address_get_all
                0x000297cc      0x258 examples/serial/CMakeFiles/serial_nrf52832_xxAA_s132_5.0.0.dir/__/__/mesh/access/src/device_state_manager.c.obj
                0x000297cc                dsm_address_get_all
 .text.dsm_address_handle_get
                0x00029a24      0x3cc examples/serial/CMakeFiles/serial_nrf52832_xxAA_s132_5.0.0.dir/__/__/mesh/access/src/device_state_manager.c.obj
                0x00029a24                dsm_address_handle_get
 .text.dsm_subnet_handle_get
                0x00029df0       0x2c examples/serial/CMakeFiles/serial_nrf52832_xxAA_s132_5.0.0.dir/__/__/mesh/access/src/device_state_manager.c.obj
                0x00029df0                dsm_subnet_handle_get
 .text.dsm_appkey_handle_get
                0x00029e1c       0x50 examples/serial/CMakeFiles/serial_nrf52832_xxAA_s132_5.0.0.dir/__/__/mesh/access/src/device_state_manager.c.obj
                0x00029e1c                dsm_appkey_handle_get
 .text.dsm_subnet_add
                0x00029e6c       0xfc examples/serial/CMakeFiles/serial_nrf52832_xxAA_s132_5.0.0.dir/__/__/mesh/access/src/device_state_manager.c.obj
                0x00029e6c                dsm_subnet_add
 .text.dsm_subnet_update
                0x00029f68       0x90 examples/serial/CMakeFiles/serial_nrf52832_xxAA_s132_5.0.0.dir/__/__/mesh/access/src/device_state_manager.c.obj
                0x00029f68                dsm_subnet_update
 .text.dsm_subnet_delete
                0x00029ff8      0x220 examples/serial/CMakeFiles/serial_nrf52832_xxAA_s132_5.0.0.dir/__/__/mesh/access/src/device_state_manager.c.obj
                0x00029ff8                dsm_subnet_delete
 .text.dsm_subnet_get_all
                0x0002a218       0x90 examples/serial/CMakeFiles/serial_nrf52832_xxAA_s132_5.0.0.dir/__/__/mesh/access/src/device_state_manager.c.obj
                0x0002a218                dsm_subnet_get_all
 .text.dsm_devkey_add
                0x0002a2a8      0x11c examples/serial/CMakeFiles/serial_nrf52832_xxAA_s132_5.0.0.dir/__/__/mesh/access/src/device_state_manager.c.obj
                0x0002a2a8                dsm_devkey_add
 .text.dsm_devkey_delete
                0x0002a3c4       0x80 examples/serial/CMakeFiles/serial_nrf52832_xxAA_s132_5.0.0.dir/__/__/mesh/access/src/device_state_manager.c.obj
                0x0002a3c4                dsm_devkey_delete
 .text.dsm_appkey_add
                0x0002a444      0x1cc examples/serial/CMakeFiles/serial_nrf52832_xxAA_s132_5.0.0.dir/__/__/mesh/access/src/device_state_manager.c.obj
                0x0002a444                dsm_appkey_add
 .text.dsm_appkey_update
                0x0002a610       0xf0 examples/serial/CMakeFiles/serial_nrf52832_xxAA_s132_5.0.0.dir/__/__/mesh/access/src/device_state_manager.c.obj
                0x0002a610                dsm_appkey_update
 .text.dsm_appkey_delete
                0x0002a700       0x68 examples/serial/CMakeFiles/serial_nrf52832_xxAA_s132_5.0.0.dir/__/__/mesh/access/src/device_state_manager.c.obj
                0x0002a700                dsm_appkey_delete
 .text.dsm_appkey_get_all
                0x0002a768      0x154 examples/serial/CMakeFiles/serial_nrf52832_xxAA_s132_5.0.0.dir/__/__/mesh/access/src/device_state_manager.c.obj
                0x0002a768                dsm_appkey_get_all
 .text.dsm_tx_secmat_get
                0x0002a8bc      0x120 examples/serial/CMakeFiles/serial_nrf52832_xxAA_s132_5.0.0.dir/__/__/mesh/access/src/device_state_manager.c.obj
                0x0002a8bc                dsm_tx_secmat_get
 .text.nrf_mesh_net_secmat_next_get
                0x0002a9dc       0xfc examples/serial/CMakeFiles/serial_nrf52832_xxAA_s132_5.0.0.dir/__/__/mesh/access/src/device_state_manager.c.obj
                0x0002a9dc                nrf_mesh_net_secmat_next_get
 .text.nrf_mesh_app_secmat_next_get
                0x0002aad8      0x24c examples/serial/CMakeFiles/serial_nrf52832_xxAA_s132_5.0.0.dir/__/__/mesh/access/src/device_state_manager.c.obj
                0x0002aad8                nrf_mesh_app_secmat_next_get
 .text.nrf_mesh_devkey_secmat_get
                0x0002ad24       0x58 examples/serial/CMakeFiles/serial_nrf52832_xxAA_s132_5.0.0.dir/__/__/mesh/access/src/device_state_manager.c.obj
                0x0002ad24                nrf_mesh_devkey_secmat_get
 .text.nrf_mesh_beacon_info_next_get
                0x0002ad7c      0x11c examples/serial/CMakeFiles/serial_nrf52832_xxAA_s132_5.0.0.dir/__/__/mesh/access/src/device_state_manager.c.obj
                0x0002ad7c                nrf_mesh_beacon_info_next_get
 .text.nrf_mesh_rx_address_get
                0x0002ae98      0x558 examples/serial/CMakeFiles/serial_nrf52832_xxAA_s132_5.0.0.dir/__/__/mesh/access/src/device_state_manager.c.obj
                0x0002ae98                nrf_mesh_rx_address_get
 .text.UARTE0_UART0_IRQHandler
                0x0002b3f0       0x74 examples/serial/CMakeFiles/serial_nrf52832_xxAA_s132_5.0.0.dir/__/__/mesh/serial/src/serial_uart.c.obj
                0x0002b3f0                UARTE0_UART0_IRQHandler
 .text.serial_uart_init
                0x0002b464       0xac examples/serial/CMakeFiles/serial_nrf52832_xxAA_s132_5.0.0.dir/__/__/mesh/serial/src/serial_uart.c.obj
                0x0002b464                serial_uart_init
 .text.serial_uart_process
                0x0002b510       0x74 examples/serial/CMakeFiles/serial_nrf52832_xxAA_s132_5.0.0.dir/__/__/mesh/serial/src/serial_uart.c.obj
                0x0002b510                serial_uart_process
 .text.serial_uart_receive_set
                0x0002b584        0xc examples/serial/CMakeFiles/serial_nrf52832_xxAA_s132_5.0.0.dir/__/__/mesh/serial/src/serial_uart.c.obj
                0x0002b584                serial_uart_receive_set
 .text.do_transmit
                0x0002b590       0x48 examples/serial/CMakeFiles/serial_nrf52832_xxAA_s132_5.0.0.dir/__/__/mesh/serial/src/serial_bearer.c.obj
 .text.char_tx  0x0002b5d8       0x94 examples/serial/CMakeFiles/serial_nrf52832_xxAA_s132_5.0.0.dir/__/__/mesh/serial/src/serial_bearer.c.obj
 .text.serial_bearer_init
                0x0002b66c       0x80 examples/serial/CMakeFiles/serial_nrf52832_xxAA_s132_5.0.0.dir/__/__/mesh/serial/src/serial_bearer.c.obj
                0x0002b66c                serial_bearer_init
 .text.serial_bearer_blocking_buffer_get
                0x0002b6ec       0x90 examples/serial/CMakeFiles/serial_nrf52832_xxAA_s132_5.0.0.dir/__/__/mesh/serial/src/serial_bearer.c.obj
                0x0002b6ec                serial_bearer_blocking_buffer_get
 .text.serial_bearer_tx
                0x0002b77c       0x70 examples/serial/CMakeFiles/serial_nrf52832_xxAA_s132_5.0.0.dir/__/__/mesh/serial/src/serial_bearer.c.obj
                0x0002b77c                serial_bearer_tx
 .text.char_rx  0x0002b7ec       0xd0 examples/serial/CMakeFiles/serial_nrf52832_xxAA_s132_5.0.0.dir/__/__/mesh/serial/src/serial_bearer.c.obj
 .text.serial_bearer_rx_get
                0x0002b8bc       0x3c examples/serial/CMakeFiles/serial_nrf52832_xxAA_s132_5.0.0.dir/__/__/mesh/serial/src/serial_bearer.c.obj
                0x0002b8bc                serial_bearer_rx_get
 .text.serial_handler_common_cmd_rsp_nodata_on_error
                0x0002b8f8       0x38 examples/serial/CMakeFiles/serial_nrf52832_xxAA_s132_5.0.0.dir/__/__/mesh/serial/src/serial_handler_common.c.obj
                0x0002b8f8                serial_handler_common_cmd_rsp_nodata_on_error
 .text.serial_handler_common_rx
                0x0002b930       0x60 examples/serial/CMakeFiles/serial_nrf52832_xxAA_s132_5.0.0.dir/__/__/mesh/serial/src/serial_handler_common.c.obj
                0x0002b930                serial_handler_common_rx
 .text.access_flash_store
                0x0002b990       0x18 examples/serial/CMakeFiles/serial_nrf52832_xxAA_s132_5.0.0.dir/__/__/mesh/serial/src/serial_handler_access.c.obj
 .text.elem_models_get
                0x0002b9a8       0x50 examples/serial/CMakeFiles/serial_nrf52832_xxAA_s132_5.0.0.dir/__/__/mesh/serial/src/serial_handler_access.c.obj
 .text.handle_get
                0x0002b9f8       0x20 examples/serial/CMakeFiles/serial_nrf52832_xxAA_s132_5.0.0.dir/__/__/mesh/serial/src/serial_handler_access.c.obj
 .text.model_id_get
                0x0002ba18       0x20 examples/serial/CMakeFiles/serial_nrf52832_xxAA_s132_5.0.0.dir/__/__/mesh/serial/src/serial_handler_access.c.obj
 .text.elem_vendor_model_cnt_get
                0x0002ba38       0x20 examples/serial/CMakeFiles/serial_nrf52832_xxAA_s132_5.0.0.dir/__/__/mesh/serial/src/serial_handler_access.c.obj
 .text.elem_sig_model_cnt_get
                0x0002ba58       0x20 examples/serial/CMakeFiles/serial_nrf52832_xxAA_s132_5.0.0.dir/__/__/mesh/serial/src/serial_handler_access.c.obj
 .text.elem_loc_get
                0x0002ba78       0x20 examples/serial/CMakeFiles/serial_nrf52832_xxAA_s132_5.0.0.dir/__/__/mesh/serial/src/serial_handler_access.c.obj
 .text.elem_loc_set
                0x0002ba98       0x24 examples/serial/CMakeFiles/serial_nrf52832_xxAA_s132_5.0.0.dir/__/__/mesh/serial/src/serial_handler_access.c.obj
 .text.model_pub_ttl_get
                0x0002babc       0x20 examples/serial/CMakeFiles/serial_nrf52832_xxAA_s132_5.0.0.dir/__/__/mesh/serial/src/serial_handler_access.c.obj
 .text.model_pub_ttl_set
                0x0002badc       0x24 examples/serial/CMakeFiles/serial_nrf52832_xxAA_s132_5.0.0.dir/__/__/mesh/serial/src/serial_handler_access.c.obj
 .text.model_pub_app_get
                0x0002bb00       0x20 examples/serial/CMakeFiles/serial_nrf52832_xxAA_s132_5.0.0.dir/__/__/mesh/serial/src/serial_handler_access.c.obj
 .text.model_pub_app_set
                0x0002bb20       0x24 examples/serial/CMakeFiles/serial_nrf52832_xxAA_s132_5.0.0.dir/__/__/mesh/serial/src/serial_handler_access.c.obj
 .text.model_app_get
                0x0002bb44       0x50 examples/serial/CMakeFiles/serial_nrf52832_xxAA_s132_5.0.0.dir/__/__/mesh/serial/src/serial_handler_access.c.obj
 .text.model_app_unbind
                0x0002bb94       0x24 examples/serial/CMakeFiles/serial_nrf52832_xxAA_s132_5.0.0.dir/__/__/mesh/serial/src/serial_handler_access.c.obj
 .text.model_app_bind
                0x0002bbb8       0x24 examples/serial/CMakeFiles/serial_nrf52832_xxAA_s132_5.0.0.dir/__/__/mesh/serial/src/serial_handler_access.c.obj
 .text.model_subs_get
                0x0002bbdc       0x50 examples/serial/CMakeFiles/serial_nrf52832_xxAA_s132_5.0.0.dir/__/__/mesh/serial/src/serial_handler_access.c.obj
 .text.model_subs_remove
                0x0002bc2c       0x24 examples/serial/CMakeFiles/serial_nrf52832_xxAA_s132_5.0.0.dir/__/__/mesh/serial/src/serial_handler_access.c.obj
 .text.model_subs_add
                0x0002bc50       0x24 examples/serial/CMakeFiles/serial_nrf52832_xxAA_s132_5.0.0.dir/__/__/mesh/serial/src/serial_handler_access.c.obj
 .text.model_pub_period_get
                0x0002bc74       0x24 examples/serial/CMakeFiles/serial_nrf52832_xxAA_s132_5.0.0.dir/__/__/mesh/serial/src/serial_handler_access.c.obj
 .text.model_pub_period_set
                0x0002bc98       0x24 examples/serial/CMakeFiles/serial_nrf52832_xxAA_s132_5.0.0.dir/__/__/mesh/serial/src/serial_handler_access.c.obj
 .text.model_pub_addr_get
                0x0002bcbc       0x20 examples/serial/CMakeFiles/serial_nrf52832_xxAA_s132_5.0.0.dir/__/__/mesh/serial/src/serial_handler_access.c.obj
 .text.model_pub_addr_set
                0x0002bcdc       0x24 examples/serial/CMakeFiles/serial_nrf52832_xxAA_s132_5.0.0.dir/__/__/mesh/serial/src/serial_handler_access.c.obj
 .text.serial_handler_access_rx
                0x0002bd00       0x30 examples/serial/CMakeFiles/serial_nrf52832_xxAA_s132_5.0.0.dir/__/__/mesh/serial/src/serial_handler_access.c.obj
                0x0002bd00                serial_handler_access_rx
 .text.serial_handler_config_rx
                0x0002bd30       0xf8 examples/serial/CMakeFiles/serial_nrf52832_xxAA_s132_5.0.0.dir/__/__/mesh/serial/src/serial_handler_config.c.obj
                0x0002bd30                serial_handler_config_rx
 .text.serial_handler_openmesh_rx
                0x0002be28       0x38 examples/serial/CMakeFiles/serial_nrf52832_xxAA_s132_5.0.0.dir/__/__/mesh/serial/src/serial_handler_openmesh.c.obj
                0x0002be28                serial_handler_openmesh_rx
 .text.serial_process_cmd
                0x0002be60      0x218 examples/serial/CMakeFiles/serial_nrf52832_xxAA_s132_5.0.0.dir/__/__/mesh/serial/src/serial.c.obj
 .text.serial_init
                0x0002c078       0x1c examples/serial/CMakeFiles/serial_nrf52832_xxAA_s132_5.0.0.dir/__/__/mesh/serial/src/serial.c.obj
                0x0002c078                serial_init
 .text.serial_start
                0x0002c094      0x134 examples/serial/CMakeFiles/serial_nrf52832_xxAA_s132_5.0.0.dir/__/__/mesh/serial/src/serial.c.obj
                0x0002c094                serial_start
 .text.serial_packet_buffer_get
                0x0002c1c8       0x14 examples/serial/CMakeFiles/serial_nrf52832_xxAA_s132_5.0.0.dir/__/__/mesh/serial/src/serial.c.obj
                0x0002c1c8                serial_packet_buffer_get
 .text.serial_tx
                0x0002c1dc       0x34 examples/serial/CMakeFiles/serial_nrf52832_xxAA_s132_5.0.0.dir/__/__/mesh/serial/src/serial.c.obj
                0x0002c1dc                serial_tx
 .text.serial_process
                0x0002c210       0x34 examples/serial/CMakeFiles/serial_nrf52832_xxAA_s132_5.0.0.dir/__/__/mesh/serial/src/serial.c.obj
                0x0002c210                serial_process
 .text.serial_translate_error
                0x0002c244       0x70 examples/serial/CMakeFiles/serial_nrf52832_xxAA_s132_5.0.0.dir/__/__/mesh/serial/src/serial.c.obj
                0x0002c244                serial_translate_error
 .text.serial_state_get
                0x0002c2b4        0xc examples/serial/CMakeFiles/serial_nrf52832_xxAA_s132_5.0.0.dir/__/__/mesh/serial/src/serial.c.obj
                0x0002c2b4                serial_state_get
 .text.serial_cmd_rsp_send
                0x0002c2c0       0x8c examples/serial/CMakeFiles/serial_nrf52832_xxAA_s132_5.0.0.dir/__/__/mesh/serial/src/serial.c.obj
                0x0002c2c0                serial_cmd_rsp_send
 .text.serial_handler_prov_evt_in
                0x0002c34c      0x3a8 examples/serial/CMakeFiles/serial_nrf52832_xxAA_s132_5.0.0.dir/__/__/mesh/serial/src/serial_handler_prov.c.obj
 .text.serial_handler_prov_init
                0x0002c6f4       0x98 examples/serial/CMakeFiles/serial_nrf52832_xxAA_s132_5.0.0.dir/__/__/mesh/serial/src/serial_handler_prov.c.obj
                0x0002c6f4                serial_handler_prov_init
 .text.serial_handler_prov_pkt_in
                0x0002c78c      0x264 examples/serial/CMakeFiles/serial_nrf52832_xxAA_s132_5.0.0.dir/__/__/mesh/serial/src/serial_handler_prov.c.obj
                0x0002c78c                serial_handler_prov_pkt_in
 .text.serial_handler_mesh_evt_handle
                0x0002c9f0      0x204 examples/serial/CMakeFiles/serial_nrf52832_xxAA_s132_5.0.0.dir/__/__/mesh/serial/src/serial_handler_dfu.c.obj
 .text.serial_handler_dfu_init
                0x0002cbf4       0x14 examples/serial/CMakeFiles/serial_nrf52832_xxAA_s132_5.0.0.dir/__/__/mesh/serial/src/serial_handler_dfu.c.obj
                0x0002cbf4                serial_handler_dfu_init
 .text.serial_handler_dfu_rx
                0x0002cc08      0x178 examples/serial/CMakeFiles/serial_nrf52832_xxAA_s132_5.0.0.dir/__/__/mesh/serial/src/serial_handler_dfu.c.obj
                0x0002cc08                serial_handler_dfu_rx
 .text.serial_handler_mesh_evt_handle
                0x0002cd80      0x168 examples/serial/CMakeFiles/serial_nrf52832_xxAA_s132_5.0.0.dir/__/__/mesh/serial/src/serial_handler_mesh.c.obj
 .text.handle_cmd_clear
                0x0002cee8       0x20 examples/serial/CMakeFiles/serial_nrf52832_xxAA_s132_5.0.0.dir/__/__/mesh/serial/src/serial_handler_mesh.c.obj
 .text.handle_cmd_packet_send
                0x0002cf08       0x90 examples/serial/CMakeFiles/serial_nrf52832_xxAA_s132_5.0.0.dir/__/__/mesh/serial/src/serial_handler_mesh.c.obj
 .text.handle_cmd_addr_virtual_count_max_get
                0x0002cf98       0x1c examples/serial/CMakeFiles/serial_nrf52832_xxAA_s132_5.0.0.dir/__/__/mesh/serial/src/serial_handler_mesh.c.obj
 .text.handle_cmd_addr_nonvirtual_count_max_get
                0x0002cfb4       0x1c examples/serial/CMakeFiles/serial_nrf52832_xxAA_s132_5.0.0.dir/__/__/mesh/serial/src/serial_handler_mesh.c.obj
 .text.handle_cmd_addr_local_unicast_get
                0x0002cfd0       0x24 examples/serial/CMakeFiles/serial_nrf52832_xxAA_s132_5.0.0.dir/__/__/mesh/serial/src/serial_handler_mesh.c.obj
 .text.handle_cmd_devkey_count_max_get
                0x0002cff4       0x1c examples/serial/CMakeFiles/serial_nrf52832_xxAA_s132_5.0.0.dir/__/__/mesh/serial/src/serial_handler_mesh.c.obj
 .text.handle_cmd_subnet_count_max_get
                0x0002d010       0x1c examples/serial/CMakeFiles/serial_nrf52832_xxAA_s132_5.0.0.dir/__/__/mesh/serial/src/serial_handler_mesh.c.obj
 .text.handle_cmd_addr_get_all
                0x0002d02c       0x28 examples/serial/CMakeFiles/serial_nrf52832_xxAA_s132_5.0.0.dir/__/__/mesh/serial/src/serial_handler_mesh.c.obj
 .text.handle_cmd_addr_get
                0x0002d054       0x64 examples/serial/CMakeFiles/serial_nrf52832_xxAA_s132_5.0.0.dir/__/__/mesh/serial/src/serial_handler_mesh.c.obj
 .text.handle_cmd_addr_publication_remove
                0x0002d0b8       0x28 examples/serial/CMakeFiles/serial_nrf52832_xxAA_s132_5.0.0.dir/__/__/mesh/serial/src/serial_handler_mesh.c.obj
 .text.handle_cmd_addr_publication_add_virtual
                0x0002d0e0       0x28 examples/serial/CMakeFiles/serial_nrf52832_xxAA_s132_5.0.0.dir/__/__/mesh/serial/src/serial_handler_mesh.c.obj
 .text.handle_cmd_addr_publication_add
                0x0002d108       0x28 examples/serial/CMakeFiles/serial_nrf52832_xxAA_s132_5.0.0.dir/__/__/mesh/serial/src/serial_handler_mesh.c.obj
 .text.handle_cmd_addr_subscription_remove
                0x0002d130       0x28 examples/serial/CMakeFiles/serial_nrf52832_xxAA_s132_5.0.0.dir/__/__/mesh/serial/src/serial_handler_mesh.c.obj
 .text.handle_cmd_addr_subscription_add_virtual
                0x0002d158       0x28 examples/serial/CMakeFiles/serial_nrf52832_xxAA_s132_5.0.0.dir/__/__/mesh/serial/src/serial_handler_mesh.c.obj
 .text.handle_cmd_addr_subscription_add
                0x0002d180       0x28 examples/serial/CMakeFiles/serial_nrf52832_xxAA_s132_5.0.0.dir/__/__/mesh/serial/src/serial_handler_mesh.c.obj
 .text.handle_cmd_addr_local_unicast_set
                0x0002d1a8       0x24 examples/serial/CMakeFiles/serial_nrf52832_xxAA_s132_5.0.0.dir/__/__/mesh/serial/src/serial_handler_mesh.c.obj
 .text.handle_cmd_devkey_delete
                0x0002d1cc       0x28 examples/serial/CMakeFiles/serial_nrf52832_xxAA_s132_5.0.0.dir/__/__/mesh/serial/src/serial_handler_mesh.c.obj
 .text.handle_cmd_devkey_add
                0x0002d1f4       0x24 examples/serial/CMakeFiles/serial_nrf52832_xxAA_s132_5.0.0.dir/__/__/mesh/serial/src/serial_handler_mesh.c.obj
 .text.handle_cmd_appkey_get_all
                0x0002d218       0x40 examples/serial/CMakeFiles/serial_nrf52832_xxAA_s132_5.0.0.dir/__/__/mesh/serial/src/serial_handler_mesh.c.obj
 .text.handle_cmd_appkey_delete
                0x0002d258       0x28 examples/serial/CMakeFiles/serial_nrf52832_xxAA_s132_5.0.0.dir/__/__/mesh/serial/src/serial_handler_mesh.c.obj
 .text.handle_cmd_appkey_update
                0x0002d280       0x2c examples/serial/CMakeFiles/serial_nrf52832_xxAA_s132_5.0.0.dir/__/__/mesh/serial/src/serial_handler_mesh.c.obj
 .text.handle_cmd_appkey_add
                0x0002d2ac       0x2c examples/serial/CMakeFiles/serial_nrf52832_xxAA_s132_5.0.0.dir/__/__/mesh/serial/src/serial_handler_mesh.c.obj
 .text.handle_cmd_subnet_get_all
                0x0002d2d8       0x38 examples/serial/CMakeFiles/serial_nrf52832_xxAA_s132_5.0.0.dir/__/__/mesh/serial/src/serial_handler_mesh.c.obj
 .text.handle_cmd_subnet_delete
                0x0002d310       0x28 examples/serial/CMakeFiles/serial_nrf52832_xxAA_s132_5.0.0.dir/__/__/mesh/serial/src/serial_handler_mesh.c.obj
 .text.handle_cmd_subnet_update
                0x0002d338       0x2c examples/serial/CMakeFiles/serial_nrf52832_xxAA_s132_5.0.0.dir/__/__/mesh/serial/src/serial_handler_mesh.c.obj
 .text.handle_cmd_subnet_add
                0x0002d364       0x2c examples/serial/CMakeFiles/serial_nrf52832_xxAA_s132_5.0.0.dir/__/__/mesh/serial/src/serial_handler_mesh.c.obj
 .text.handle_cmd_disable
                0x0002d390       0x18 examples/serial/CMakeFiles/serial_nrf52832_xxAA_s132_5.0.0.dir/__/__/mesh/serial/src/serial_handler_mesh.c.obj
 .text.handle_cmd_enable
                0x0002d3a8       0x18 examples/serial/CMakeFiles/serial_nrf52832_xxAA_s132_5.0.0.dir/__/__/mesh/serial/src/serial_handler_mesh.c.obj
 .text.handle_cmd_appkey_count_max_get
                0x0002d3c0       0x1c examples/serial/CMakeFiles/serial_nrf52832_xxAA_s132_5.0.0.dir/__/__/mesh/serial/src/serial_handler_mesh.c.obj
 .text.serial_handler_mesh_init
                0x0002d3dc       0x14 examples/serial/CMakeFiles/serial_nrf52832_xxAA_s132_5.0.0.dir/__/__/mesh/serial/src/serial_handler_mesh.c.obj
                0x0002d3dc                serial_handler_mesh_init
 .text.serial_handler_mesh_rx
                0x0002d3f0       0x8c examples/serial/CMakeFiles/serial_nrf52832_xxAA_s132_5.0.0.dir/__/__/mesh/serial/src/serial_handler_mesh.c.obj
                0x0002d3f0                serial_handler_mesh_rx
 .text.model_command
                0x0002d47c       0x74 examples/serial/CMakeFiles/serial_nrf52832_xxAA_s132_5.0.0.dir/__/__/mesh/serial/src/serial_handler_models.c.obj
 .text.models_get
                0x0002d4f0       0x48 examples/serial/CMakeFiles/serial_nrf52832_xxAA_s132_5.0.0.dir/__/__/mesh/serial/src/serial_handler_models.c.obj
 .text.model_init
                0x0002d538       0x50 examples/serial/CMakeFiles/serial_nrf52832_xxAA_s132_5.0.0.dir/__/__/mesh/serial/src/serial_handler_models.c.obj
 .text.serial_handler_models_rx
                0x0002d588       0x30 examples/serial/CMakeFiles/serial_nrf52832_xxAA_s132_5.0.0.dir/__/__/mesh/serial/src/serial_handler_models.c.obj
                0x0002d588                serial_handler_models_rx
 .text.handle_cmd_device_beacon_params_get
                0x0002d5b8       0xb0 examples/serial/CMakeFiles/serial_nrf52832_xxAA_s132_5.0.0.dir/__/__/mesh/serial/src/serial_handler_device.c.obj
 .text.handle_cmd_device_fw_info_get
                0x0002d668        0xc examples/serial/CMakeFiles/serial_nrf52832_xxAA_s132_5.0.0.dir/__/__/mesh/serial/src/serial_handler_device.c.obj
 .text.handle_cmd_device_serial_version_get
                0x0002d674       0x1c examples/serial/CMakeFiles/serial_nrf52832_xxAA_s132_5.0.0.dir/__/__/mesh/serial/src/serial_handler_device.c.obj
 .text.handle_cmd_device_beacon_params_set
                0x0002d690       0x8c examples/serial/CMakeFiles/serial_nrf52832_xxAA_s132_5.0.0.dir/__/__/mesh/serial/src/serial_handler_device.c.obj
 .text.handle_cmd_device_beacon_stop
                0x0002d71c       0x48 examples/serial/CMakeFiles/serial_nrf52832_xxAA_s132_5.0.0.dir/__/__/mesh/serial/src/serial_handler_device.c.obj
 .text.handle_cmd_device_beacon_start
                0x0002d764       0x70 examples/serial/CMakeFiles/serial_nrf52832_xxAA_s132_5.0.0.dir/__/__/mesh/serial/src/serial_handler_device.c.obj
 .text.handle_cmd_device_radio_reset
                0x0002d7d4       0x1c examples/serial/CMakeFiles/serial_nrf52832_xxAA_s132_5.0.0.dir/__/__/mesh/serial/src/serial_handler_device.c.obj
 .text.handle_cmd_device_internal_events_report
                0x0002d7f0       0x20 examples/serial/CMakeFiles/serial_nrf52832_xxAA_s132_5.0.0.dir/__/__/mesh/serial/src/serial_handler_device.c.obj
 .text.event_report_cb
                0x0002d810       0x5c examples/serial/CMakeFiles/serial_nrf52832_xxAA_s132_5.0.0.dir/__/__/mesh/serial/src/serial_handler_device.c.obj
 .text.handle_cmd_device_echo
                0x0002d86c       0x40 examples/serial/CMakeFiles/serial_nrf52832_xxAA_s132_5.0.0.dir/__/__/mesh/serial/src/serial_handler_device.c.obj
 .text.serial_handler_device_init
                0x0002d8ac       0x14 examples/serial/CMakeFiles/serial_nrf52832_xxAA_s132_5.0.0.dir/__/__/mesh/serial/src/serial_handler_device.c.obj
                0x0002d8ac                serial_handler_device_init
 .text.serial_handler_device_rx
                0x0002d8c0       0x30 examples/serial/CMakeFiles/serial_nrf52832_xxAA_s132_5.0.0.dir/__/__/mesh/serial/src/serial_handler_device.c.obj
                0x0002d8c0                serial_handler_device_rx
 .text.nrf_mesh_serial_init
                0x0002d8f0       0x3c examples/serial/CMakeFiles/serial_nrf52832_xxAA_s132_5.0.0.dir/__/__/mesh/serial/src/nrf_mesh_serial.c.obj
                0x0002d8f0                nrf_mesh_serial_init
 .text.nrf_mesh_serial_enable
                0x0002d92c        0x4 examples/serial/CMakeFiles/serial_nrf52832_xxAA_s132_5.0.0.dir/__/__/mesh/serial/src/nrf_mesh_serial.c.obj
                0x0002d92c                nrf_mesh_serial_enable
 .text.serial_handler_app_cb_set
                0x0002d930        0xc examples/serial/CMakeFiles/serial_nrf52832_xxAA_s132_5.0.0.dir/__/__/mesh/serial/src/serial_handler_app.c.obj
                0x0002d930                serial_handler_app_cb_set
 .text.serial_handler_app_rx
                0x0002d93c       0x30 examples/serial/CMakeFiles/serial_nrf52832_xxAA_s132_5.0.0.dir/__/__/mesh/serial/src/serial_handler_app.c.obj
                0x0002d93c                serial_handler_app_rx
 .text._weak_handler
                0x0002d96c        0x4 examples/serial/CMakeFiles/serial_nrf52832_xxAA_s132_5.0.0.dir/__/nrf_mesh_weak.c.obj
                0x0002d96c                nrf_mesh_dfu_init
                0x0002d96c                nrf_mesh_dfu_jump_to_bootloader
                0x0002d96c                nrf_mesh_dfu_rx
                0x0002d96c                nrf_mesh_dfu_bank_info_get
                0x0002d96c                nrf_mesh_dfu_request
                0x0002d96c                nrf_mesh_dfu_bank_flash
                0x0002d96c                _weak_handler
                0x0002d96c                nrf_mesh_dfu_relay
                0x0002d96c                nrf_mesh_dfu_abort
                0x0002d96c                mesh_flash_op_execute
                0x0002d96c                nrf_mesh_dfu_state_get
 .text.SystemInit
                0x0002d970      0x390 examples/serial/CMakeFiles/serial_nrf52832_xxAA_s132_5.0.0.dir/__/__/external/nRF5_SDK_14.0.0_3bcc1f7/components/toolchain/system_nrf52.c.obj
                0x0002d970                SystemInit
 .text          0x0002dd00       0x3c examples/serial/CMakeFiles/serial_nrf52832_xxAA_s132_5.0.0.dir/__/__/external/nRF5_SDK_14.0.0_3bcc1f7/components/toolchain/gcc/gcc_startup_nrf52.S.obj
                0x0002dd00                Reset_Handler
                0x0002dd28                NMI_Handler
                0x0002dd2c                MemoryManagement_Handler
                0x0002dd2e                BusFault_Handler
                0x0002dd30                UsageFault_Handler
                0x0002dd32                SVC_Handler
                0x0002dd34                DebugMon_Handler
                0x0002dd36                PendSV_Handler
                0x0002dd38                SysTick_Handler
                0x0002dd3a                POWER_CLOCK_IRQHandler
                0x0002dd3a                RADIO_IRQHandler
                0x0002dd3a                PDM_IRQHandler
                0x0002dd3a                RTC0_IRQHandler
                0x0002dd3a                TIMER3_IRQHandler
                0x0002dd3a                FPU_IRQHandler
                0x0002dd3a                SPIM0_SPIS0_TWIM0_TWIS0_SPI0_TWI0_IRQHandler
                0x0002dd3a                GPIOTE_IRQHandler
                0x0002dd3a                TEMP_IRQHandler
                0x0002dd3a                I2S_IRQHandler
                0x0002dd3a                SWI4_EGU4_IRQHandler
                0x0002dd3a                TIMER0_IRQHandler
                0x0002dd3a                PWM1_IRQHandler
                0x0002dd3a                TIMER1_IRQHandler
                0x0002dd3a                PWM2_IRQHandler
                0x0002dd3a                ECB_IRQHandler
                0x0002dd3a                SPIM1_SPIS1_TWIM1_TWIS1_SPI1_TWI1_IRQHandler
                0x0002dd3a                Default_Handler
                0x0002dd3a                SAADC_IRQHandler
                0x0002dd3a                CCM_AAR_IRQHandler
                0x0002dd3a                WDT_IRQHandler
                0x0002dd3a                TIMER4_IRQHandler
                0x0002dd3a                SWI5_EGU5_IRQHandler
                0x0002dd3a                RNG_IRQHandler
                0x0002dd3a                RTC2_IRQHandler
                0x0002dd3a                PWM0_IRQHandler
                0x0002dd3a                SWI3_EGU3_IRQHandler
                0x0002dd3a                RTC1_IRQHandler
                0x0002dd3a                SWI1_EGU1_IRQHandler
                0x0002dd3a                SPIM2_SPIS2_SPI2_IRQHandler
                0x0002dd3a                NFCT_IRQHandler
                0x0002dd3a                SWI0_EGU0_IRQHandler
                0x0002dd3a                MWU_IRQHandler
                0x0002dd3a                TIMER2_IRQHandler
                0x0002dd3a                COMP_LPCOMP_IRQHandler
 .text.internal_event_init
                0x0002dd3c       0x48 mesh/core/libmesh_core_nrf52832_xxAA.a(internal_event.c.obj)
                0x0002dd3c                internal_event_init
 .text.internal_event_push
                0x0002dd84       0x28 mesh/core/libmesh_core_nrf52832_xxAA.a(internal_event.c.obj)
                0x0002dd84                internal_event_push
 .text.nrf_mesh_configure_device_uuid_set
                0x0002ddac       0x10 mesh/core/libmesh_core_nrf52832_xxAA.a(nrf_mesh_configure.c.obj)
                0x0002ddac                nrf_mesh_configure_device_uuid_set
 .text.nrf_mesh_configure_device_uuid_reset
                0x0002ddbc       0x2c mesh/core/libmesh_core_nrf52832_xxAA.a(nrf_mesh_configure.c.obj)
                0x0002ddbc                nrf_mesh_configure_device_uuid_reset
 .text.nrf_mesh_configure_device_uuid_get
                0x0002dde8        0x8 mesh/core/libmesh_core_nrf52832_xxAA.a(nrf_mesh_configure.c.obj)
                0x0002dde8                nrf_mesh_configure_device_uuid_get
 .text.event_handle
                0x0002ddf0       0x34 mesh/core/libmesh_core_nrf52832_xxAA.a(event.c.obj)
                0x0002ddf0                event_handle
 .text.event_handler_add
                0x0002de24       0x90 mesh/core/libmesh_core_nrf52832_xxAA.a(event.c.obj)
                0x0002de24                event_handler_add
 .text.packet_buffer_max_packet_len_get
                0x0002deb4       0x3c mesh/core/libmesh_core_nrf52832_xxAA.a(packet_buffer.c.obj)
                0x0002deb4                packet_buffer_max_packet_len_get
 .text.packet_buffer_init
                0x0002def0       0xec mesh/core/libmesh_core_nrf52832_xxAA.a(packet_buffer.c.obj)
                0x0002def0                packet_buffer_init
 .text.packet_buffer_flush
                0x0002dfdc       0xd4 mesh/core/libmesh_core_nrf52832_xxAA.a(packet_buffer.c.obj)
                0x0002dfdc                packet_buffer_flush
 .text.packet_buffer_reserve
                0x0002e0b0      0x150 mesh/core/libmesh_core_nrf52832_xxAA.a(packet_buffer.c.obj)
                0x0002e0b0                packet_buffer_reserve
 .text.packet_buffer_commit
                0x0002e200      0x144 mesh/core/libmesh_core_nrf52832_xxAA.a(packet_buffer.c.obj)
                0x0002e200                packet_buffer_commit
 .text.packet_buffer_pop
                0x0002e344       0xc8 mesh/core/libmesh_core_nrf52832_xxAA.a(packet_buffer.c.obj)
                0x0002e344                packet_buffer_pop
 .text.packet_buffer_can_pop
                0x0002e40c       0x84 mesh/core/libmesh_core_nrf52832_xxAA.a(packet_buffer.c.obj)
                0x0002e40c                packet_buffer_can_pop
 .text.packet_buffer_packets_ready_to_pop
                0x0002e490       0xb4 mesh/core/libmesh_core_nrf52832_xxAA.a(packet_buffer.c.obj)
                0x0002e490                packet_buffer_packets_ready_to_pop
 .text.packet_buffer_free
                0x0002e544       0xf0 mesh/core/libmesh_core_nrf52832_xxAA.a(packet_buffer.c.obj)
                0x0002e544                packet_buffer_free
 .text.fifo_init
                0x0002e634       0x5c mesh/core/libmesh_core_nrf52832_xxAA.a(fifo.c.obj)
                0x0002e634                fifo_init
 .text.fifo_push
                0x0002e690       0x54 mesh/core/libmesh_core_nrf52832_xxAA.a(fifo.c.obj)
                0x0002e690                fifo_push
 .text.fifo_pop
                0x0002e6e4       0x58 mesh/core/libmesh_core_nrf52832_xxAA.a(fifo.c.obj)
                0x0002e6e4                fifo_pop
 .text.flash_mem_available
                0x0002e73c       0x28 mesh/core/libmesh_core_nrf52832_xxAA.a(net_state.c.obj)
 .text.flash_store_iv_index
                0x0002e764       0x38 mesh/core/libmesh_core_nrf52832_xxAA.a(net_state.c.obj)
 .text.init_flash_storage
                0x0002e79c       0x44 mesh/core/libmesh_core_nrf52832_xxAA.a(net_state.c.obj)
 .text.net_state_reset
                0x0002e7e0       0x3c mesh/core/libmesh_core_nrf52832_xxAA.a(net_state.c.obj)
                0x0002e7e0                net_state_reset
 .text.flash_write_complete
                0x0002e81c       0x7c mesh/core/libmesh_core_nrf52832_xxAA.a(net_state.c.obj)
 .text.seqnum_block_allocate
                0x0002e898       0x4c mesh/core/libmesh_core_nrf52832_xxAA.a(net_state.c.obj)
 .text.iv_update_trigger_if_pending
                0x0002e8e4      0x17c mesh/core/libmesh_core_nrf52832_xxAA.a(net_state.c.obj)
 .text.iv_update_timer_handler
                0x0002ea60       0x80 mesh/core/libmesh_core_nrf52832_xxAA.a(net_state.c.obj)
 .text.net_state_recover_from_flash
                0x0002eae0      0x10c mesh/core/libmesh_core_nrf52832_xxAA.a(net_state.c.obj)
                0x0002eae0                net_state_recover_from_flash
 .text.net_state_flash_area_get
                0x0002ebec        0xc mesh/core/libmesh_core_nrf52832_xxAA.a(net_state.c.obj)
                0x0002ebec                net_state_flash_area_get
 .text.net_state_init
                0x0002ebf8       0x80 mesh/core/libmesh_core_nrf52832_xxAA.a(net_state.c.obj)
                0x0002ebf8                net_state_init
 .text.net_state_seqnum_alloc
                0x0002ec78       0xd4 mesh/core/libmesh_core_nrf52832_xxAA.a(net_state.c.obj)
                0x0002ec78                net_state_seqnum_alloc
 .text.net_state_iv_index_lock
                0x0002ed4c       0x50 mesh/core/libmesh_core_nrf52832_xxAA.a(net_state.c.obj)
                0x0002ed4c                net_state_iv_index_lock
 .text.net_state_beacon_received
                0x0002ed9c       0xec mesh/core/libmesh_core_nrf52832_xxAA.a(net_state.c.obj)
                0x0002ed9c                net_state_beacon_received
 .text.net_state_beacon_iv_index_get
                0x0002ee88        0xc mesh/core/libmesh_core_nrf52832_xxAA.a(net_state.c.obj)
                0x0002ee88                net_state_beacon_iv_index_get
 .text.net_state_tx_iv_index_get
                0x0002ee94       0x14 mesh/core/libmesh_core_nrf52832_xxAA.a(net_state.c.obj)
                0x0002ee94                net_state_tx_iv_index_get
 .text.net_state_rx_iv_index_get
                0x0002eea8       0x18 mesh/core/libmesh_core_nrf52832_xxAA.a(net_state.c.obj)
                0x0002eea8                net_state_rx_iv_index_get
 .text.net_state_iv_update_get
                0x0002eec0        0xc mesh/core/libmesh_core_nrf52832_xxAA.a(net_state.c.obj)
                0x0002eec0                net_state_iv_update_get
 .text.nrf_mesh_address_type_get
                0x0002eecc       0x10 mesh/core/libmesh_core_nrf52832_xxAA.a(nrf_mesh_utils.c.obj)
                0x0002eecc                nrf_mesh_address_type_get
 .text.sd_softdevice_is_enabled
                0x0002eedc        0x4 mesh/core/libmesh_core_nrf52832_xxAA.a(nrf_mesh.c.obj)
 .text.nrf_mesh_init
                0x0002eee0       0xb8 mesh/core/libmesh_core_nrf52832_xxAA.a(nrf_mesh.c.obj)
                0x0002eee0                nrf_mesh_init
 .text.nrf_mesh_enable
                0x0002ef98       0x50 mesh/core/libmesh_core_nrf52832_xxAA.a(nrf_mesh.c.obj)
                0x0002ef98                nrf_mesh_enable
 .text.nrf_mesh_disable
                0x0002efe8       0x2c mesh/core/libmesh_core_nrf52832_xxAA.a(nrf_mesh.c.obj)
                0x0002efe8                nrf_mesh_disable
 .text.nrf_mesh_packet_send
                0x0002f014        0x4 mesh/core/libmesh_core_nrf52832_xxAA.a(nrf_mesh.c.obj)
                0x0002f014                nrf_mesh_packet_send
 .text.nrf_mesh_process
                0x0002f018      0x21c mesh/core/libmesh_core_nrf52832_xxAA.a(nrf_mesh.c.obj)
                0x0002f018                nrf_mesh_process
 .text.nrf_mesh_on_ble_evt
                0x0002f234        0x4 mesh/core/libmesh_core_nrf52832_xxAA.a(nrf_mesh.c.obj)
                0x0002f234                nrf_mesh_on_ble_evt
 .text.nrf_mesh_on_sd_evt
                0x0002f238        0xc mesh/core/libmesh_core_nrf52832_xxAA.a(nrf_mesh.c.obj)
                0x0002f238                nrf_mesh_on_sd_evt
 .text.nrf_mesh_evt_handler_add
                0x0002f244        0x4 mesh/core/libmesh_core_nrf52832_xxAA.a(nrf_mesh.c.obj)
                0x0002f244                nrf_mesh_evt_handler_add
 .text.sd_power_reset_reason_clr
                0x0002f248        0x4 mesh/core/libmesh_core_nrf52832_xxAA.a(hal.c.obj)
 .text.sd_power_gpregret_set
                0x0002f24c        0x4 mesh/core/libmesh_core_nrf52832_xxAA.a(hal.c.obj)
 .text.hal_device_reset
                0x0002f250       0x38 mesh/core/libmesh_core_nrf52832_xxAA.a(hal.c.obj)
                0x0002f250                hal_device_reset
 .text.hal_lfclk_ppm_get
                0x0002f288       0x14 mesh/core/libmesh_core_nrf52832_xxAA.a(hal.c.obj)
                0x0002f288                hal_lfclk_ppm_get
 .text.timer_cb
                0x0002f29c        0xc mesh/core/libmesh_core_nrf52832_xxAA.a(timer_scheduler.c.obj)
 .text.add_evt.constprop.0
                0x0002f2a8       0x78 mesh/core/libmesh_core_nrf52832_xxAA.a(timer_scheduler.c.obj)
 .text.flag_event_cb
                0x0002f320      0x2e4 mesh/core/libmesh_core_nrf52832_xxAA.a(timer_scheduler.c.obj)
 .text.timer_sch_init
                0x0002f604       0x24 mesh/core/libmesh_core_nrf52832_xxAA.a(timer_scheduler.c.obj)
                0x0002f604                timer_sch_init
 .text.timer_sch_schedule
                0x0002f628       0x84 mesh/core/libmesh_core_nrf52832_xxAA.a(timer_scheduler.c.obj)
                0x0002f628                timer_sch_schedule
 .text.timer_sch_abort
                0x0002f6ac       0x68 mesh/core/libmesh_core_nrf52832_xxAA.a(timer_scheduler.c.obj)
                0x0002f6ac                timer_sch_abort
 .text.timer_sch_reschedule
                0x0002f714       0xa4 mesh/core/libmesh_core_nrf52832_xxAA.a(timer_scheduler.c.obj)
                0x0002f714                timer_sch_reschedule
 .text.timer_event_handler
                0x0002f7b8       0xd8 mesh/core/libmesh_core_nrf52832_xxAA.a(timer.c.obj)
                0x0002f7b8                timer_event_handler
 .text.timer_order_cb
                0x0002f890       0x98 mesh/core/libmesh_core_nrf52832_xxAA.a(timer.c.obj)
                0x0002f890                timer_order_cb
 .text.timer_now
                0x0002f928       0x58 mesh/core/libmesh_core_nrf52832_xxAA.a(timer.c.obj)
                0x0002f928                timer_now
 .text.timer_on_ts_begin
                0x0002f980      0x110 mesh/core/libmesh_core_nrf52832_xxAA.a(timer.c.obj)
                0x0002f980                timer_on_ts_begin
 .text.timer_on_ts_end
                0x0002fa90       0x78 mesh/core/libmesh_core_nrf52832_xxAA.a(timer.c.obj)
                0x0002fa90                timer_on_ts_end
 .text.timer_cb
                0x0002fb08       0x10 mesh/core/libmesh_core_nrf52832_xxAA.a(ticker.c.obj)
 .text.ticker_init
                0x0002fb18       0x3c mesh/core/libmesh_core_nrf52832_xxAA.a(ticker.c.obj)
                0x0002fb18                ticker_init
 .text.sd_rand_application_bytes_available_get
                0x0002fb54        0x4 mesh/core/libmesh_core_nrf52832_xxAA.a(rand.c.obj)
 .text.sd_rand_application_vector_get
                0x0002fb58        0x4 mesh/core/libmesh_core_nrf52832_xxAA.a(rand.c.obj)
 .text.rand_prng_seed
                0x0002fb5c       0x6c mesh/core/libmesh_core_nrf52832_xxAA.a(rand.c.obj)
                0x0002fb5c                rand_prng_seed
 .text.rand_prng_get
                0x0002fbc8       0x28 mesh/core/libmesh_core_nrf52832_xxAA.a(rand.c.obj)
                0x0002fbc8                rand_prng_get
 .text.rand_hw_rng_get
                0x0002fbf0       0x58 mesh/core/libmesh_core_nrf52832_xxAA.a(rand.c.obj)
                0x0002fbf0                rand_hw_rng_get
 .text.nrf_mesh_opt_set
                0x0002fc48       0x28 mesh/core/libmesh_core_nrf52832_xxAA.a(nrf_mesh_opt.c.obj)
                0x0002fc48                nrf_mesh_opt_set
 .text.sd_radio_session_open
                0x0002fc70        0x4 mesh/core/libmesh_core_nrf52832_xxAA.a(timeslot.c.obj)
 .text.sd_radio_session_close
                0x0002fc74        0x4 mesh/core/libmesh_core_nrf52832_xxAA.a(timeslot.c.obj)
 .text.sd_radio_request
                0x0002fc78        0x4 mesh/core/libmesh_core_nrf52832_xxAA.a(timeslot.c.obj)
 .text.end_timer_handler
                0x0002fc7c       0x2c mesh/core/libmesh_core_nrf52832_xxAA.a(timeslot.c.obj)
 .text.radio_signal_callback
                0x0002fca8      0x324 mesh/core/libmesh_core_nrf52832_xxAA.a(timeslot.c.obj)
 .text.timeslot_sd_event_handler
                0x0002ffcc       0x50 mesh/core/libmesh_core_nrf52832_xxAA.a(timeslot.c.obj)
                0x0002ffcc                timeslot_sd_event_handler
 .text.timeslot_init
                0x0003001c       0x4c mesh/core/libmesh_core_nrf52832_xxAA.a(timeslot.c.obj)
                0x0003001c                timeslot_init
 .text.timeslot_start
                0x00030068       0x20 mesh/core/libmesh_core_nrf52832_xxAA.a(timeslot.c.obj)
                0x00030068                timeslot_start
 .text.timeslot_stop
                0x00030088       0x30 mesh/core/libmesh_core_nrf52832_xxAA.a(timeslot.c.obj)
                0x00030088                timeslot_stop
 .text.timeslot_state_lock
                0x000300b8       0x44 mesh/core/libmesh_core_nrf52832_xxAA.a(timeslot.c.obj)
                0x000300b8                timeslot_state_lock
 .text.timeslot_end_is_pending
                0x000300fc       0x24 mesh/core/libmesh_core_nrf52832_xxAA.a(timeslot.c.obj)
                0x000300fc                timeslot_end_is_pending
 .text.timeslot_start_time_get
                0x00030120        0xc mesh/core/libmesh_core_nrf52832_xxAA.a(timeslot.c.obj)
                0x00030120                timeslot_start_time_get
 .text.timeslot_remaining_time_get
                0x0003012c       0x40 mesh/core/libmesh_core_nrf52832_xxAA.a(timeslot.c.obj)
                0x0003012c                timeslot_remaining_time_get
 .text.timeslot_is_in_cb
                0x0003016c        0xc mesh/core/libmesh_core_nrf52832_xxAA.a(timeslot.c.obj)
                0x0003016c                timeslot_is_in_cb
 .text.timeslot_trigger
                0x00030178       0x24 mesh/core/libmesh_core_nrf52832_xxAA.a(timeslot.c.obj)
                0x00030178                timeslot_trigger
 .text.QDEC_IRQHandler
                0x0003019c       0xe0 mesh/core/libmesh_core_nrf52832_xxAA.a(bearer_event.c.obj)
                0x0003019c                QDEC_IRQHandler
 .text.bearer_event_init
                0x0003027c       0x3c mesh/core/libmesh_core_nrf52832_xxAA.a(bearer_event.c.obj)
                0x0003027c                bearer_event_init
 .text.bearer_event_generic_post
                0x000302b8       0x50 mesh/core/libmesh_core_nrf52832_xxAA.a(bearer_event.c.obj)
                0x000302b8                bearer_event_generic_post
 .text.bearer_event_timer_post
                0x00030308       0x50 mesh/core/libmesh_core_nrf52832_xxAA.a(bearer_event.c.obj)
                0x00030308                bearer_event_timer_post
 .text.bearer_event_critical_section_begin
                0x00030358       0x44 mesh/core/libmesh_core_nrf52832_xxAA.a(bearer_event.c.obj)
                0x00030358                bearer_event_critical_section_begin
 .text.bearer_event_critical_section_end
                0x0003039c       0x44 mesh/core/libmesh_core_nrf52832_xxAA.a(bearer_event.c.obj)
                0x0003039c                bearer_event_critical_section_end
 .text.bearer_event_flag_add
                0x000303e0       0x50 mesh/core/libmesh_core_nrf52832_xxAA.a(bearer_event.c.obj)
                0x000303e0                bearer_event_flag_add
 .text.bearer_event_flag_set
                0x00030430       0x58 mesh/core/libmesh_core_nrf52832_xxAA.a(bearer_event.c.obj)
                0x00030430                bearer_event_flag_set
 .text.bearer_event_sequential_add
                0x00030488       0x48 mesh/core/libmesh_core_nrf52832_xxAA.a(bearer_event.c.obj)
                0x00030488                bearer_event_sequential_add
 .text.bearer_event_sequential_post
                0x000304d0       0x6c mesh/core/libmesh_core_nrf52832_xxAA.a(bearer_event.c.obj)
                0x000304d0                bearer_event_sequential_post
 .text.bearer_event_sequential_pending
                0x0003053c       0x20 mesh/core/libmesh_core_nrf52832_xxAA.a(bearer_event.c.obj)
                0x0003053c                bearer_event_sequential_pending
 .text.enc_aes_encrypt
                0x0003055c        0x4 mesh/core/libmesh_core_nrf52832_xxAA.a(enc.c.obj)
                0x0003055c                enc_aes_encrypt
 .text.enc_aes_cmac
                0x00030560        0x4 mesh/core/libmesh_core_nrf52832_xxAA.a(enc.c.obj)
                0x00030560                enc_aes_cmac
 .text.enc_aes_ccm_encrypt
                0x00030564        0x4 mesh/core/libmesh_core_nrf52832_xxAA.a(enc.c.obj)
                0x00030564                enc_aes_ccm_encrypt
 .text.enc_aes_ccm_decrypt
                0x00030568        0x4 mesh/core/libmesh_core_nrf52832_xxAA.a(enc.c.obj)
                0x00030568                enc_aes_ccm_decrypt
 .text.enc_nonce_generate
                0x0003056c       0xc4 mesh/core/libmesh_core_nrf52832_xxAA.a(enc.c.obj)
                0x0003056c                enc_nonce_generate
 .text.enc_s1   0x00030630       0x40 mesh/core/libmesh_core_nrf52832_xxAA.a(enc.c.obj)
                0x00030630                enc_s1
 .text.enc_k1   0x00030670       0x50 mesh/core/libmesh_core_nrf52832_xxAA.a(enc.c.obj)
                0x00030670                enc_k1
 .text.enc_k2   0x000306c0       0xec mesh/core/libmesh_core_nrf52832_xxAA.a(enc.c.obj)
                0x000306c0                enc_k2
 .text.enc_k3   0x000307ac       0x74 mesh/core/libmesh_core_nrf52832_xxAA.a(enc.c.obj)
                0x000307ac                enc_k3
 .text.enc_k4   0x00030820       0x6c mesh/core/libmesh_core_nrf52832_xxAA.a(enc.c.obj)
                0x00030820                enc_k4
 .text.network_init
                0x0003088c       0x28 mesh/core/libmesh_core_nrf52832_xxAA.a(network.c.obj)
                0x0003088c                network_init
 .text.network_opt_set
                0x000308b4       0x58 mesh/core/libmesh_core_nrf52832_xxAA.a(network.c.obj)
                0x000308b4                network_opt_set
 .text.network_packet_alloc
                0x0003090c      0x1a4 mesh/core/libmesh_core_nrf52832_xxAA.a(network.c.obj)
                0x0003090c                network_packet_alloc
 .text.network_packet_send
                0x00030ab0      0x1ec mesh/core/libmesh_core_nrf52832_xxAA.a(network.c.obj)
                0x00030ab0                network_packet_send
 .text.network_packet_in
                0x00030c9c      0x6c8 mesh/core/libmesh_core_nrf52832_xxAA.a(network.c.obj)
                0x00030c9c                network_packet_in
 .text.nrf_mesh_keygen_aid
                0x00031364       0x18 mesh/core/libmesh_core_nrf52832_xxAA.a(nrf_mesh_keygen.c.obj)
                0x00031364                nrf_mesh_keygen_aid
 .text.nrf_mesh_keygen_network_secmat
                0x0003137c       0x24 mesh/core/libmesh_core_nrf52832_xxAA.a(nrf_mesh_keygen.c.obj)
                0x0003137c                nrf_mesh_keygen_network_secmat
 .text.nrf_mesh_keygen_beacon_secmat
                0x000313a0       0x50 mesh/core/libmesh_core_nrf52832_xxAA.a(nrf_mesh_keygen.c.obj)
                0x000313a0                nrf_mesh_keygen_beacon_secmat
 .text.nrf_mesh_keygen_virtual_address
                0x000313f0       0x50 mesh/core/libmesh_core_nrf52832_xxAA.a(nrf_mesh_keygen.c.obj)
                0x000313f0                nrf_mesh_keygen_virtual_address
 .text.log_callback_rtt
                0x00031440       0x2c mesh/core/libmesh_core_nrf52832_xxAA.a(log.c.obj)
                0x00031440                log_callback_rtt
 .text.log_init
                0x0003146c       0x20 mesh/core/libmesh_core_nrf52832_xxAA.a(log.c.obj)
                0x0003146c                log_init
 .text.log_printf
                0x0003148c       0x20 mesh/core/libmesh_core_nrf52832_xxAA.a(log.c.obj)
                0x0003148c                log_printf
 .text.process_action_queue
                0x000314ac      0x834 mesh/core/libmesh_core_nrf52832_xxAA.a(flash_manager.c.obj)
 .text.flash_op_ended_callback
                0x00031ce0       0x24 mesh/core/libmesh_core_nrf52832_xxAA.a(flash_manager.c.obj)
 .text.flash_manager_init
                0x00031d04       0x68 mesh/core/libmesh_core_nrf52832_xxAA.a(flash_manager.c.obj)
                0x00031d04                flash_manager_init
 .text.flash_manager_remove
                0x00031d6c       0x78 mesh/core/libmesh_core_nrf52832_xxAA.a(flash_manager.c.obj)
                0x00031d6c                flash_manager_remove
 .text.flash_manager_entry_next_get
                0x00031de4      0x15c mesh/core/libmesh_core_nrf52832_xxAA.a(flash_manager.c.obj)
                0x00031de4                flash_manager_entry_next_get
 .text.flash_manager_entry_alloc
                0x00031f40       0x9c mesh/core/libmesh_core_nrf52832_xxAA.a(flash_manager.c.obj)
                0x00031f40                flash_manager_entry_alloc
 .text.flash_manager_entry_commit
                0x00031fdc       0x6c mesh/core/libmesh_core_nrf52832_xxAA.a(flash_manager.c.obj)
                0x00031fdc                flash_manager_entry_commit
 .text.flash_manager_entry_invalidate
                0x00032048       0xb8 mesh/core/libmesh_core_nrf52832_xxAA.a(flash_manager.c.obj)
                0x00032048                flash_manager_entry_invalidate
 .text.flash_manager_add
                0x00032100      0x474 mesh/core/libmesh_core_nrf52832_xxAA.a(flash_manager.c.obj)
                0x00032100                flash_manager_add
 .text.flash_manager_mem_listener_register
                0x00032574       0x50 mesh/core/libmesh_core_nrf52832_xxAA.a(flash_manager.c.obj)
                0x00032574                flash_manager_mem_listener_register
 .text.flash_manager_is_stable
                0x000325c4       0x20 mesh/core/libmesh_core_nrf52832_xxAA.a(flash_manager.c.obj)
                0x000325c4                flash_manager_is_stable
 .text.flash_manager_on_defrag_end
                0x000325e4       0x64 mesh/core/libmesh_core_nrf52832_xxAA.a(flash_manager.c.obj)
                0x000325e4                flash_manager_on_defrag_end
 .text.flash_manager_recovery_page_get
                0x00032648        0x4 mesh/core/libmesh_core_nrf52832_xxAA.a(flash_manager.c.obj)
                0x00032648                flash_manager_recovery_page_get
 .text.ccm_soft_crypt.constprop.0
                0x0003264c      0x298 mesh/core/libmesh_core_nrf52832_xxAA.a(ccm_soft.c.obj)
 .text.ccm_soft_authenticate
                0x000328e4      0x324 mesh/core/libmesh_core_nrf52832_xxAA.a(ccm_soft.c.obj)
 .text.ccm_soft_encrypt
                0x00032c08       0x78 mesh/core/libmesh_core_nrf52832_xxAA.a(ccm_soft.c.obj)
                0x00032c08                ccm_soft_encrypt
 .text.ccm_soft_decrypt
                0x00032c80      0x10c mesh/core/libmesh_core_nrf52832_xxAA.a(ccm_soft.c.obj)
                0x00032c80                ccm_soft_decrypt
 .text.beacon_init
                0x00032d8c       0x48 mesh/core/libmesh_core_nrf52832_xxAA.a(beacon.c.obj)
                0x00032d8c                beacon_init
 .text.beacon_tx
                0x00032dd4       0x6c mesh/core/libmesh_core_nrf52832_xxAA.a(beacon.c.obj)
                0x00032dd4                beacon_tx
 .text.beacon_create
                0x00032e40       0x50 mesh/core/libmesh_core_nrf52832_xxAA.a(beacon.c.obj)
                0x00032e40                beacon_create
 .text.beacon_packet_in
                0x00032e90      0x180 mesh/core/libmesh_core_nrf52832_xxAA.a(beacon.c.obj)
                0x00032e90                beacon_packet_in
 .text.entry_get
                0x00033010       0x8c mesh/core/libmesh_core_nrf52832_xxAA.a(flash_manager_internal.c.obj)
                0x00033010                entry_get
 .text.adv_tx_complete_callback
                0x0003309c       0x58 mesh/core/libmesh_core_nrf52832_xxAA.a(core_tx.c.obj)
 .text.core_tx_init
                0x000330f4       0x4c mesh/core/libmesh_core_nrf52832_xxAA.a(core_tx.c.obj)
                0x000330f4                core_tx_init
 .text.core_tx_complete_cb_set
                0x00033140        0xc mesh/core/libmesh_core_nrf52832_xxAA.a(core_tx.c.obj)
                0x00033140                core_tx_complete_cb_set
 .text.core_tx_packet_alloc
                0x0003314c       0xa4 mesh/core/libmesh_core_nrf52832_xxAA.a(core_tx.c.obj)
                0x0003314c                core_tx_packet_alloc
 .text.core_tx_packet_send
                0x000331f0       0x74 mesh/core/libmesh_core_nrf52832_xxAA.a(core_tx.c.obj)
                0x000331f0                core_tx_packet_send
 .text.core_tx_packet_discard
                0x00033264       0x74 mesh/core/libmesh_core_nrf52832_xxAA.a(core_tx.c.obj)
                0x00033264                core_tx_packet_discard
 .text.core_tx_adv_count_set
                0x000332d8       0x40 mesh/core/libmesh_core_nrf52832_xxAA.a(core_tx.c.obj)
                0x000332d8                core_tx_adv_count_set
 .text.core_tx_adv_interval_set