Archive member included to satisfy reference by file (symbol)

mesh/core/libmesh_core_nrf51422_xxAC.a(nrf_mesh_configure.c.obj)
                              examples/pb_remote/server/CMakeFiles/pb_remote_server_nrf51422_xxAC_s130_2.0.1.dir/__/__/__/mesh/prov/src/prov_beacon.c.obj (nrf_mesh_configure_device_uuid_get)
mesh/core/libmesh_core_nrf51422_xxAC.a(event.c.obj)
                              examples/pb_remote/server/CMakeFiles/pb_remote_server_nrf51422_xxAC_s130_2.0.1.dir/__/__/__/mesh/prov/src/prov_provisionee.c.obj (event_handle)
mesh/core/libmesh_core_nrf51422_xxAC.a(fifo.c.obj)
                              examples/pb_remote/server/CMakeFiles/pb_remote_server_nrf51422_xxAC_s130_2.0.1.dir/__/__/__/models/pb_remote/src/pb_remote_server.c.obj (fifo_init)
mesh/core/libmesh_core_nrf51422_xxAC.a(net_state.c.obj)
                              examples/pb_remote/server/CMakeFiles/pb_remote_server_nrf51422_xxAC_s130_2.0.1.dir/__/__/__/mesh/access/src/device_state_manager.c.obj (net_state_flash_area_get)
mesh/core/libmesh_core_nrf51422_xxAC.a(nrf_mesh_utils.c.obj)
                              examples/pb_remote/server/CMakeFiles/pb_remote_server_nrf51422_xxAC_s130_2.0.1.dir/__/__/__/mesh/prov/src/prov_provisionee.c.obj (nrf_mesh_address_type_get)
mesh/core/libmesh_core_nrf51422_xxAC.a(nrf_mesh.c.obj)
                              examples/pb_remote/server/CMakeFiles/pb_remote_server_nrf51422_xxAC_s130_2.0.1.dir/__/__/nrf_mesh_sdk.c.obj (nrf_mesh_init)
mesh/core/libmesh_core_nrf51422_xxAC.a(hal.c.obj)
                              mesh/core/libmesh_core_nrf51422_xxAC.a(nrf_mesh.c.obj) (hal_lfclk_ppm_get)
mesh/core/libmesh_core_nrf51422_xxAC.a(timer_scheduler.c.obj)
                              mesh/core/libmesh_core_nrf51422_xxAC.a(nrf_mesh.c.obj) (timer_sch_init)
mesh/core/libmesh_core_nrf51422_xxAC.a(timer.c.obj)
                              mesh/core/libmesh_core_nrf51422_xxAC.a(timer_scheduler.c.obj) (timer_order_cb)
mesh/core/libmesh_core_nrf51422_xxAC.a(ticker.c.obj)
                              mesh/core/libmesh_core_nrf51422_xxAC.a(nrf_mesh.c.obj) (ticker_init)
mesh/core/libmesh_core_nrf51422_xxAC.a(rand.c.obj)
                              examples/pb_remote/server/CMakeFiles/pb_remote_server_nrf51422_xxAC_s130_2.0.1.dir/__/__/__/mesh/prov/src/prov_utils.c.obj (rand_hw_rng_get)
mesh/core/libmesh_core_nrf51422_xxAC.a(timeslot.c.obj)
                              mesh/core/libmesh_core_nrf51422_xxAC.a(nrf_mesh.c.obj) (timeslot_sd_event_handler)
mesh/core/libmesh_core_nrf51422_xxAC.a(bearer_event.c.obj)
                              mesh/core/libmesh_core_nrf51422_xxAC.a(nrf_mesh.c.obj) (bearer_event_init)
mesh/core/libmesh_core_nrf51422_xxAC.a(enc.c.obj)
                              examples/pb_remote/server/CMakeFiles/pb_remote_server_nrf51422_xxAC_s130_2.0.1.dir/__/__/__/mesh/prov/src/prov_utils.c.obj (enc_aes_cmac)
mesh/core/libmesh_core_nrf51422_xxAC.a(network.c.obj)
                              mesh/core/libmesh_core_nrf51422_xxAC.a(nrf_mesh.c.obj) (network_init)
mesh/core/libmesh_core_nrf51422_xxAC.a(nrf_mesh_keygen.c.obj)
                              examples/pb_remote/server/CMakeFiles/pb_remote_server_nrf51422_xxAC_s130_2.0.1.dir/__/__/__/mesh/access/src/device_state_manager.c.obj (nrf_mesh_keygen_aid)
mesh/core/libmesh_core_nrf51422_xxAC.a(log.c.obj)
                              examples/pb_remote/server/CMakeFiles/pb_remote_server_nrf51422_xxAC_s130_2.0.1.dir/src/main.c.obj (log_callback_rtt)
mesh/core/libmesh_core_nrf51422_xxAC.a(flash_manager.c.obj)
                              mesh/core/libmesh_core_nrf51422_xxAC.a(nrf_mesh.c.obj) (flash_manager_init)
mesh/core/libmesh_core_nrf51422_xxAC.a(ccm_soft.c.obj)
                              mesh/core/libmesh_core_nrf51422_xxAC.a(enc.c.obj) (ccm_soft_encrypt)
mesh/core/libmesh_core_nrf51422_xxAC.a(beacon.c.obj)
                              mesh/core/libmesh_core_nrf51422_xxAC.a(nrf_mesh.c.obj) (beacon_init)
mesh/core/libmesh_core_nrf51422_xxAC.a(flash_manager_internal.c.obj)
                              mesh/core/libmesh_core_nrf51422_xxAC.a(flash_manager.c.obj) (entry_get)
mesh/core/libmesh_core_nrf51422_xxAC.a(core_tx.c.obj)
                              mesh/core/libmesh_core_nrf51422_xxAC.a(nrf_mesh.c.obj) (core_tx_init)
mesh/core/libmesh_core_nrf51422_xxAC.a(net_beacon.c.obj)
                              mesh/core/libmesh_core_nrf51422_xxAC.a(network.c.obj) (net_beacon_init)
mesh/core/libmesh_core_nrf51422_xxAC.a(advertiser.c.obj)
                              mesh/core/libmesh_core_nrf51422_xxAC.a(nrf_mesh.c.obj) (advertiser_init)
mesh/core/libmesh_core_nrf51422_xxAC.a(bearer_handler.c.obj)
                              mesh/core/libmesh_core_nrf51422_xxAC.a(nrf_mesh.c.obj) (bearer_handler_init)
mesh/core/libmesh_core_nrf51422_xxAC.a(broadcast.c.obj)
                              mesh/core/libmesh_core_nrf51422_xxAC.a(advertiser.c.obj) (broadcast_send)
mesh/core/libmesh_core_nrf51422_xxAC.a(radio_config.c.obj)
[...]
Memory Configuration

Name             Origin             Length             Attributes
FLASH            0x0001b000         0x0001f000         xr
RAM              0x200022d8         0x00005a28         xrw
*default*        0x00000000         0xffffffff

Linker script and memory map

LOAD c:/a/gcc_arm/6/bin/../lib/gcc/arm-none-eabi/6.3.1/thumb/v6-m/crti.o
LOAD c:/a/gcc_arm/6/bin/../lib/gcc/arm-none-eabi/6.3.1/thumb/v6-m/crtbegin.o
LOAD c:/a/gcc_arm/6/bin/../lib/gcc/arm-none-eabi/6.3.1/../../../../arm-none-eabi/lib/thumb/v6-m/crt0.o
LOAD examples/pb_remote/server/CMakeFiles/pb_remote_server_nrf51422_xxAC_s130_2.0.1.dir/src/main.c.obj
LOAD examples/pb_remote/server/CMakeFiles/pb_remote_server_nrf51422_xxAC_s130_2.0.1.dir/__/__/nrf_mesh_sdk.c.obj
LOAD examples/pb_remote/server/CMakeFiles/pb_remote_server_nrf51422_xxAC_s130_2.0.1.dir/__/__/nrf_mesh_weak.c.obj
LOAD examples/pb_remote/server/CMakeFiles/pb_remote_server_nrf51422_xxAC_s130_2.0.1.dir/__/__/__/mesh/prov/src/prov_provisionee.c.obj
LOAD examples/pb_remote/server/CMakeFiles/pb_remote_server_nrf51422_xxAC_s130_2.0.1.dir/__/__/__/mesh/prov/src/nrf_mesh_prov.c.obj
LOAD examples/pb_remote/server/CMakeFiles/pb_remote_server_nrf51422_xxAC_s130_2.0.1.dir/__/__/__/mesh/prov/src/provisioning.c.obj
LOAD examples/pb_remote/server/CMakeFiles/pb_remote_server_nrf51422_xxAC_s130_2.0.1.dir/__/__/__/mesh/prov/src/prov_beacon.c.obj
LOAD examples/pb_remote/server/CMakeFiles/pb_remote_server_nrf51422_xxAC_s130_2.0.1.dir/__/__/__/mesh/prov/src/prov_utils.c.obj
LOAD examples/pb_remote/server/CMakeFiles/pb_remote_server_nrf51422_xxAC_s130_2.0.1.dir/__/__/__/mesh/prov/src/prov_bearer_adv.c.obj
LOAD examples/pb_remote/server/CMakeFiles/pb_remote_server_nrf51422_xxAC_s130_2.0.1.dir/__/__/__/models/pb_remote/src/pb_remote_server.c.obj
LOAD examples/pb_remote/server/CMakeFiles/pb_remote_server_nrf51422_xxAC_s130_2.0.1.dir/__/__/__/mesh/access/src/access_publish.c.obj
LOAD examples/pb_remote/server/CMakeFiles/pb_remote_server_nrf51422_xxAC_s130_2.0.1.dir/__/__/__/mesh/access/src/access.c.obj
LOAD examples/pb_remote/server/CMakeFiles/pb_remote_server_nrf51422_xxAC_s130_2.0.1.dir/__/__/__/mesh/access/src/access_reliable.c.obj
LOAD examples/pb_remote/server/CMakeFiles/pb_remote_server_nrf51422_xxAC_s130_2.0.1.dir/__/__/__/mesh/access/src/device_state_manager.c.obj
LOAD examples/pb_remote/server/CMakeFiles/pb_remote_server_nrf51422_xxAC_s130_2.0.1.dir/__/__/__/external/nRF5_SDK_14.0.0_3bcc1f7/components/toolchain/system_nrf51.c.obj
LOAD examples/pb_remote/server/CMakeFiles/pb_remote_server_nrf51422_xxAC_s130_2.0.1.dir/__/__/__/external/nRF5_SDK_14.0.0_3bcc1f7/components/toolchain/gcc/gcc_startup_nrf51.S.obj
LOAD mesh/core/libmesh_core_nrf51422_xxAC.a
LOAD external/rtt/librtt_nrf51422_xxAC.a
LOAD external/micro-ecc/libuECC_nrf51422_xxAC.a
START GROUP
LOAD c:/a/gcc_arm/6/bin/../lib/gcc/arm-none-eabi/6.3.1/thumb/v6-m\libgcc.a
LOAD c:/a/gcc_arm/6/bin/../lib/gcc/arm-none-eabi/6.3.1/../../../../arm-none-eabi/lib/thumb/v6-m\libc_nano.a
END GROUP
START GROUP
LOAD c:/a/gcc_arm/6/bin/../lib/gcc/arm-none-eabi/6.3.1/thumb/v6-m\libgcc.a
LOAD c:/a/gcc_arm/6/bin/../lib/gcc/arm-none-eabi/6.3.1/../../../../arm-none-eabi/lib/thumb/v6-m\libc_nano.a
END GROUP
LOAD c:/a/gcc_arm/6/bin/../lib/gcc/arm-none-eabi/6.3.1/thumb/v6-m/crtend.o
LOAD c:/a/gcc_arm/6/bin/../lib/gcc/arm-none-eabi/6.3.1/thumb/v6-m/crtn.o
START GROUP
LOAD c:/a/gcc_arm/6/bin/../lib/gcc/arm-none-eabi/6.3.1/thumb/v6-m\libgcc.a
LOAD c:/a/gcc_arm/6/bin/../lib/gcc/arm-none-eabi/6.3.1/../../../../arm-none-eabi/lib/thumb/v6-m\libc.a
LOAD c:/a/gcc_arm/6/bin/../lib/gcc/arm-none-eabi/6.3.1/../../../../arm-none-eabi/lib/thumb/v6-m\libnosys.a
END GROUP

.text           0x0001b000    0x10d74
 *(.isr_vector)
 .isr_vector    0x0001b000       0xc0 examples/pb_remote/server/CMakeFiles/pb_remote_server_nrf51422_xxAC_s130_2.0.1.dir/__/__/__/external/nRF5_SDK_14.0.0_3bcc1f7/components/toolchain/gcc/gcc_startup_nrf51.S.obj
                0x0001b000                __isr_vector
 *(.text*)
 .text          0x0001b0c0       0x60 c:/a/gcc_arm/6/bin/../lib/gcc/arm-none-eabi/6.3.1/thumb/v6-m/crtbegin.o
 .text          0x0001b120       0x78 c:/a/gcc_arm/6/bin/../lib/gcc/arm-none-eabi/6.3.1/../../../../arm-none-eabi/lib/thumb/v6-m/crt0.o
                0x0001b120                _start
                0x0001b120                _mainCRTStartup
 .text.mesh_evt_handler
                0x0001b198      0x528 examples/pb_remote/server/CMakeFiles/pb_remote_server_nrf51422_xxAC_s130_2.0.1.dir/src/main.c.obj
 .text.startup.main
                0x0001b6c0      0x1cc examples/pb_remote/server/CMakeFiles/pb_remote_server_nrf51422_xxAC_s130_2.0.1.dir/src/main.c.obj
                0x0001b6c0                main
 .text.sd_evt_get
                0x0001b88c        0x4 examples/pb_remote/server/CMakeFiles/pb_remote_server_nrf51422_xxAC_s130_2.0.1.dir/__/__/nrf_mesh_sdk.c.obj
 .text.sd_softdevice_enable
                0x0001b890        0x4 examples/pb_remote/server/CMakeFiles/pb_remote_server_nrf51422_xxAC_s130_2.0.1.dir/__/__/nrf_mesh_sdk.c.obj
 .text.sd_ble_enable
                0x0001b894        0x4 examples/pb_remote/server/CMakeFiles/pb_remote_server_nrf51422_xxAC_s130_2.0.1.dir/__/__/nrf_mesh_sdk.c.obj
 .text.sd_ble_evt_get
                0x0001b898        0x4 examples/pb_remote/server/CMakeFiles/pb_remote_server_nrf51422_xxAC_s130_2.0.1.dir/__/__/nrf_mesh_sdk.c.obj
 .text.sleep_forever
                0x0001b89c       0x24 examples/pb_remote/server/CMakeFiles/pb_remote_server_nrf51422_xxAC_s130_2.0.1.dir/__/__/nrf_mesh_sdk.c.obj
 .text.mesh_assert_handler
                0x0001b8c0       0x64 examples/pb_remote/server/CMakeFiles/pb_remote_server_nrf51422_xxAC_s130_2.0.1.dir/__/__/nrf_mesh_sdk.c.obj
                0x0001b8c0                mesh_assert_handler
 .text.softdevice_assert_handler
                0x0001b924       0x7c examples/pb_remote/server/CMakeFiles/pb_remote_server_nrf51422_xxAC_s130_2.0.1.dir/__/__/nrf_mesh_sdk.c.obj
                0x0001b924                softdevice_assert_handler
 .text.app_error_handler
                0x0001b9a0       0x7c examples/pb_remote/server/CMakeFiles/pb_remote_server_nrf51422_xxAC_s130_2.0.1.dir/__/__/nrf_mesh_sdk.c.obj
                0x0001b9a0                app_error_handler
 .text.HardFault_Handler
                0x0001ba1c       0x60 examples/pb_remote/server/CMakeFiles/pb_remote_server_nrf51422_xxAC_s130_2.0.1.dir/__/__/nrf_mesh_sdk.c.obj
                0x0001ba1c                HardFault_Handler
 .text.SWI2_IRQHandler
                0x0001ba7c       0x38 examples/pb_remote/server/CMakeFiles/pb_remote_server_nrf51422_xxAC_s130_2.0.1.dir/__/__/nrf_mesh_sdk.c.obj
                0x0001ba7c                SWI2_IRQHandler
 .text.mesh_softdevice_enable
                0x0001bab4      0x12c examples/pb_remote/server/CMakeFiles/pb_remote_server_nrf51422_xxAC_s130_2.0.1.dir/__/__/nrf_mesh_sdk.c.obj
                0x0001bab4                mesh_softdevice_enable
 .text.mesh_softdevice_setup
                0x0001bbe0       0x80 examples/pb_remote/server/CMakeFiles/pb_remote_server_nrf51422_xxAC_s130_2.0.1.dir/__/__/nrf_mesh_sdk.c.obj
                0x0001bbe0                mesh_softdevice_setup
 .text.mesh_core_setup
                0x0001bc60      0x158 examples/pb_remote/server/CMakeFiles/pb_remote_server_nrf51422_xxAC_s130_2.0.1.dir/__/__/nrf_mesh_sdk.c.obj
                0x0001bc60                mesh_core_setup
 .text._weak_handler
                0x0001bdb8        0x4 examples/pb_remote/server/CMakeFiles/pb_remote_server_nrf51422_xxAC_s130_2.0.1.dir/__/__/nrf_mesh_weak.c.obj
                0x0001bdb8                nrf_mesh_dfu_init
                0x0001bdb8                nrf_mesh_dfu_jump_to_bootloader
                0x0001bdb8                nrf_mesh_dfu_rx
                0x0001bdb8                prov_provisioner_provision
                0x0001bdb8                nrf_mesh_dfu_bank_info_get
                0x0001bdb8                prov_provisioner_oob_pubkey
                0x0001bdb8                nrf_mesh_dfu_request
                0x0001bdb8                nrf_mesh_dfu_bank_flash
                0x0001bdb8                _weak_handler
                0x0001bdb8                nrf_mesh_dfu_relay
                0x0001bdb8                nrf_mesh_dfu_abort
                0x0001bdb8                mesh_flash_op_execute
                0x0001bdb8                nrf_mesh_dfu_state_get
                0x0001bdb8                prov_provisioner_shared_secret
                0x0001bdb8                prov_provisioner_auth_data
                0x0001bdb8                prov_provisioner_oob_use
 .text.complete_provisioning
                0x0001bdbc       0x6c examples/pb_remote/server/CMakeFiles/pb_remote_server_nrf51422_xxAC_s130_2.0.1.dir/__/__/__/mesh/prov/src/prov_provisionee.c.obj
 .text.prov_provisionee_cb_link_closed
                0x0001be28       0x34 examples/pb_remote/server/CMakeFiles/pb_remote_server_nrf51422_xxAC_s130_2.0.1.dir/__/__/__/mesh/prov/src/prov_provisionee.c.obj
 .text.prov_provisionee_cb_link_established
                0x0001be5c       0x20 examples/pb_remote/server/CMakeFiles/pb_remote_server_nrf51422_xxAC_s130_2.0.1.dir/__/__/__/mesh/prov/src/prov_provisionee.c.obj
 .text.send_failed
                0x0001be7c       0x40 examples/pb_remote/server/CMakeFiles/pb_remote_server_nrf51422_xxAC_s130_2.0.1.dir/__/__/__/mesh/prov/src/prov_provisionee.c.obj
 .text.request_authentication
                0x0001bebc       0x94 examples/pb_remote/server/CMakeFiles/pb_remote_server_nrf51422_xxAC_s130_2.0.1.dir/__/__/__/mesh/prov/src/prov_provisionee.c.obj
 .text.start_authentication
                0x0001bf50       0x60 examples/pb_remote/server/CMakeFiles/pb_remote_server_nrf51422_xxAC_s130_2.0.1.dir/__/__/__/mesh/prov/src/prov_provisionee.c.obj
 .text.prov_provisionee_pkt_in
                0x0001bfb0      0x314 examples/pb_remote/server/CMakeFiles/pb_remote_server_nrf51422_xxAC_s130_2.0.1.dir/__/__/__/mesh/prov/src/prov_provisionee.c.obj
 .text.prov_provisionee_cb_ack_received
                0x0001c2c4       0xb8 examples/pb_remote/server/CMakeFiles/pb_remote_server_nrf51422_xxAC_s130_2.0.1.dir/__/__/__/mesh/prov/src/prov_provisionee.c.obj
 .text.prov_provisionee_init
                0x0001c37c       0x48 examples/pb_remote/server/CMakeFiles/pb_remote_server_nrf51422_xxAC_s130_2.0.1.dir/__/__/__/mesh/prov/src/prov_provisionee.c.obj
                0x0001c37c                prov_provisionee_init
 .text.prov_provisionee_auth_data
                0x0001c3c4       0x88 examples/pb_remote/server/CMakeFiles/pb_remote_server_nrf51422_xxAC_s130_2.0.1.dir/__/__/__/mesh/prov/src/prov_provisionee.c.obj
                0x0001c3c4                prov_provisionee_auth_data
 .text.nrf_mesh_prov_init
                0x0001c44c       0x34 examples/pb_remote/server/CMakeFiles/pb_remote_server_nrf51422_xxAC_s130_2.0.1.dir/__/__/__/mesh/prov/src/nrf_mesh_prov.c.obj
                0x0001c44c                nrf_mesh_prov_init
 .text.nrf_mesh_prov_generate_keys
                0x0001c480        0x8 examples/pb_remote/server/CMakeFiles/pb_remote_server_nrf51422_xxAC_s130_2.0.1.dir/__/__/__/mesh/prov/src/nrf_mesh_prov.c.obj
                0x0001c480                nrf_mesh_prov_generate_keys
 .text.nrf_mesh_prov_listen
                0x0001c488       0x26 examples/pb_remote/server/CMakeFiles/pb_remote_server_nrf51422_xxAC_s130_2.0.1.dir/__/__/__/mesh/prov/src/nrf_mesh_prov.c.obj
                0x0001c488                nrf_mesh_prov_listen
 *fill*         0x0001c4ae        0x2 
 .text.nrf_mesh_prov_auth_data_provide
                0x0001c4b0       0x1c examples/pb_remote/server/CMakeFiles/pb_remote_server_nrf51422_xxAC_s130_2.0.1.dir/__/__/__/mesh/prov/src/nrf_mesh_prov.c.obj
                0x0001c4b0                nrf_mesh_prov_auth_data_provide
 .text.send_data
                0x0001c4cc       0x48 examples/pb_remote/server/CMakeFiles/pb_remote_server_nrf51422_xxAC_s130_2.0.1.dir/__/__/__/mesh/prov/src/provisioning.c.obj
 .text.prov_packet_length_valid
                0x0001c514       0x20 examples/pb_remote/server/CMakeFiles/pb_remote_server_nrf51422_xxAC_s130_2.0.1.dir/__/__/__/mesh/prov/src/provisioning.c.obj
                0x0001c514                prov_packet_length_valid
 .text.prov_init
                0x0001c534       0x34 examples/pb_remote/server/CMakeFiles/pb_remote_server_nrf51422_xxAC_s130_2.0.1.dir/__/__/__/mesh/prov/src/provisioning.c.obj
                0x0001c534                prov_init
 .text.prov_listen_start
                0x0001c568       0x14 examples/pb_remote/server/CMakeFiles/pb_remote_server_nrf51422_xxAC_s130_2.0.1.dir/__/__/__/mesh/prov/src/provisioning.c.obj
                0x0001c568                prov_listen_start
 .text.prov_link_open
                0x0001c57c       0x14 examples/pb_remote/server/CMakeFiles/pb_remote_server_nrf51422_xxAC_s130_2.0.1.dir/__/__/__/mesh/prov/src/provisioning.c.obj
                0x0001c57c                prov_link_open
 .text.prov_link_close
                0x0001c590        0xe examples/pb_remote/server/CMakeFiles/pb_remote_server_nrf51422_xxAC_s130_2.0.1.dir/__/__/__/mesh/prov/src/provisioning.c.obj
                0x0001c590                prov_link_close
 .text.prov_tx_capabilities
                0x0001c59e       0x1c examples/pb_remote/server/CMakeFiles/pb_remote_server_nrf51422_xxAC_s130_2.0.1.dir/__/__/__/mesh/prov/src/provisioning.c.obj
                0x0001c59e                prov_tx_capabilities
 .text.prov_tx_public_key
                0x0001c5ba       0x24 examples/pb_remote/server/CMakeFiles/pb_remote_server_nrf51422_xxAC_s130_2.0.1.dir/__/__/__/mesh/prov/src/provisioning.c.obj
                0x0001c5ba                prov_tx_public_key
 .text.prov_tx_input_complete
                0x0001c5de       0x10 examples/pb_remote/server/CMakeFiles/pb_remote_server_nrf51422_xxAC_s130_2.0.1.dir/__/__/__/mesh/prov/src/provisioning.c.obj
                0x0001c5de                prov_tx_input_complete
 .text.prov_tx_confirmation
                0x0001c5ee       0x24 examples/pb_remote/server/CMakeFiles/pb_remote_server_nrf51422_xxAC_s130_2.0.1.dir/__/__/__/mesh/prov/src/provisioning.c.obj
                0x0001c5ee                prov_tx_confirmation
 .text.prov_tx_random
                0x0001c612       0x24 examples/pb_remote/server/CMakeFiles/pb_remote_server_nrf51422_xxAC_s130_2.0.1.dir/__/__/__/mesh/prov/src/provisioning.c.obj
                0x0001c612                prov_tx_random
 .text.prov_tx_complete
                0x0001c636       0x10 examples/pb_remote/server/CMakeFiles/pb_remote_server_nrf51422_xxAC_s130_2.0.1.dir/__/__/__/mesh/prov/src/provisioning.c.obj
                0x0001c636                prov_tx_complete
 .text.prov_tx_failed
                0x0001c646       0x14 examples/pb_remote/server/CMakeFiles/pb_remote_server_nrf51422_xxAC_s130_2.0.1.dir/__/__/__/mesh/prov/src/provisioning.c.obj
                0x0001c646                prov_tx_failed
 .text.prov_tx  0x0001c65a        0x8 examples/pb_remote/server/CMakeFiles/pb_remote_server_nrf51422_xxAC_s130_2.0.1.dir/__/__/__/mesh/prov/src/provisioning.c.obj
                0x0001c65a                prov_tx
 .text.prov_cb_link_opened
                0x0001c662        0xe examples/pb_remote/server/CMakeFiles/pb_remote_server_nrf51422_xxAC_s130_2.0.1.dir/__/__/__/mesh/prov/src/provisioning.c.obj
                0x0001c662                prov_cb_link_opened
 .text.prov_cb_link_closed
                0x0001c670        0xe examples/pb_remote/server/CMakeFiles/pb_remote_server_nrf51422_xxAC_s130_2.0.1.dir/__/__/__/mesh/prov/src/provisioning.c.obj
                0x0001c670                prov_cb_link_closed
 *fill*         0x0001c67e        0x2 
 .text.prov_cb_pkt_in
                0x0001c680       0x80 examples/pb_remote/server/CMakeFiles/pb_remote_server_nrf51422_xxAC_s130_2.0.1.dir/__/__/__/mesh/prov/src/provisioning.c.obj
                0x0001c680                prov_cb_pkt_in
 .text.prov_cb_ack_in
                0x0001c700        0xe examples/pb_remote/server/CMakeFiles/pb_remote_server_nrf51422_xxAC_s130_2.0.1.dir/__/__/__/mesh/prov/src/provisioning.c.obj
                0x0001c700                prov_cb_ack_in
 .text.prov_beacon_unprov_build
                0x0001c70e       0x52 examples/pb_remote/server/CMakeFiles/pb_remote_server_nrf51422_xxAC_s130_2.0.1.dir/__/__/__/mesh/prov/src/prov_beacon.c.obj
                0x0001c70e                prov_beacon_unprov_build
 .text.prov_beacon_unprov_packet_in
                0x0001c760       0xb8 examples/pb_remote/server/CMakeFiles/pb_remote_server_nrf51422_xxAC_s130_2.0.1.dir/__/__/__/mesh/prov/src/prov_beacon.c.obj
                0x0001c760                prov_beacon_unprov_packet_in
 .text.oob_gen_alphanumeric
                0x0001c818       0x34 examples/pb_remote/server/CMakeFiles/pb_remote_server_nrf51422_xxAC_s130_2.0.1.dir/__/__/__/mesh/prov/src/prov_utils.c.obj
 .text.oob_gen_numeric
                0x0001c84c       0x30 examples/pb_remote/server/CMakeFiles/pb_remote_server_nrf51422_xxAC_s130_2.0.1.dir/__/__/__/mesh/prov/src/prov_utils.c.obj
 .text.prov_utils_use_ecdh_offloading
                0x0001c87c        0xc examples/pb_remote/server/CMakeFiles/pb_remote_server_nrf51422_xxAC_s130_2.0.1.dir/__/__/__/mesh/prov/src/prov_utils.c.obj
                0x0001c87c                prov_utils_use_ecdh_offloading
 .text.prov_utils_authentication_values_derive
                0x0001c888       0xc0 examples/pb_remote/server/CMakeFiles/pb_remote_server_nrf51422_xxAC_s130_2.0.1.dir/__/__/__/mesh/prov/src/prov_utils.c.obj
                0x0001c888                prov_utils_authentication_values_derive
 .text.prov_utils_keys_generate
                0x0001c948       0x20 examples/pb_remote/server/CMakeFiles/pb_remote_server_nrf51422_xxAC_s130_2.0.1.dir/__/__/__/mesh/prov/src/prov_utils.c.obj
                0x0001c948                prov_utils_keys_generate
 .text.prov_utils_derive_keys
                0x0001c968       0xc0 examples/pb_remote/server/CMakeFiles/pb_remote_server_nrf51422_xxAC_s130_2.0.1.dir/__/__/__/mesh/prov/src/prov_utils.c.obj
                0x0001c968                prov_utils_derive_keys
 .text.prov_utils_calculate_shared_secret
                0x0001ca28       0x3e examples/pb_remote/server/CMakeFiles/pb_remote_server_nrf51422_xxAC_s130_2.0.1.dir/__/__/__/mesh/prov/src/prov_utils.c.obj
                0x0001ca28                prov_utils_calculate_shared_secret
 *fill*         0x0001ca66        0x2 
 .text.prov_utils_generate_oob_data
                0x0001ca68       0x9c examples/pb_remote/server/CMakeFiles/pb_remote_server_nrf51422_xxAC_s130_2.0.1.dir/__/__/__/mesh/prov/src/prov_utils.c.obj
                0x0001ca68                prov_utils_generate_oob_data
 .text.prov_utils_confirmation_check
                0x0001cb04       0x70 examples/pb_remote/server/CMakeFiles/pb_remote_server_nrf51422_xxAC_s130_2.0.1.dir/__/__/__/mesh/prov/src/prov_utils.c.obj
                0x0001cb04                prov_utils_confirmation_check
 .text.remove_active_bearer
                0x0001cb74       0x68 examples/pb_remote/server/CMakeFiles/pb_remote_server_nrf51422_xxAC_s130_2.0.1.dir/__/__/__/mesh/prov/src/prov_bearer_adv.c.obj
 .text.prov_bearer_adv_listen_stop
                0x0001cbdc       0x38 examples/pb_remote/server/CMakeFiles/pb_remote_server_nrf51422_xxAC_s130_2.0.1.dir/__/__/__/mesh/prov/src/prov_bearer_adv.c.obj
 .text.close_link
                0x0001cc14       0x6c examples/pb_remote/server/CMakeFiles/pb_remote_server_nrf51422_xxAC_s130_2.0.1.dir/__/__/__/mesh/prov/src/prov_bearer_adv.c.obj
 .text.send_packet
                0x0001cc80       0x70 examples/pb_remote/server/CMakeFiles/pb_remote_server_nrf51422_xxAC_s130_2.0.1.dir/__/__/__/mesh/prov/src/prov_bearer_adv.c.obj
 .text.prov_buffer_tx
                0x0001ccf0      0x168 examples/pb_remote/server/CMakeFiles/pb_remote_server_nrf51422_xxAC_s130_2.0.1.dir/__/__/__/mesh/prov/src/prov_bearer_adv.c.obj
 .text.send_link_close
                0x0001ce58       0x28 examples/pb_remote/server/CMakeFiles/pb_remote_server_nrf51422_xxAC_s130_2.0.1.dir/__/__/__/mesh/prov/src/prov_bearer_adv.c.obj
 .text.prov_bearer_adv_link_close
                0x0001ce80       0x78 examples/pb_remote/server/CMakeFiles/pb_remote_server_nrf51422_xxAC_s130_2.0.1.dir/__/__/__/mesh/prov/src/prov_bearer_adv.c.obj
 .text.send_transaction_ack
                0x0001cef8       0x24 examples/pb_remote/server/CMakeFiles/pb_remote_server_nrf51422_xxAC_s130_2.0.1.dir/__/__/__/mesh/prov/src/prov_bearer_adv.c.obj
 .text.send_link_ack
                0x0001cf1c       0x26 examples/pb_remote/server/CMakeFiles/pb_remote_server_nrf51422_xxAC_s130_2.0.1.dir/__/__/__/mesh/prov/src/prov_bearer_adv.c.obj
 .text.link_timeout_cb
                0x0001cf42        0xc examples/pb_remote/server/CMakeFiles/pb_remote_server_nrf51422_xxAC_s130_2.0.1.dir/__/__/__/mesh/prov/src/prov_bearer_adv.c.obj
 .text.reset_timeout_timer
                0x0001cf4e       0x1a examples/pb_remote/server/CMakeFiles/pb_remote_server_nrf51422_xxAC_s130_2.0.1.dir/__/__/__/mesh/prov/src/prov_bearer_adv.c.obj
 .text.tx_complete_cb
                0x0001cf68       0x24 examples/pb_remote/server/CMakeFiles/pb_remote_server_nrf51422_xxAC_s130_2.0.1.dir/__/__/__/mesh/prov/src/prov_bearer_adv.c.obj
 .text.tx_retry_cb
                0x0001cf8c       0xd4 examples/pb_remote/server/CMakeFiles/pb_remote_server_nrf51422_xxAC_s130_2.0.1.dir/__/__/__/mesh/prov/src/prov_bearer_adv.c.obj
 .text.add_active_bearer
                0x0001d060       0x88 examples/pb_remote/server/CMakeFiles/pb_remote_server_nrf51422_xxAC_s130_2.0.1.dir/__/__/__/mesh/prov/src/prov_bearer_adv.c.obj
 .text.prov_bearer_adv_link_open
                0x0001d0e8       0xf0 examples/pb_remote/server/CMakeFiles/pb_remote_server_nrf51422_xxAC_s130_2.0.1.dir/__/__/__/mesh/prov/src/prov_bearer_adv.c.obj
 .text.async_process
                0x0001d1d8       0x58 examples/pb_remote/server/CMakeFiles/pb_remote_server_nrf51422_xxAC_s130_2.0.1.dir/__/__/__/mesh/prov/src/prov_bearer_adv.c.obj
 .text.prov_bearer_adv_listen
                0x0001d230       0xf4 examples/pb_remote/server/CMakeFiles/pb_remote_server_nrf51422_xxAC_s130_2.0.1.dir/__/__/__/mesh/prov/src/prov_bearer_adv.c.obj
 .text.calculate_3GPP_CRC
                0x0001d324       0x24 examples/pb_remote/server/CMakeFiles/pb_remote_server_nrf51422_xxAC_s130_2.0.1.dir/__/__/__/mesh/prov/src/prov_bearer_adv.c.obj
                0x0001d324                calculate_3GPP_CRC
 .text.prov_bearer_adv_tx
                0x0001d348       0xac examples/pb_remote/server/CMakeFiles/pb_remote_server_nrf51422_xxAC_s130_2.0.1.dir/__/__/__/mesh/prov/src/prov_bearer_adv.c.obj
 .text.prov_buffer_rx
                0x0001d3f4       0x74 examples/pb_remote/server/CMakeFiles/pb_remote_server_nrf51422_xxAC_s130_2.0.1.dir/__/__/__/mesh/prov/src/prov_bearer_adv.c.obj
 .text.prov_bearer_adv_interface_get
                0x0001d468       0x24 examples/pb_remote/server/CMakeFiles/pb_remote_server_nrf51422_xxAC_s130_2.0.1.dir/__/__/__/mesh/prov/src/prov_bearer_adv.c.obj
                0x0001d468                prov_bearer_adv_interface_get
 .text.prov_bearer_adv_packet_in
                0x0001d48c      0x898 examples/pb_remote/server/CMakeFiles/pb_remote_server_nrf51422_xxAC_s130_2.0.1.dir/__/__/__/mesh/prov/src/prov_bearer_adv.c.obj
                0x0001d48c                prov_bearer_adv_packet_in
 .text.pb_remote_server_event_transfer_status_cb
                0x0001dd24      0x108 examples/pb_remote/server/CMakeFiles/pb_remote_server_nrf51422_xxAC_s130_2.0.1.dir/__/__/__/models/pb_remote/src/pb_remote_server.c.obj
 .text.pb_remote_server_event_link_status_cb
                0x0001de2c      0x1f8 examples/pb_remote/server/CMakeFiles/pb_remote_server_nrf51422_xxAC_s130_2.0.1.dir/__/__/__/models/pb_remote/src/pb_remote_server.c.obj
 .text.pb_remote_server_event_scan_report_status_cb
                0x0001e024       0x94 examples/pb_remote/server/CMakeFiles/pb_remote_server_nrf51422_xxAC_s130_2.0.1.dir/__/__/__/models/pb_remote/src/pb_remote_server.c.obj
 .text.do_state_change
                0x0001e0b8       0x80 examples/pb_remote/server/CMakeFiles/pb_remote_server_nrf51422_xxAC_s130_2.0.1.dir/__/__/__/models/pb_remote/src/pb_remote_server.c.obj
 .text.pb_remote_server_process
                0x0001e138      0x200 examples/pb_remote/server/CMakeFiles/pb_remote_server_nrf51422_xxAC_s130_2.0.1.dir/__/__/__/models/pb_remote/src/pb_remote_server.c.obj
 .text.server_reliable_status_cb
                0x0001e338      0x13c examples/pb_remote/server/CMakeFiles/pb_remote_server_nrf51422_xxAC_s130_2.0.1.dir/__/__/__/models/pb_remote/src/pb_remote_server.c.obj
 .text.pb_adv_link_closed_cb
                0x0001e474       0x54 examples/pb_remote/server/CMakeFiles/pb_remote_server_nrf51422_xxAC_s130_2.0.1.dir/__/__/__/models/pb_remote/src/pb_remote_server.c.obj
 .text.pb_adv_link_opened_cb
                0x0001e4c8       0x50 examples/pb_remote/server/CMakeFiles/pb_remote_server_nrf51422_xxAC_s130_2.0.1.dir/__/__/__/models/pb_remote/src/pb_remote_server.c.obj
 .text.pb_adv_ack_cb
                0x0001e518       0x50 examples/pb_remote/server/CMakeFiles/pb_remote_server_nrf51422_xxAC_s130_2.0.1.dir/__/__/__/models/pb_remote/src/pb_remote_server.c.obj
 .text.pb_remote_server_event_tx_failed_cb
                0x0001e568       0x38 examples/pb_remote/server/CMakeFiles/pb_remote_server_nrf51422_xxAC_s130_2.0.1.dir/__/__/__/models/pb_remote/src/pb_remote_server.c.obj
 .text.pb_adv_rx_cb
                0x0001e5a0       0x60 examples/pb_remote/server/CMakeFiles/pb_remote_server_nrf51422_xxAC_s130_2.0.1.dir/__/__/__/models/pb_remote/src/pb_remote_server.c.obj
 .text.pb_remote_server_mesh_evt_cb
                0x0001e600       0x50 examples/pb_remote/server/CMakeFiles/pb_remote_server_nrf51422_xxAC_s130_2.0.1.dir/__/__/__/models/pb_remote/src/pb_remote_server.c.obj
 .text.send_reply.part.12
                0x0001e650       0x18 examples/pb_remote/server/CMakeFiles/pb_remote_server_nrf51422_xxAC_s130_2.0.1.dir/__/__/__/models/pb_remote/src/pb_remote_server.c.obj
 .text.send_reliable_msg
                0x0001e668       0x3c examples/pb_remote/server/CMakeFiles/pb_remote_server_nrf51422_xxAC_s130_2.0.1.dir/__/__/__/models/pb_remote/src/pb_remote_server.c.obj
 .text.pb_remote_server_event_local_packet_cb
                0x0001e6a4      0x140 examples/pb_remote/server/CMakeFiles/pb_remote_server_nrf51422_xxAC_s130_2.0.1.dir/__/__/__/models/pb_remote/src/pb_remote_server.c.obj
 .text.pb_remote_server_event_local_ack_cb
                0x0001e7e4       0x94 examples/pb_remote/server/CMakeFiles/pb_remote_server_nrf51422_xxAC_s130_2.0.1.dir/__/__/__/models/pb_remote/src/pb_remote_server.c.obj
 .text.pb_remote_server_event_link_established_cb
                0x0001e878       0x9c examples/pb_remote/server/CMakeFiles/pb_remote_server_nrf51422_xxAC_s130_2.0.1.dir/__/__/__/models/pb_remote/src/pb_remote_server.c.obj
 .text.pb_remote_server_event_link_closed_cb
                0x0001e914      0x104 examples/pb_remote/server/CMakeFiles/pb_remote_server_nrf51422_xxAC_s130_2.0.1.dir/__/__/__/models/pb_remote/src/pb_remote_server.c.obj
 .text.send_reply
                0x0001ea18       0x14 examples/pb_remote/server/CMakeFiles/pb_remote_server_nrf51422_xxAC_s130_2.0.1.dir/__/__/__/models/pb_remote/src/pb_remote_server.c.obj
 .text.pb_remote_server_event_link_close_cb
                0x0001ea2c      0x110 examples/pb_remote/server/CMakeFiles/pb_remote_server_nrf51422_xxAC_s130_2.0.1.dir/__/__/__/models/pb_remote/src/pb_remote_server.c.obj
 .text.pb_remote_server_event_link_open_cb
                0x0001eb3c      0x1c0 examples/pb_remote/server/CMakeFiles/pb_remote_server_nrf51422_xxAC_s130_2.0.1.dir/__/__/__/models/pb_remote/src/pb_remote_server.c.obj
 .text.pb_remote_server_event_scan_start_filter_cb
                0x0001ecfc      0x134 examples/pb_remote/server/CMakeFiles/pb_remote_server_nrf51422_xxAC_s130_2.0.1.dir/__/__/__/models/pb_remote/src/pb_remote_server.c.obj
 .text.pb_remote_server_event_packet_transfer_cb
                0x0001ee30      0x108 examples/pb_remote/server/CMakeFiles/pb_remote_server_nrf51422_xxAC_s130_2.0.1.dir/__/__/__/models/pb_remote/src/pb_remote_server.c.obj
 .text.pb_remote_server_event_scan_cancel_cb
                0x0001ef38       0x50 examples/pb_remote/server/CMakeFiles/pb_remote_server_nrf51422_xxAC_s130_2.0.1.dir/__/__/__/models/pb_remote/src/pb_remote_server.c.obj
 .text.pb_remote_server_event_scan_start_cb
                0x0001ef88       0x68 examples/pb_remote/server/CMakeFiles/pb_remote_server_nrf51422_xxAC_s130_2.0.1.dir/__/__/__/models/pb_remote/src/pb_remote_server.c.obj
 .text.remote_server_access_rx_cb
                0x0001eff0      0x17c examples/pb_remote/server/CMakeFiles/pb_remote_server_nrf51422_xxAC_s130_2.0.1.dir/__/__/__/models/pb_remote/src/pb_remote_server.c.obj
 .text.pb_remote_server_event_unprov_uuid_cb
                0x0001f16c      0x154 examples/pb_remote/server/CMakeFiles/pb_remote_server_nrf51422_xxAC_s130_2.0.1.dir/__/__/__/models/pb_remote/src/pb_remote_server.c.obj
 .text.pb_remote_server_init
                0x0001f2c0       0xc8 examples/pb_remote/server/CMakeFiles/pb_remote_server_nrf51422_xxAC_s130_2.0.1.dir/__/__/__/models/pb_remote/src/pb_remote_server.c.obj
                0x0001f2c0                pb_remote_server_init
 .text.pb_remote_server_enable
                0x0001f388       0x3c examples/pb_remote/server/CMakeFiles/pb_remote_server_nrf51422_xxAC_s130_2.0.1.dir/__/__/__/models/pb_remote/src/pb_remote_server.c.obj
                0x0001f388                pb_remote_server_enable
 .text.add_to_publication_list
                0x0001f3c4       0x60 examples/pb_remote/server/CMakeFiles/pb_remote_server_nrf51422_xxAC_s130_2.0.1.dir/__/__/__/mesh/access/src/access_publish.c.obj
 .text.step_resolution_to_us
                0x0001f424       0x48 examples/pb_remote/server/CMakeFiles/pb_remote_server_nrf51422_xxAC_s130_2.0.1.dir/__/__/__/mesh/access/src/access_publish.c.obj
 .text.schedule_publication_timer
                0x0001f46c      0x16c examples/pb_remote/server/CMakeFiles/pb_remote_server_nrf51422_xxAC_s130_2.0.1.dir/__/__/__/mesh/access/src/access_publish.c.obj
 .text.publish_timer_tick
                0x0001f5d8       0xac examples/pb_remote/server/CMakeFiles/pb_remote_server_nrf51422_xxAC_s130_2.0.1.dir/__/__/__/mesh/access/src/access_publish.c.obj
 .text.access_publish_init
                0x0001f684       0x38 examples/pb_remote/server/CMakeFiles/pb_remote_server_nrf51422_xxAC_s130_2.0.1.dir/__/__/__/mesh/access/src/access_publish.c.obj
                0x0001f684                access_publish_init
 .text.bitfield_get
                0x0001f6bc       0x18 examples/pb_remote/server/CMakeFiles/pb_remote_server_nrf51422_xxAC_s130_2.0.1.dir/__/__/__/mesh/access/src/access.c.obj
 .text.is_valid_opcode
                0x0001f6d4       0x4c examples/pb_remote/server/CMakeFiles/pb_remote_server_nrf51422_xxAC_s130_2.0.1.dir/__/__/__/mesh/access/src/access.c.obj
 .text.model_handle_valid_and_allocated
                0x0001f720       0x20 examples/pb_remote/server/CMakeFiles/pb_remote_server_nrf51422_xxAC_s130_2.0.1.dir/__/__/__/mesh/access/src/access.c.obj
 .text.flash_invalidate_complete
                0x0001f740       0x18 examples/pb_remote/server/CMakeFiles/pb_remote_server_nrf51422_xxAC_s130_2.0.1.dir/__/__/__/mesh/access/src/access.c.obj
 .text.flash_manager_mem_available
                0x0001f758        0x6 examples/pb_remote/server/CMakeFiles/pb_remote_server_nrf51422_xxAC_s130_2.0.1.dir/__/__/__/mesh/access/src/access.c.obj
 *fill*         0x0001f75e        0x2 
 .text.access_state_clear
                0x0001f760       0x4c examples/pb_remote/server/CMakeFiles/pb_remote_server_nrf51422_xxAC_s130_2.0.1.dir/__/__/__/mesh/access/src/access.c.obj
 .text.add_flash_manager
                0x0001f7ac       0x5c examples/pb_remote/server/CMakeFiles/pb_remote_server_nrf51422_xxAC_s130_2.0.1.dir/__/__/__/mesh/access/src/access.c.obj
 .text.flash_remove_complete
                0x0001f808       0x60 examples/pb_remote/server/CMakeFiles/pb_remote_server_nrf51422_xxAC_s130_2.0.1.dir/__/__/__/mesh/access/src/access.c.obj
 .text.flash_write_complete
                0x0001f868       0x54 examples/pb_remote/server/CMakeFiles/pb_remote_server_nrf51422_xxAC_s130_2.0.1.dir/__/__/__/mesh/access/src/access.c.obj
 .text.handle_incoming
                0x0001f8bc      0x168 examples/pb_remote/server/CMakeFiles/pb_remote_server_nrf51422_xxAC_s130_2.0.1.dir/__/__/__/mesh/access/src/access.c.obj
 .text.mesh_evt_cb
                0x0001fa24      0x130 examples/pb_remote/server/CMakeFiles/pb_remote_server_nrf51422_xxAC_s130_2.0.1.dir/__/__/__/mesh/access/src/access.c.obj
 .text.packet_tx
                0x0001fb54      0x2f8 examples/pb_remote/server/CMakeFiles/pb_remote_server_nrf51422_xxAC_s130_2.0.1.dir/__/__/__/mesh/access/src/access.c.obj
 .text.access_init
                0x0001fe4c       0x28 examples/pb_remote/server/CMakeFiles/pb_remote_server_nrf51422_xxAC_s130_2.0.1.dir/__/__/__/mesh/access/src/access.c.obj
                0x0001fe4c                access_init
 .text.access_model_add
                0x0001fe74      0x1ac examples/pb_remote/server/CMakeFiles/pb_remote_server_nrf51422_xxAC_s130_2.0.1.dir/__/__/__/mesh/access/src/access.c.obj
                0x0001fe74                access_model_add
 .text.access_model_publish
                0x00020020       0x14 examples/pb_remote/server/CMakeFiles/pb_remote_server_nrf51422_xxAC_s130_2.0.1.dir/__/__/__/mesh/access/src/access.c.obj
                0x00020020                access_model_publish
 .text.access_model_reply
                0x00020034       0x1c examples/pb_remote/server/CMakeFiles/pb_remote_server_nrf51422_xxAC_s130_2.0.1.dir/__/__/__/mesh/access/src/access.c.obj
                0x00020034                access_model_reply
 .text.access_model_publish_address_set
                0x00020050       0x3c examples/pb_remote/server/CMakeFiles/pb_remote_server_nrf51422_xxAC_s130_2.0.1.dir/__/__/__/mesh/access/src/access.c.obj
                0x00020050                access_model_publish_address_set
 .text.access_model_publish_address_get
                0x0002008c       0x2c examples/pb_remote/server/CMakeFiles/pb_remote_server_nrf51422_xxAC_s130_2.0.1.dir/__/__/__/mesh/access/src/access.c.obj
                0x0002008c                access_model_publish_address_get
 .text.access_model_application_bind
                0x000200b8       0x50 examples/pb_remote/server/CMakeFiles/pb_remote_server_nrf51422_xxAC_s130_2.0.1.dir/__/__/__/mesh/access/src/access.c.obj
                0x000200b8                access_model_application_bind
 .text.access_model_publish_application_set
                0x00020108       0x3c examples/pb_remote/server/CMakeFiles/pb_remote_server_nrf51422_xxAC_s130_2.0.1.dir/__/__/__/mesh/access/src/access.c.obj
                0x00020108                access_model_publish_application_set
 .text.access_model_publish_ttl_set
                0x00020144       0x44 examples/pb_remote/server/CMakeFiles/pb_remote_server_nrf51422_xxAC_s130_2.0.1.dir/__/__/__/mesh/access/src/access.c.obj
                0x00020144                access_model_publish_ttl_set
 .text.access_model_publish_ttl_get
                0x00020188       0x2c examples/pb_remote/server/CMakeFiles/pb_remote_server_nrf51422_xxAC_s130_2.0.1.dir/__/__/__/mesh/access/src/access.c.obj
                0x00020188                access_model_publish_ttl_get
 .text.access_model_p_args_get
                0x000201b4       0x2c examples/pb_remote/server/CMakeFiles/pb_remote_server_nrf51422_xxAC_s130_2.0.1.dir/__/__/__/mesh/access/src/access.c.obj
                0x000201b4                access_model_p_args_get
 .text.remove_and_reschedule
                0x000201e0       0xe0 examples/pb_remote/server/CMakeFiles/pb_remote_server_nrf51422_xxAC_s130_2.0.1.dir/__/__/__/mesh/access/src/access_reliable.c.obj
 .text.reliable_timer_cb
                0x000202c0      0x150 examples/pb_remote/server/CMakeFiles/pb_remote_server_nrf51422_xxAC_s130_2.0.1.dir/__/__/__/mesh/access/src/access_reliable.c.obj
 .text.access_reliable_message_rx_cb
                0x00020410       0x88 examples/pb_remote/server/CMakeFiles/pb_remote_server_nrf51422_xxAC_s130_2.0.1.dir/__/__/__/mesh/access/src/access_reliable.c.obj
                0x00020410                access_reliable_message_rx_cb
 .text.access_reliable_init
                0x00020498       0x1c examples/pb_remote/server/CMakeFiles/pb_remote_server_nrf51422_xxAC_s130_2.0.1.dir/__/__/__/mesh/access/src/access_reliable.c.obj
                0x00020498                access_reliable_init
 .text.access_model_reliable_cancel
                0x000204b4       0x50 examples/pb_remote/server/CMakeFiles/pb_remote_server_nrf51422_xxAC_s130_2.0.1.dir/__/__/__/mesh/access/src/access_reliable.c.obj
                0x000204b4                access_model_reliable_cancel
 .text.access_model_reliable_publish
                0x00020504      0x1cc examples/pb_remote/server/CMakeFiles/pb_remote_server_nrf51422_xxAC_s130_2.0.1.dir/__/__/__/mesh/access/src/access_reliable.c.obj
                0x00020504                access_model_reliable_publish
 .text.bitfield_get
                0x000206d0       0x18 examples/pb_remote/server/CMakeFiles/pb_remote_server_nrf51422_xxAC_s130_2.0.1.dir/__/__/__/mesh/access/src/device_state_manager.c.obj
 .text.bitfield_set
                0x000206e8       0x16 examples/pb_remote/server/CMakeFiles/pb_remote_server_nrf51422_xxAC_s130_2.0.1.dir/__/__/__/mesh/access/src/device_state_manager.c.obj
 .text.bitfield_clear
                0x000206fe       0x16 examples/pb_remote/server/CMakeFiles/pb_remote_server_nrf51422_xxAC_s130_2.0.1.dir/__/__/__/mesh/access/src/device_state_manager.c.obj
 .text.bitfield_is_all_clear
                0x00020714       0x3a examples/pb_remote/server/CMakeFiles/pb_remote_server_nrf51422_xxAC_s130_2.0.1.dir/__/__/__/mesh/access/src/device_state_manager.c.obj
 *fill*         0x0002074e        0x2 
 .text.address_handle_virtual_valid
                0x00020750       0x18 examples/pb_remote/server/CMakeFiles/pb_remote_server_nrf51422_xxAC_s130_2.0.1.dir/__/__/__/mesh/access/src/device_state_manager.c.obj
 .text.net_key_handle_get
                0x00020768       0x38 examples/pb_remote/server/CMakeFiles/pb_remote_server_nrf51422_xxAC_s130_2.0.1.dir/__/__/__/mesh/access/src/device_state_manager.c.obj
 .text.dev_key_handle_get
                0x000207a0       0x34 examples/pb_remote/server/CMakeFiles/pb_remote_server_nrf51422_xxAC_s130_2.0.1.dir/__/__/__/mesh/access/src/device_state_manager.c.obj
 .text.app_key_handle_get
                0x000207d4       0x38 examples/pb_remote/server/CMakeFiles/pb_remote_server_nrf51422_xxAC_s130_2.0.1.dir/__/__/__/mesh/access/src/device_state_manager.c.obj
 .text.addr_nonvirtual_to_flash_entry
                0x0002080c       0x10 examples/pb_remote/server/CMakeFiles/pb_remote_server_nrf51422_xxAC_s130_2.0.1.dir/__/__/__/mesh/access/src/device_state_manager.c.obj
 .text.flash_mem_listener_callback
                0x0002081c       0x20 examples/pb_remote/server/CMakeFiles/pb_remote_server_nrf51422_xxAC_s130_2.0.1.dir/__/__/__/mesh/access/src/device_state_manager.c.obj
 .text.devkey_set
                0x0002083c       0x4c examples/pb_remote/server/CMakeFiles/pb_remote_server_nrf51422_xxAC_s130_2.0.1.dir/__/__/__/mesh/access/src/device_state_manager.c.obj
 .text.devkey_to_dsm_entry
                0x00020888       0x14 examples/pb_remote/server/CMakeFiles/pb_remote_server_nrf51422_xxAC_s130_2.0.1.dir/__/__/__/mesh/access/src/device_state_manager.c.obj
 .text.devkey_to_flash_entry
                0x0002089c       0x28 examples/pb_remote/server/CMakeFiles/pb_remote_server_nrf51422_xxAC_s130_2.0.1.dir/__/__/__/mesh/access/src/device_state_manager.c.obj
 .text.appkey_to_flash_entry
                0x000208c4       0x28 examples/pb_remote/server/CMakeFiles/pb_remote_server_nrf51422_xxAC_s130_2.0.1.dir/__/__/__/mesh/access/src/device_state_manager.c.obj
 .text.subnet_to_flash_entry
                0x000208ec       0x20 examples/pb_remote/server/CMakeFiles/pb_remote_server_nrf51422_xxAC_s130_2.0.1.dir/__/__/__/mesh/access/src/device_state_manager.c.obj
 .text.addr_virtual_to_flash_entry
                0x0002090c       0x1c examples/pb_remote/server/CMakeFiles/pb_remote_server_nrf51422_xxAC_s130_2.0.1.dir/__/__/__/mesh/access/src/device_state_manager.c.obj
 .text.addr_unicast_to_dsm_entry
                0x00020928       0x10 examples/pb_remote/server/CMakeFiles/pb_remote_server_nrf51422_xxAC_s130_2.0.1.dir/__/__/__/mesh/access/src/device_state_manager.c.obj
 .text.addr_unicast_to_flash_entry
                0x00020938       0x14 examples/pb_remote/server/CMakeFiles/pb_remote_server_nrf51422_xxAC_s130_2.0.1.dir/__/__/__/mesh/access/src/device_state_manager.c.obj
 .text.appkey_set
                0x0002094c       0x74 examples/pb_remote/server/CMakeFiles/pb_remote_server_nrf51422_xxAC_s130_2.0.1.dir/__/__/__/mesh/access/src/device_state_manager.c.obj
 .text.appkey_to_dsm_entry
                0x000209c0       0x12 examples/pb_remote/server/CMakeFiles/pb_remote_server_nrf51422_xxAC_s130_2.0.1.dir/__/__/__/mesh/access/src/device_state_manager.c.obj
 *fill*         0x000209d2        0x2 
 .text.subnet_set
                0x000209d4       0xa0 examples/pb_remote/server/CMakeFiles/pb_remote_server_nrf51422_xxAC_s130_2.0.1.dir/__/__/__/mesh/access/src/device_state_manager.c.obj
 .text.subnet_to_dsm_entry
                0x00020a74       0x10 examples/pb_remote/server/CMakeFiles/pb_remote_server_nrf51422_xxAC_s130_2.0.1.dir/__/__/__/mesh/access/src/device_state_manager.c.obj
 .text.virtual_address_set
                0x00020a84       0x58 examples/pb_remote/server/CMakeFiles/pb_remote_server_nrf51422_xxAC_s130_2.0.1.dir/__/__/__/mesh/access/src/device_state_manager.c.obj
 .text.addr_virtual_to_dsm_entry
                0x00020adc       0x10 examples/pb_remote/server/CMakeFiles/pb_remote_server_nrf51422_xxAC_s130_2.0.1.dir/__/__/__/mesh/access/src/device_state_manager.c.obj
 .text.flash_save
                0x00020aec       0x88 examples/pb_remote/server/CMakeFiles/pb_remote_server_nrf51422_xxAC_s130_2.0.1.dir/__/__/__/mesh/access/src/device_state_manager.c.obj
 .text.flash_invalidate
                0x00020b74       0x6c examples/pb_remote/server/CMakeFiles/pb_remote_server_nrf51422_xxAC_s130_2.0.1.dir/__/__/__/mesh/access/src/device_state_manager.c.obj
 .text.flash_update_all
                0x00020be0       0x70 examples/pb_remote/server/CMakeFiles/pb_remote_server_nrf51422_xxAC_s130_2.0.1.dir/__/__/__/mesh/access/src/device_state_manager.c.obj
 .text.virtual_address_uuid_index_get
                0x00020c50       0x40 examples/pb_remote/server/CMakeFiles/pb_remote_server_nrf51422_xxAC_s130_2.0.1.dir/__/__/__/mesh/access/src/device_state_manager.c.obj
 .text.get_subnet_handle
                0x00020c90       0x38 examples/pb_remote/server/CMakeFiles/pb_remote_server_nrf51422_xxAC_s130_2.0.1.dir/__/__/__/mesh/access/src/device_state_manager.c.obj
 .text.get_app_handle
                0x00020cc8       0x44 examples/pb_remote/server/CMakeFiles/pb_remote_server_nrf51422_xxAC_s130_2.0.1.dir/__/__/__/mesh/access/src/device_state_manager.c.obj
 .text.flash_operation_complete
                0x00020d0c       0x58 examples/pb_remote/server/CMakeFiles/pb_remote_server_nrf51422_xxAC_s130_2.0.1.dir/__/__/__/mesh/access/src/device_state_manager.c.obj
 .text.flash_invalidate_complete
                0x00020d64        0xc examples/pb_remote/server/CMakeFiles/pb_remote_server_nrf51422_xxAC_s130_2.0.1.dir/__/__/__/mesh/access/src/device_state_manager.c.obj
 .text.flash_write_complete
                0x00020d70        0xc examples/pb_remote/server/CMakeFiles/pb_remote_server_nrf51422_xxAC_s130_2.0.1.dir/__/__/__/mesh/access/src/device_state_manager.c.obj
 .text.add_address.part.5
                0x00020d7c      0x138 examples/pb_remote/server/CMakeFiles/pb_remote_server_nrf51422_xxAC_s130_2.0.1.dir/__/__/__/mesh/access/src/device_state_manager.c.obj
 .text.address_handle_valid
                0x00020eb4       0x28 examples/pb_remote/server/CMakeFiles/pb_remote_server_nrf51422_xxAC_s130_2.0.1.dir/__/__/__/mesh/access/src/device_state_manager.c.obj
 .text.address_handle_nonvirtual_valid
                0x00020edc       0x18 examples/pb_remote/server/CMakeFiles/pb_remote_server_nrf51422_xxAC_s130_2.0.1.dir/__/__/__/mesh/access/src/device_state_manager.c.obj
 .text.addr_nonvirtual_to_dsm_entry
                0x00020ef4       0x34 examples/pb_remote/server/CMakeFiles/pb_remote_server_nrf51422_xxAC_s130_2.0.1.dir/__/__/__/mesh/access/src/device_state_manager.c.obj
 .text.dsm_flash_area_get
                0x00020f28       0x10 examples/pb_remote/server/CMakeFiles/pb_remote_server_nrf51422_xxAC_s130_2.0.1.dir/__/__/__/mesh/access/src/device_state_manager.c.obj
                0x00020f28                dsm_flash_area_get
 .text.build_flash_area
                0x00020f38       0x8c examples/pb_remote/server/CMakeFiles/pb_remote_server_nrf51422_xxAC_s130_2.0.1.dir/__/__/__/mesh/access/src/device_state_manager.c.obj
 .text.dsm_init
                0x00020fc4       0x28 examples/pb_remote/server/CMakeFiles/pb_remote_server_nrf51422_xxAC_s130_2.0.1.dir/__/__/__/mesh/access/src/device_state_manager.c.obj
                0x00020fc4                dsm_init
 .text.flash_remove_complete
                0x00020fec        0x8 examples/pb_remote/server/CMakeFiles/pb_remote_server_nrf51422_xxAC_s130_2.0.1.dir/__/__/__/mesh/access/src/device_state_manager.c.obj
 .text.dsm_local_unicast_addresses_set
                0x00020ff4       0x74 examples/pb_remote/server/CMakeFiles/pb_remote_server_nrf51422_xxAC_s130_2.0.1.dir/__/__/__/mesh/access/src/device_state_manager.c.obj
                0x00020ff4                dsm_local_unicast_addresses_set
 .text.dsm_local_unicast_addresses_get
                0x00021068       0x2c examples/pb_remote/server/CMakeFiles/pb_remote_server_nrf51422_xxAC_s130_2.0.1.dir/__/__/__/mesh/access/src/device_state_manager.c.obj
                0x00021068                dsm_local_unicast_addresses_get
 .text.dsm_address_publish_add
                0x00021094       0x14 examples/pb_remote/server/CMakeFiles/pb_remote_server_nrf51422_xxAC_s130_2.0.1.dir/__/__/__/mesh/access/src/device_state_manager.c.obj
                0x00021094                dsm_address_publish_add
 .text.dsm_address_subscription_get
                0x000210a8       0x34 examples/pb_remote/server/CMakeFiles/pb_remote_server_nrf51422_xxAC_s130_2.0.1.dir/__/__/__/mesh/access/src/device_state_manager.c.obj
                0x000210a8                dsm_address_subscription_get
 .text.dsm_address_get
                0x000210dc       0x5c examples/pb_remote/server/CMakeFiles/pb_remote_server_nrf51422_xxAC_s130_2.0.1.dir/__/__/__/mesh/access/src/device_state_manager.c.obj
                0x000210dc                dsm_address_get
 .text.dsm_address_handle_get
                0x00021138       0x98 examples/pb_remote/server/CMakeFiles/pb_remote_server_nrf51422_xxAC_s130_2.0.1.dir/__/__/__/mesh/access/src/device_state_manager.c.obj
                0x00021138                dsm_address_handle_get
 .text.dsm_appkey_handle_get
                0x000211d0       0x14 examples/pb_remote/server/CMakeFiles/pb_remote_server_nrf51422_xxAC_s130_2.0.1.dir/__/__/__/mesh/access/src/device_state_manager.c.obj
                0x000211d0                dsm_appkey_handle_get
 .text.dsm_subnet_add
                0x000211e4       0x60 examples/pb_remote/server/CMakeFiles/pb_remote_server_nrf51422_xxAC_s130_2.0.1.dir/__/__/__/mesh/access/src/device_state_manager.c.obj
                0x000211e4                dsm_subnet_add
 .text.dsm_devkey_add
                0x00021244       0x7c examples/pb_remote/server/CMakeFiles/pb_remote_server_nrf51422_xxAC_s130_2.0.1.dir/__/__/__/mesh/access/src/device_state_manager.c.obj
                0x00021244                dsm_devkey_add
 .text.dsm_appkey_add
                0x000212c0       0x78 examples/pb_remote/server/CMakeFiles/pb_remote_server_nrf51422_xxAC_s130_2.0.1.dir/__/__/__/mesh/access/src/device_state_manager.c.obj
                0x000212c0                dsm_appkey_add
 .text.dsm_tx_secmat_get
                0x00021338       0xe0 examples/pb_remote/server/CMakeFiles/pb_remote_server_nrf51422_xxAC_s130_2.0.1.dir/__/__/__/mesh/access/src/device_state_manager.c.obj
                0x00021338                dsm_tx_secmat_get
 .text.nrf_mesh_net_secmat_next_get
                0x00021418       0x54 examples/pb_remote/server/CMakeFiles/pb_remote_server_nrf51422_xxAC_s130_2.0.1.dir/__/__/__/mesh/access/src/device_state_manager.c.obj
                0x00021418                nrf_mesh_net_secmat_next_get
 .text.nrf_mesh_app_secmat_next_get
                0x0002146c       0x88 examples/pb_remote/server/CMakeFiles/pb_remote_server_nrf51422_xxAC_s130_2.0.1.dir/__/__/__/mesh/access/src/device_state_manager.c.obj
                0x0002146c                nrf_mesh_app_secmat_next_get
 .text.nrf_mesh_devkey_secmat_get
                0x000214f4       0x34 examples/pb_remote/server/CMakeFiles/pb_remote_server_nrf51422_xxAC_s130_2.0.1.dir/__/__/__/mesh/access/src/device_state_manager.c.obj
                0x000214f4                nrf_mesh_devkey_secmat_get
 .text.nrf_mesh_beacon_info_next_get
                0x00021528       0x78 examples/pb_remote/server/CMakeFiles/pb_remote_server_nrf51422_xxAC_s130_2.0.1.dir/__/__/__/mesh/access/src/device_state_manager.c.obj
                0x00021528                nrf_mesh_beacon_info_next_get
 .text.nrf_mesh_rx_address_get
                0x000215a0       0xec examples/pb_remote/server/CMakeFiles/pb_remote_server_nrf51422_xxAC_s130_2.0.1.dir/__/__/__/mesh/access/src/device_state_manager.c.obj
                0x000215a0                nrf_mesh_rx_address_get
 .text.SystemInit
                0x0002168c       0xe0 examples/pb_remote/server/CMakeFiles/pb_remote_server_nrf51422_xxAC_s130_2.0.1.dir/__/__/__/external/nRF5_SDK_14.0.0_3bcc1f7/components/toolchain/system_nrf51.c.obj
                0x0002168c                SystemInit
 .text          0x0002176c       0x4c examples/pb_remote/server/CMakeFiles/pb_remote_server_nrf51422_xxAC_s130_2.0.1.dir/__/__/__/external/nRF5_SDK_14.0.0_3bcc1f7/components/toolchain/gcc/gcc_startup_nrf51.S.obj
                0x0002176c                Reset_Handler
                0x000217ac                NMI_Handler
                0x000217b0                SVC_Handler
                0x000217b2                PendSV_Handler
                0x000217b4                SysTick_Handler
                0x000217b6                GPIOTE_IRQHandler
                0x000217b6                RTC0_IRQHandler
                0x000217b6                POWER_CLOCK_IRQHandler
                0x000217b6                SPI0_TWI0_IRQHandler
                0x000217b6                LPCOMP_IRQHandler
                0x000217b6                SWI4_IRQHandler
                0x000217b6                TEMP_IRQHandler
                0x000217b6                UART0_IRQHandler
                0x000217b6                SWI5_IRQHandler
                0x000217b6                TIMER0_IRQHandler
                0x000217b6                RADIO_IRQHandler
                0x000217b6                SWI0_IRQHandler
                0x000217b6                TIMER1_IRQHandler
                0x000217b6                ECB_IRQHandler
                0x000217b6                Default_Handler
                0x000217b6                ADC_IRQHandler
                0x000217b6                SWI3_IRQHandler
                0x000217b6                CCM_AAR_IRQHandler
                0x000217b6                WDT_IRQHandler
                0x000217b6                TIMER2_IRQHandler
                0x000217b6                RNG_IRQHandler
                0x000217b6                SPI1_TWI1_IRQHandler
                0x000217b6                RTC1_IRQHandler
                0x000217b6                SWI1_IRQHandler
 .text.nrf_mesh_configure_device_uuid_reset
                0x000217b8       0x28 mesh/core/libmesh_core_nrf51422_xxAC.a(nrf_mesh_configure.c.obj)
                0x000217b8                nrf_mesh_configure_device_uuid_reset
 .text.nrf_mesh_configure_device_uuid_get
                0x000217e0        0x8 mesh/core/libmesh_core_nrf51422_xxAC.a(nrf_mesh_configure.c.obj)
                0x000217e0                nrf_mesh_configure_device_uuid_get
 .text.event_handle
                0x000217e8       0x34 mesh/core/libmesh_core_nrf51422_xxAC.a(event.c.obj)
                0x000217e8                event_handle
 .text.event_handler_add
                0x0002181c       0x7c mesh/core/libmesh_core_nrf51422_xxAC.a(event.c.obj)
                0x0002181c                event_handler_add
 .text.fifo_init
                0x00021898       0x5c mesh/core/libmesh_core_nrf51422_xxAC.a(fifo.c.obj)
                0x00021898                fifo_init
 .text.fifo_push
                0x000218f4       0x5c mesh/core/libmesh_core_nrf51422_xxAC.a(fifo.c.obj)
                0x000218f4                fifo_push
 .text.fifo_pop
                0x00021950       0x5c mesh/core/libmesh_core_nrf51422_xxAC.a(fifo.c.obj)
                0x00021950                fifo_pop
 .text.fifo_flush
                0x000219ac        0x6 mesh/core/libmesh_core_nrf51422_xxAC.a(fifo.c.obj)
                0x000219ac                fifo_flush
 .text.fifo_get_len
                0x000219b2        0x8 mesh/core/libmesh_core_nrf51422_xxAC.a(fifo.c.obj)
                0x000219b2                fifo_get_len
 *fill*         0x000219ba        0x2 
 .text.flash_mem_available
                0x000219bc       0x20 mesh/core/libmesh_core_nrf51422_xxAC.a(net_state.c.obj)
 .text.flash_store_iv_index
                0x000219dc       0x34 mesh/core/libmesh_core_nrf51422_xxAC.a(net_state.c.obj)
 .text.seqnum_block_allocate
                0x00021a10       0x50 mesh/core/libmesh_core_nrf51422_xxAC.a(net_state.c.obj)
 .text.flash_write_complete
                0x00021a60       0x80 mesh/core/libmesh_core_nrf51422_xxAC.a(net_state.c.obj)
 .text.net_state_recover_from_flash
                0x00021ae0       0x8c mesh/core/libmesh_core_nrf51422_xxAC.a(net_state.c.obj)
                0x00021ae0                net_state_recover_from_flash
 .text.net_state_flash_area_get
                0x00021b6c       0x10 mesh/core/libmesh_core_nrf51422_xxAC.a(net_state.c.obj)
                0x00021b6c                net_state_flash_area_get
 .text.init_flash_storage
                0x00021b7c       0x40 mesh/core/libmesh_core_nrf51422_xxAC.a(net_state.c.obj)
 .text.net_state_init
                0x00021bbc       0x48 mesh/core/libmesh_core_nrf51422_xxAC.a(net_state.c.obj)
                0x00021bbc                net_state_init
 .text.net_state_iv_update_start
                0x00021c04       0x64 mesh/core/libmesh_core_nrf51422_xxAC.a(net_state.c.obj)
                0x00021c04                net_state_iv_update_start
 .text.iv_update_trigger_if_pending
                0x00021c68       0x94 mesh/core/libmesh_core_nrf51422_xxAC.a(net_state.c.obj)
 .text.iv_update_timer_handler
                0x00021cfc       0x80 mesh/core/libmesh_core_nrf51422_xxAC.a(net_state.c.obj)
 .text.net_state_seqnum_alloc
                0x00021d7c       0x68 mesh/core/libmesh_core_nrf51422_xxAC.a(net_state.c.obj)
                0x00021d7c                net_state_seqnum_alloc
 .text.net_state_iv_index_lock
                0x00021de4       0x4c mesh/core/libmesh_core_nrf51422_xxAC.a(net_state.c.obj)
                0x00021de4                net_state_iv_index_lock
 .text.net_state_beacon_received
                0x00021e30       0x98 mesh/core/libmesh_core_nrf51422_xxAC.a(net_state.c.obj)
                0x00021e30                net_state_beacon_received
 .text.net_state_beacon_iv_index_get
                0x00021ec8        0xc mesh/core/libmesh_core_nrf51422_xxAC.a(net_state.c.obj)
                0x00021ec8                net_state_beacon_iv_index_get
 .text.net_state_tx_iv_index_get
                0x00021ed4       0x14 mesh/core/libmesh_core_nrf51422_xxAC.a(net_state.c.obj)
                0x00021ed4                net_state_tx_iv_index_get
 .text.net_state_rx_iv_index_get
                0x00021ee8       0x14 mesh/core/libmesh_core_nrf51422_xxAC.a(net_state.c.obj)
                0x00021ee8                net_state_rx_iv_index_get
 .text.net_state_iv_update_get
                0x00021efc        0xc mesh/core/libmesh_core_nrf51422_xxAC.a(net_state.c.obj)
                0x00021efc                net_state_iv_update_get
 .text.nrf_mesh_address_type_get
                0x00021f08       0x14 mesh/core/libmesh_core_nrf51422_xxAC.a(nrf_mesh_utils.c.obj)
                0x00021f08                nrf_mesh_address_type_get
 .text.sd_softdevice_is_enabled
                0x00021f1c        0x4 mesh/core/libmesh_core_nrf51422_xxAC.a(nrf_mesh.c.obj)
 .text.nrf_mesh_init
                0x00021f20       0xb8 mesh/core/libmesh_core_nrf51422_xxAC.a(nrf_mesh.c.obj)
                0x00021f20                nrf_mesh_init
 .text.nrf_mesh_enable
                0x00021fd8       0x4c mesh/core/libmesh_core_nrf51422_xxAC.a(nrf_mesh.c.obj)
                0x00021fd8                nrf_mesh_enable
 .text.nrf_mesh_packet_send
                0x00022024        0x8 mesh/core/libmesh_core_nrf51422_xxAC.a(nrf_mesh.c.obj)
                0x00022024                nrf_mesh_packet_send
 .text.nrf_mesh_process
                0x0002202c      0x1c4 mesh/core/libmesh_core_nrf51422_xxAC.a(nrf_mesh.c.obj)
                0x0002202c                nrf_mesh_process
 .text.nrf_mesh_on_ble_evt
                0x000221f0        0x4 mesh/core/libmesh_core_nrf51422_xxAC.a(nrf_mesh.c.obj)
                0x000221f0                nrf_mesh_on_ble_evt
 .text.nrf_mesh_on_sd_evt
                0x000221f4        0xa mesh/core/libmesh_core_nrf51422_xxAC.a(nrf_mesh.c.obj)
                0x000221f4                nrf_mesh_on_sd_evt
 .text.nrf_mesh_evt_handler_add
                0x000221fe        0x8 mesh/core/libmesh_core_nrf51422_xxAC.a(nrf_mesh.c.obj)
                0x000221fe                nrf_mesh_evt_handler_add
 *fill*         0x00022206        0x2 
 .text.hal_lfclk_ppm_get
                0x00022208       0x14 mesh/core/libmesh_core_nrf51422_xxAC.a(hal.c.obj)
                0x00022208                hal_lfclk_ppm_get
 .text.add_to_add_list
                0x0002221c       0x4c mesh/core/libmesh_core_nrf51422_xxAC.a(timer_scheduler.c.obj)
 .text.process_dirty_events
                0x00022268       0x64 mesh/core/libmesh_core_nrf51422_xxAC.a(timer_scheduler.c.obj)
 .text.timer_cb
                0x000222cc       0x10 mesh/core/libmesh_core_nrf51422_xxAC.a(timer_scheduler.c.obj)
 .text.add_evt.constprop.0
                0x000222dc       0x70 mesh/core/libmesh_core_nrf51422_xxAC.a(timer_scheduler.c.obj)
 .text.process_add_list
                0x0002234c       0x4c mesh/core/libmesh_core_nrf51422_xxAC.a(timer_scheduler.c.obj)
 .text.flag_event_cb
                0x00022398      0x104 mesh/core/libmesh_core_nrf51422_xxAC.a(timer_scheduler.c.obj)
 .text.timer_sch_init
                0x0002249c       0x24 mesh/core/libmesh_core_nrf51422_xxAC.a(timer_scheduler.c.obj)
                0x0002249c                timer_sch_init
 .text.timer_sch_schedule
                0x000224c0       0x54 mesh/core/libmesh_core_nrf51422_xxAC.a(timer_scheduler.c.obj)
                0x000224c0                timer_sch_schedule
 .text.timer_sch_abort
                0x00022514       0x68 mesh/core/libmesh_core_nrf51422_xxAC.a(timer_scheduler.c.obj)
                0x00022514                timer_sch_abort
 .text.timer_sch_reschedule
                0x0002257c       0x78 mesh/core/libmesh_core_nrf51422_xxAC.a(timer_scheduler.c.obj)
                0x0002257c                timer_sch_reschedule
 .text.timer_mut_unlock
                0x000225f4       0x10 mesh/core/libmesh_core_nrf51422_xxAC.a(timer.c.obj)
 .text.timer_order_cb
                0x00022604       0x90 mesh/core/libmesh_core_nrf51422_xxAC.a(timer.c.obj)
                0x00022604                timer_order_cb
 .text.timer_now
                0x00022694       0x54 mesh/core/libmesh_core_nrf51422_xxAC.a(timer.c.obj)
                0x00022694                timer_now
 .text.timer_event_handler
                0x000226e8       0x94 mesh/core/libmesh_core_nrf51422_xxAC.a(timer.c.obj)
                0x000226e8                timer_event_handler
 .text.timer_on_ts_begin
                0x0002277c      0x104 mesh/core/libmesh_core_nrf51422_xxAC.a(timer.c.obj)
                0x0002277c                timer_on_ts_begin
 .text.timer_on_ts_end
                0x00022880       0x64 mesh/core/libmesh_core_nrf51422_xxAC.a(timer.c.obj)
                0x00022880                timer_on_ts_end
 .text.timer_cb
                0x000228e4       0x10 mesh/core/libmesh_core_nrf51422_xxAC.a(ticker.c.obj)
 .text.ticker_init
                0x000228f4       0x38 mesh/core/libmesh_core_nrf51422_xxAC.a(ticker.c.obj)
                0x000228f4                ticker_init
 .text.sd_rand_application_bytes_available_get
                0x0002292c        0x4 mesh/core/libmesh_core_nrf51422_xxAC.a(rand.c.obj)
 .text.sd_rand_application_vector_get
                0x00022930        0x4 mesh/core/libmesh_core_nrf51422_xxAC.a(rand.c.obj)
 .text.rand_prng_get
                0x00022934       0x2e mesh/core/libmesh_core_nrf51422_xxAC.a(rand.c.obj)
                0x00022934                rand_prng_get
 *fill*         0x00022962        0x2 
 .text.rand_hw_rng_get
                0x00022964       0x4c mesh/core/libmesh_core_nrf51422_xxAC.a(rand.c.obj)
                0x00022964                rand_hw_rng_get
 .text.rand_prng_seed
                0x000229b0       0x30 mesh/core/libmesh_core_nrf51422_xxAC.a(rand.c.obj)
                0x000229b0                rand_prng_seed
 .text.sd_radio_session_open
                0x000229e0        0x4 mesh/core/libmesh_core_nrf51422_xxAC.a(timeslot.c.obj)
 .text.sd_radio_session_close
                0x000229e4        0x4 mesh/core/libmesh_core_nrf51422_xxAC.a(timeslot.c.obj)
 .text.sd_radio_request
                0x000229e8        0x4 mesh/core/libmesh_core_nrf51422_xxAC.a(timeslot.c.obj)
 .text.end_timer_handler
                0x000229ec       0x2c mesh/core/libmesh_core_nrf51422_xxAC.a(timeslot.c.obj)
 .text.get_end_time.constprop.10
                0x00022a18       0x28 mesh/core/libmesh_core_nrf51422_xxAC.a(timeslot.c.obj)
 .text.handle_extend_end.constprop.3
                0x00022a40       0xc4 mesh/core/libmesh_core_nrf51422_xxAC.a(timeslot.c.obj)
 .text.radio_signal_callback
                0x00022b04      0x160 mesh/core/libmesh_core_nrf51422_xxAC.a(timeslot.c.obj)
 .text.timeslot_sd_event_handler
                0x00022c64       0x48 mesh/core/libmesh_core_nrf51422_xxAC.a(timeslot.c.obj)
                0x00022c64                timeslot_sd_event_handler
 .text.timeslot_init
                0x00022cac       0x4c mesh/core/libmesh_core_nrf51422_xxAC.a(timeslot.c.obj)
                0x00022cac                timeslot_init
 .text.timeslot_start
                0x00022cf8       0x1c mesh/core/libmesh_core_nrf51422_xxAC.a(timeslot.c.obj)
                0x00022cf8                timeslot_start
 .text.timeslot_end_is_pending
                0x00022d14       0x2c mesh/core/libmesh_core_nrf51422_xxAC.a(timeslot.c.obj)
                0x00022d14                timeslot_end_is_pending
 .text.timeslot_start_time_get
                0x00022d40        0xc mesh/core/libmesh_core_nrf51422_xxAC.a(timeslot.c.obj)
                0x00022d40                timeslot_start_time_get
 .text.timeslot_remaining_time_get
                0x00022d4c       0x24 mesh/core/libmesh_core_nrf51422_xxAC.a(timeslot.c.obj)
                0x00022d4c                timeslot_remaining_time_get
 .text.timeslot_is_in_cb
                0x00022d70        0xc mesh/core/libmesh_core_nrf51422_xxAC.a(timeslot.c.obj)
                0x00022d70                timeslot_is_in_cb
 .text.timeslot_trigger
                0x00022d7c       0x28 mesh/core/libmesh_core_nrf51422_xxAC.a(timeslot.c.obj)
                0x00022d7c                timeslot_trigger
 .text.timeslot_stop
                0x00022da4       0x14 mesh/core/libmesh_core_nrf51422_xxAC.a(timeslot.c.obj)
                0x00022da4                timeslot_stop
 .text.timeslot_state_lock
                0x00022db8       0x2c mesh/core/libmesh_core_nrf51422_xxAC.a(timeslot.c.obj)
                0x00022db8                timeslot_state_lock
 .text.evt_push
                0x00022de4       0x24 mesh/core/libmesh_core_nrf51422_xxAC.a(bearer_event.c.obj)
 .text.QDEC_IRQHandler
                0x00022e08       0xc4 mesh/core/libmesh_core_nrf51422_xxAC.a(bearer_event.c.obj)
                0x00022e08                QDEC_IRQHandler
 .text.bearer_event_init
                0x00022ecc       0x48 mesh/core/libmesh_core_nrf51422_xxAC.a(bearer_event.c.obj)
                0x00022ecc                bearer_event_init
 .text.bearer_event_timer_post
                0x00022f14       0x34 mesh/core/libmesh_core_nrf51422_xxAC.a(bearer_event.c.obj)
                0x00022f14                bearer_event_timer_post
 .text.bearer_event_critical_section_begin
                0x00022f48       0x48 mesh/core/libmesh_core_nrf51422_xxAC.a(bearer_event.c.obj)
                0x00022f48                bearer_event_critical_section_begin
 .text.bearer_event_critical_section_end
                0x00022f90       0x48 mesh/core/libmesh_core_nrf51422_xxAC.a(bearer_event.c.obj)
                0x00022f90                bearer_event_critical_section_end
 .text.bearer_event_flag_add
                0x00022fd8       0x54 mesh/core/libmesh_core_nrf51422_xxAC.a(bearer_event.c.obj)
                0x00022fd8                bearer_event_flag_add
 .text.bearer_event_flag_set
                0x0002302c       0x58 mesh/core/libmesh_core_nrf51422_xxAC.a(bearer_event.c.obj)
                0x0002302c                bearer_event_flag_set
 .text.bearer_event_sequential_add
                0x00023084       0x4c mesh/core/libmesh_core_nrf51422_xxAC.a(bearer_event.c.obj)
                0x00023084                bearer_event_sequential_add
 .text.bearer_event_sequential_post
                0x000230d0       0x68 mesh/core/libmesh_core_nrf51422_xxAC.a(bearer_event.c.obj)
                0x000230d0                bearer_event_sequential_post
 .text.bearer_event_sequential_pending
                0x00023138       0x20 mesh/core/libmesh_core_nrf51422_xxAC.a(bearer_event.c.obj)
                0x00023138                bearer_event_sequential_pending
 .text.enc_aes_encrypt
                0x00023158        0x8 mesh/core/libmesh_core_nrf51422_xxAC.a(enc.c.obj)
                0x00023158                enc_aes_encrypt
 .text.enc_aes_cmac
                0x00023160        0x8 mesh/core/libmesh_core_nrf51422_xxAC.a(enc.c.obj)
                0x00023160                enc_aes_cmac
 .text.enc_aes_ccm_encrypt
                0x00023168        0x8 mesh/core/libmesh_core_nrf51422_xxAC.a(enc.c.obj)
                0x00023168                enc_aes_ccm_encrypt
 .text.enc_aes_ccm_decrypt
                0x00023170        0x8 mesh/core/libmesh_core_nrf51422_xxAC.a(enc.c.obj)
                0x00023170                enc_aes_ccm_decrypt
 .text.enc_nonce_generate
                0x00023178       0xd8 mesh/core/libmesh_core_nrf51422_xxAC.a(enc.c.obj)
                0x00023178                enc_nonce_generate
 .text.enc_s1   0x00023250       0x3c mesh/core/libmesh_core_nrf51422_xxAC.a(enc.c.obj)
                0x00023250                enc_s1
 .text.enc_k1   0x0002328c       0x58 mesh/core/libmesh_core_nrf51422_xxAC.a(enc.c.obj)
                0x0002328c                enc_k1
 .text.enc_k2   0x000232e4      0x110 mesh/core/libmesh_core_nrf51422_xxAC.a(enc.c.obj)
                0x000232e4                enc_k2
 .text.enc_k3   0x000233f4       0x70 mesh/core/libmesh_core_nrf51422_xxAC.a(enc.c.obj)
                0x000233f4                enc_k3
 .text.enc_k4   0x00023464       0x74 mesh/core/libmesh_core_nrf51422_xxAC.a(enc.c.obj)
                0x00023464                enc_k4
 .text.header_transfuscate
                0x000234d8       0x58 mesh/core/libmesh_core_nrf51422_xxAC.a(network.c.obj)
 .text.allocate_packet
                0x00023530      0x140 mesh/core/libmesh_core_nrf51422_xxAC.a(network.c.obj)
 .text.network_init
                0x00023670       0x2c mesh/core/libmesh_core_nrf51422_xxAC.a(network.c.obj)
                0x00023670                network_init
 .text.network_packet_alloc
                0x0002369c       0x58 mesh/core/libmesh_core_nrf51422_xxAC.a(network.c.obj)
                0x0002369c                network_packet_alloc
 .text.network_packet_send
                0x000236f4      0x154 mesh/core/libmesh_core_nrf51422_xxAC.a(network.c.obj)
                0x000236f4                network_packet_send
 .text.network_packet_in
                0x00023848      0x484 mesh/core/libmesh_core_nrf51422_xxAC.a(network.c.obj)
                0x00023848                network_packet_in
 .text.nrf_mesh_keygen_aid
                0x00023ccc       0x16 mesh/core/libmesh_core_nrf51422_xxAC.a(nrf_mesh_keygen.c.obj)
                0x00023ccc                nrf_mesh_keygen_aid
 .text.nrf_mesh_keygen_network_secmat
                0x00023ce2       0x20 mesh/core/libmesh_core_nrf51422_xxAC.a(nrf_mesh_keygen.c.obj)
                0x00023ce2                nrf_mesh_keygen_network_secmat
 *fill*         0x00023d02        0x2 
 .text.nrf_mesh_keygen_beacon_secmat
                0x00023d04       0x54 mesh/core/libmesh_core_nrf51422_xxAC.a(nrf_mesh_keygen.c.obj)
                0x00023d04                nrf_mesh_keygen_beacon_secmat
 .text.nrf_mesh_keygen_virtual_address
                0x00023d58       0x50 mesh/core/libmesh_core_nrf51422_xxAC.a(nrf_mesh_keygen.c.obj)
                0x00023d58                nrf_mesh_keygen_virtual_address
 .text.log_callback_rtt
                0x00023da8       0x28 mesh/core/libmesh_core_nrf51422_xxAC.a(log.c.obj)
                0x00023da8                log_callback_rtt
 .text.log_init
                0x00023dd0       0x1c mesh/core/libmesh_core_nrf51422_xxAC.a(log.c.obj)
                0x00023dd0                log_init
 .text.log_vprintf
                0x00023dec       0x1c mesh/core/libmesh_core_nrf51422_xxAC.a(log.c.obj)
                0x00023dec                log_vprintf
 .text.log_printf
                0x00023e08       0x16 mesh/core/libmesh_core_nrf51422_xxAC.a(log.c.obj)
                0x00023e08                log_printf
 .text.get_area_end
                0x00023e1e        0xc mesh/core/libmesh_core_nrf51422_xxAC.a(flash_manager.c.obj)
 *fill*         0x00023e2a        0x2 
 .text.handle_matches_filter
                0x00023e2c       0x28 mesh/core/libmesh_core_nrf51422_xxAC.a(flash_manager.c.obj)
 .text.get_packet_buffer
                0x00023e54       0x30 mesh/core/libmesh_core_nrf51422_xxAC.a(flash_manager.c.obj)
 .text.get_entry_action
                0x00023e84       0x30 mesh/core/libmesh_core_nrf51422_xxAC.a(flash_manager.c.obj)
 .text.flash_area_is_blank
                0x00023eb4       0x50 mesh/core/libmesh_core_nrf51422_xxAC.a(flash_manager.c.obj)
 .text.flash    0x00023f04       0x1e mesh/core/libmesh_core_nrf51422_xxAC.a(flash_manager.c.obj)
 *fill*         0x00023f22        0x2 
 .text.free_packet_buffer
                0x00023f24       0x4c mesh/core/libmesh_core_nrf51422_xxAC.a(flash_manager.c.obj)
 .text.reserve_action_buffer
                0x00023f70       0x20 mesh/core/libmesh_core_nrf51422_xxAC.a(flash_manager.c.obj)
 .text.commit_action_buffer
                0x00023f90       0x18 mesh/core/libmesh_core_nrf51422_xxAC.a(flash_manager.c.obj)
 .text.schedule_processing
                0x00023fa8       0x10 mesh/core/libmesh_core_nrf51422_xxAC.a(flash_manager.c.obj)
 .text.get_next_entry
                0x00023fb8       0x44 mesh/core/libmesh_core_nrf51422_xxAC.a(flash_manager.c.obj)
 .text.get_last_entry.isra.1
                0x00023ffc       0x34 mesh/core/libmesh_core_nrf51422_xxAC.a(flash_manager.c.obj)
 .text.process_action_queue
                0x00024030      0x49c mesh/core/libmesh_core_nrf51422_xxAC.a(flash_manager.c.obj)
 .text.flash_op_ended_callback
                0x000244cc       0x24 mesh/core/libmesh_core_nrf51422_xxAC.a(flash_manager.c.obj)
 .text.flash_manager_init
                0x000244f0       0x68 mesh/core/libmesh_core_nrf51422_xxAC.a(flash_manager.c.obj)
                0x000244f0                flash_manager_init
 .text.flash_manager_entry_next_get
                0x00024558       0x74 mesh/core/libmesh_core_nrf51422_xxAC.a(flash_manager.c.obj)
                0x00024558                flash_manager_entry_next_get
 .text.flash_manager_entry_alloc
                0x000245cc       0x88 mesh/core/libmesh_core_nrf51422_xxAC.a(flash_manager.c.obj)
                0x000245cc                flash_manager_entry_alloc
 .text.flash_manager_entry_commit
                0x00024654       0x10 mesh/core/libmesh_core_nrf51422_xxAC.a(flash_manager.c.obj)
                0x00024654                flash_manager_entry_commit
 .text.flash_manager_entry_invalidate
                0x00024664       0x70 mesh/core/libmesh_core_nrf51422_xxAC.a(flash_manager.c.obj)
                0x00024664                flash_manager_entry_invalidate
 .text.flash_manager_add
                0x000246d4      0x250 mesh/core/libmesh_core_nrf51422_xxAC.a(flash_manager.c.obj)
                0x000246d4                flash_manager_add
 .text.flash_manager_mem_listener_register
                0x00024924       0x48 mesh/core/libmesh_core_nrf51422_xxAC.a(flash_manager.c.obj)
                0x00024924                flash_manager_mem_listener_register
 .text.flash_manager_is_stable
                0x0002496c       0x24 mesh/core/libmesh_core_nrf51422_xxAC.a(flash_manager.c.obj)
                0x0002496c                flash_manager_is_stable
 .text.flash_manager_on_defrag_end
                0x00024990       0x5c mesh/core/libmesh_core_nrf51422_xxAC.a(flash_manager.c.obj)
                0x00024990                flash_manager_on_defrag_end
 .text.flash_manager_recovery_page_get
                0x000249ec        0x8 mesh/core/libmesh_core_nrf51422_xxAC.a(flash_manager.c.obj)
                0x000249ec                flash_manager_recovery_page_get
 .text.utils_xor
                0x000249f4       0x16 mesh/core/libmesh_core_nrf51422_xxAC.a(ccm_soft.c.obj)
 .text.ccm_soft_authenticate_blocks
                0x00024a0a       0x66 mesh/core/libmesh_core_nrf51422_xxAC.a(ccm_soft.c.obj)
 .text.utils_reverse_memcpy.constprop.0
                0x00024a70        0xa mesh/core/libmesh_core_nrf51422_xxAC.a(ccm_soft.c.obj)
 .text.ccm_soft_authenticate
                0x00024a7a       0x94 mesh/core/libmesh_core_nrf51422_xxAC.a(ccm_soft.c.obj)
 .text.ccm_soft_crypt
                0x00024b0e       0x58 mesh/core/libmesh_core_nrf51422_xxAC.a(ccm_soft.c.obj)
 .text.ccm_soft_encrypt
                0x00024b66       0x6e mesh/core/libmesh_core_nrf51422_xxAC.a(ccm_soft.c.obj)
                0x00024b66                ccm_soft_encrypt
 .text.ccm_soft_decrypt
                0x00024bd4      0x10c mesh/core/libmesh_core_nrf51422_xxAC.a(ccm_soft.c.obj)
                0x00024bd4                ccm_soft_decrypt
 .text.beacon_init
                0x00024ce0       0x4c mesh/core/libmesh_core_nrf51422_xxAC.a(beacon.c.obj)
                0x00024ce0                beacon_init
 .text.beacon_create
                0x00024d2c       0x46 mesh/core/libmesh_core_nrf51422_xxAC.a(beacon.c.obj)
                0x00024d2c                beacon_create
 *fill*         0x00024d72        0x2 
 .text.beacon_tx
                0x00024d74       0x40 mesh/core/libmesh_core_nrf51422_xxAC.a(beacon.c.obj)
                0x00024d74                beacon_tx
 .text.beacon_packet_in
                0x00024db4      0x164 mesh/core/libmesh_core_nrf51422_xxAC.a(beacon.c.obj)
                0x00024db4                beacon_packet_in
 .text.entry_get
                0x00024f18       0x80 mesh/core/libmesh_core_nrf51422_xxAC.a(flash_manager_internal.c.obj)
                0x00024f18                entry_get
 .text.adv_tx_complete_callback
                0x00024f98       0x50 mesh/core/libmesh_core_nrf51422_xxAC.a(core_tx.c.obj)
 .text.core_tx_init
                0x00024fe8       0x4c mesh/core/libmesh_core_nrf51422_xxAC.a(core_tx.c.obj)
                0x00024fe8                core_tx_init
 .text.core_tx_complete_cb_set
                0x00025034        0xc mesh/core/libmesh_core_nrf51422_xxAC.a(core_tx.c.obj)
                0x00025034                core_tx_complete_cb_set
 .text.core_tx_packet_alloc
                0x00025040       0xa4 mesh/core/libmesh_core_nrf51422_xxAC.a(core_tx.c.obj)
                0x00025040                core_tx_packet_alloc
 .text.core_tx_packet_send
                0x000250e4       0x78 mesh/core/libmesh_core_nrf51422_xxAC.a(core_tx.c.obj)
                0x000250e4                core_tx_packet_send
 .text.core_tx_packet_discard
                0x0002515c       0x78 mesh/core/libmesh_core_nrf51422_xxAC.a(core_tx.c.obj)
                0x0002515c                core_tx_packet_discard
 .text.network_beacon_tx_cb
                0x000251d4       0xf0 mesh/core/libmesh_core_nrf51422_xxAC.a(net_beacon.c.obj)
 .text.net_beacon_init
                0x000252c4       0x5c mesh/core/libmesh_core_nrf51422_xxAC.a(net_beacon.c.obj)
                0x000252c4                net_beacon_init
 .text.net_beacon_packet_in
                0x00025320       0xd8 mesh/core/libmesh_core_nrf51422_xxAC.a(net_beacon.c.obj)
                0x00025320                net_beacon_packet_in
 .text.set_gap_addr_type
                0x000253f8       0x30 mesh/core/libmesh_core_nrf51422_xxAC.a(advertiser.c.obj)
 .text.tx_complete_event_callback
                0x00025428       0x44 mesh/core/libmesh_core_nrf51422_xxAC.a(advertiser.c.obj)
 .text.broadcast_complete_cb
                0x0002546c       0x68 mesh/core/libmesh_core_nrf51422_xxAC.a(advertiser.c.obj)
 .text.schedule_first_time
                0x000254d4       0x28 mesh/core/libmesh_core_nrf51422_xxAC.a(advertiser.c.obj)
 .text.timeout_event
                0x000254fc      0x12c mesh/core/libmesh_core_nrf51422_xxAC.a(advertiser.c.obj)
 .text.advertiser_init
                0x00025628       0x10 mesh/core/libmesh_core_nrf51422_xxAC.a(advertiser.c.obj)
                0x00025628                advertiser_init
 .text.advertiser_enable
                0x00025638       0x2c mesh/core/libmesh_core_nrf51422_xxAC.a(advertiser.c.obj)
                0x00025638                advertiser_enable
 .text.advertiser_packet_alloc
                0x00025664       0xac mesh/core/libmesh_core_nrf51422_xxAC.a(advertiser.c.obj)
                0x00025664                advertiser_packet_alloc
 .text.advertiser_packet_send
                0x00025710       0x74 mesh/core/libmesh_core_nrf51422_xxAC.a(advertiser.c.obj)
                0x00025710                advertiser_packet_send
 .text.advertiser_packet_discard
                0x00025784       0x2c mesh/core/libmesh_core_nrf51422_xxAC.a(advertiser.c.obj)
                0x00025784                advertiser_packet_discard
 .text.advertiser_interval_set
                0x000257b0       0x68 mesh/core/libmesh_core_nrf51422_xxAC.a(advertiser.c.obj)
                0x000257b0                advertiser_interval_set
 .text.advertiser_flush
                0x00025818       0x22 mesh/core/libmesh_core_nrf51422_xxAC.a(advertiser.c.obj)
                0x00025818                advertiser_flush
 *fill*         0x0002583a        0x2 
 .text.advertiser_address_default_get
                0x0002583c       0x30 mesh/core/libmesh_core_nrf51422_xxAC.a(advertiser.c.obj)
                0x0002583c                advertiser_address_default_get
 .text.advertiser_instance_init
                0x0002586c       0xb4 mesh/core/libmesh_core_nrf51422_xxAC.a(advertiser.c.obj)
                0x0002586c                advertiser_instance_init
 .text.action_switch
                0x00025920       0xc4 mesh/core/libmesh_core_nrf51422_xxAC.a(bearer_handler.c.obj)
 .text.bearer_handler_init
                0x000259e4       0x2c mesh/core/libmesh_core_nrf51422_xxAC.a(bearer_handler.c.obj)
                0x000259e4                bearer_handler_init
 .text.bearer_handler_start
                0x00025a10       0x1c mesh/core/libmesh_core_nrf51422_xxAC.a(bearer_handler.c.obj)
                0x00025a10                bearer_handler_start
 .text.bearer_handler_action_enqueue
                0x00025a2c       0x9c mesh/core/libmesh_core_nrf51422_xxAC.a(bearer_handler.c.obj)
                0x00025a2c                bearer_handler_action_enqueue
 .text.bearer_handler_action_end
                0x00025ac8       0x7c mesh/core/libmesh_core_nrf51422_xxAC.a(bearer_handler.c.obj)
                0x00025ac8                bearer_handler_action_end
 .text.bearer_handler_radio_irq_handler
                0x00025b44       0x6c mesh/core/libmesh_core_nrf51422_xxAC.a(bearer_handler.c.obj)
                0x00025b44                bearer_handler_radio_irq_handler
 .text.bearer_handler_timer_irq_handler
                0x00025bb0       0x30 mesh/core/libmesh_core_nrf51422_xxAC.a(bearer_handler.c.obj)
                0x00025bb0                bearer_handler_timer_irq_handler
 .text.bearer_handler_on_ts_begin
                0x00025be0       0x4c mesh/core/libmesh_core_nrf51422_xxAC.a(bearer_handler.c.obj)
                0x00025be0                bearer_handler_on_ts_begin
 .text.bearer_handler_on_ts_end
                0x00025c2c       0x50 mesh/core/libmesh_core_nrf51422_xxAC.a(bearer_handler.c.obj)
                0x00025c2c                bearer_handler_on_ts_end
 .text.radio_irq_handler
                0x00025c7c       0xbc mesh/core/libmesh_core_nrf51422_xxAC.a(broadcast.c.obj)
 .text.broadcast_start
                0x00025d38       0x98 mesh/core/libmesh_core_nrf51422_xxAC.a(broadcast.c.obj)
 .text.broadcast_send
                0x00025dd0       0x80 mesh/core/libmesh_core_nrf51422_xxAC.a(broadcast.c.obj)
                0x00025dd0                broadcast_send
 .text.radio_config_reset
                0x00025e50       0x48 mesh/core/libmesh_core_nrf51422_xxAC.a(radio_config.c.obj)
                0x00025e50                radio_config_reset
 .text.radio_config_channel_set
                0x00025e98       0x3c mesh/core/libmesh_core_nrf51422_xxAC.a(radio_config.c.obj)
                0x00025e98                radio_config_channel_set
 .text.radio_config_config
                0x00025ed4       0xb0 mesh/core/libmesh_core_nrf51422_xxAC.a(radio_config.c.obj)
                0x00025ed4                radio_config_config
 .text.radio_config_access_addr_set
                0x00025f84       0x74 mesh/core/libmesh_core_nrf51422_xxAC.a(radio_config.c.obj)
                0x00025f84                radio_config_access_addr_set
 .text.radio_trigger
                0x00025ff8       0x24 mesh/core/libmesh_core_nrf51422_xxAC.a(scanner.c.obj)
 .text.scan_window_end
                0x0002601c       0x14 mesh/core/libmesh_core_nrf51422_xxAC.a(scanner.c.obj)
 .text.scan_window_start
                0x00026030       0x28 mesh/core/libmesh_core_nrf51422_xxAC.a(scanner.c.obj)
 .text.radio_configure
                0x00026058       0x88 mesh/core/libmesh_core_nrf51422_xxAC.a(scanner.c.obj)
 .text.radio_set_packet
                0x000260e0       0x58 mesh/core/libmesh_core_nrf51422_xxAC.a(scanner.c.obj)
 .text.radio_start
                0x00026138       0x54 mesh/core/libmesh_core_nrf51422_xxAC.a(scanner.c.obj)
 .text.radio_stop
                0x0002618c       0x38 mesh/core/libmesh_core_nrf51422_xxAC.a(scanner.c.obj)
 .text.schedule_timers
                0x000261c4       0x34 mesh/core/libmesh_core_nrf51422_xxAC.a(scanner.c.obj)
 .text.scanner_radio_start
                0x000261f8       0x28 mesh/core/libmesh_core_nrf51422_xxAC.a(scanner.c.obj)
                0x000261f8                scanner_radio_start
 .text.scanner_radio_stop
                0x00026220       0x14 mesh/core/libmesh_core_nrf51422_xxAC.a(scanner.c.obj)
                0x00026220                scanner_radio_stop
 .text.scanner_radio_irq_handler
                0x00026234      0x124 mesh/core/libmesh_core_nrf51422_xxAC.a(scanner.c.obj)
                0x00026234                scanner_radio_irq_handler
 .text.scanner_enable
                0x00026358       0x34 mesh/core/libmesh_core_nrf51422_xxAC.a(scanner.c.obj)
                0x00026358                scanner_enable
 .text.scanner_packet_release
                0x0002638c       0x38 mesh/core/libmesh_core_nrf51422_xxAC.a(scanner.c.obj)
                0x0002638c                scanner_packet_release
 .text.scanner_rx
                0x000263c4       0x34 mesh/core/libmesh_core_nrf51422_xxAC.a(scanner.c.obj)
                0x000263c4                scanner_rx
 .text.scanner_config_scan_time_set
                0x000263f8       0x6c mesh/core/libmesh_core_nrf51422_xxAC.a(scanner.c.obj)
                0x000263f8                scanner_config_scan_time_set
 .text.scanner_config_channels_set
                0x00026464       0x68 mesh/core/libmesh_core_nrf51422_xxAC.a(scanner.c.obj)
                0x00026464                scanner_config_channels_set
 .text.scanner_config_access_addresses_set
                0x000264cc       0x44 mesh/core/libmesh_core_nrf51422_xxAC.a(scanner.c.obj)
                0x000264cc                scanner_config_access_addresses_set
 .text.scanner_config_reset
                0x00026510       0x44 mesh/core/libmesh_core_nrf51422_xxAC.a(scanner.c.obj)
                0x00026510                scanner_config_reset
 .text.scanner_init
                0x00026554       0x48 mesh/core/libmesh_core_nrf51422_xxAC.a(scanner.c.obj)
                0x00026554                scanner_init
 .text.internal_event_push
                0x0002659c       0x30 mesh/core/libmesh_core_nrf51422_xxAC.a(internal_event.c.obj)
                0x0002659c                internal_event_push
 .text.sd_ecb_block_encrypt
                0x000265cc        0x4 mesh/core/libmesh_core_nrf51422_xxAC.a(aes.c.obj)
 .text.aes_encrypt
                0x000265d0       0x30 mesh/core/libmesh_core_nrf51422_xxAC.a(aes.c.obj)
                0x000265d0                aes_encrypt
 .text.msg_cache_init
                0x00026600       0x28 mesh/core/libmesh_core_nrf51422_xxAC.a(msg_cache.c.obj)
                0x00026600                msg_cache_init
 .text.msg_cache_entry_exists
                0x00026628       0x40 mesh/core/libmesh_core_nrf51422_xxAC.a(msg_cache.c.obj)
                0x00026628                msg_cache_entry_exists
 .text.msg_cache_entry_add
                0x00026668       0x2c mesh/core/libmesh_core_nrf51422_xxAC.a(msg_cache.c.obj)
                0x00026668                msg_cache_entry_add
 .text.block_ack_full
                0x00026694       0x2c mesh/core/libmesh_core_nrf51422_xxAC.a(transport.c.obj)
 .text.seqauth_sequence_number_get
                0x000266c0       0x18 mesh/core/libmesh_core_nrf51422_xxAC.a(transport.c.obj)
 .text.sar_rx_session_mark_as_handled
                0x000266d8       0x54 mesh/core/libmesh_core_nrf51422_xxAC.a(transport.c.obj)
 .text.sar_ctx_find
                0x0002672c       0x40 mesh/core/libmesh_core_nrf51422_xxAC.a(transport.c.obj)
 .text.m_send_sar_cancel_event
                0x0002676c       0x26 mesh/core/libmesh_core_nrf51422_xxAC.a(transport.c.obj)
 *fill*         0x00026792        0x2 
 .text.tx_complete
                0x00026794       0x30 mesh/core/libmesh_core_nrf51422_xxAC.a(transport.c.obj)
 .text.upper_trs_packet_alloc
                0x000267c4       0x30 mesh/core/libmesh_core_nrf51422_xxAC.a(transport.c.obj)
 .text.upper_trs_packet_encrypt
                0x000267f4       0xc4 mesh/core/libmesh_core_nrf51422_xxAC.a(transport.c.obj)
 .text.sar_ctx_free
                0x000268b8       0x38 mesh/core/libmesh_core_nrf51422_xxAC.a(transport.c.obj)
 .text.sar_ctx_tx_complete
                0x000268f0       0x3c mesh/core/libmesh_core_nrf51422_xxAC.a(transport.c.obj)
 .text.sar_ctx_cancel
                0x0002692c      0x110 mesh/core/libmesh_core_nrf51422_xxAC.a(transport.c.obj)
 .text.abort_timeout
                0x00026a3c        0xc mesh/core/libmesh_core_nrf51422_xxAC.a(transport.c.obj)
 .text.sar_ctx_alloc
                0x00026a48       0xc4 mesh/core/libmesh_core_nrf51422_xxAC.a(transport.c.obj)
 .text.test_transport_decrypt
                0x00026b0c       0x90 mesh/core/libmesh_core_nrf51422_xxAC.a(transport.c.obj)
 .text.upper_transport_access_packet_in
                0x00026b9c      0x290 mesh/core/libmesh_core_nrf51422_xxAC.a(transport.c.obj)
 .text.trs_packet_header_build
                0x00026e2c       0x96 mesh/core/libmesh_core_nrf51422_xxAC.a(transport.c.obj)
 *fill*         0x00026ec2        0x2 
 .text.trs_sar_packet_out
                0x00026ec4       0xc4 mesh/core/libmesh_core_nrf51422_xxAC.a(transport.c.obj)
 .text.retry_timeout
                0x00026f88       0x54 mesh/core/libmesh_core_nrf51422_xxAC.a(transport.c.obj)
 .text.sar_ack_send
                0x00026fdc      0x11c mesh/core/libmesh_core_nrf51422_xxAC.a(transport.c.obj)
 .text.ack_timeout
                0x000270f8       0x3c mesh/core/libmesh_core_nrf51422_xxAC.a(transport.c.obj)
 .text.tx_retry_timer_reset
                0x00027134       0x50 mesh/core/libmesh_core_nrf51422_xxAC.a(transport.c.obj)
 .text.upper_transport_packet_in
                0x00027184      0x174 mesh/core/libmesh_core_nrf51422_xxAC.a(transport.c.obj)
 .text.transport_sar_process
                0x000272f8       0x78 mesh/core/libmesh_core_nrf51422_xxAC.a(transport.c.obj)
 .text.transport_sar_mem_funcs_reset
                0x00027370       0x2c mesh/core/libmesh_core_nrf51422_xxAC.a(transport.c.obj)
                0x00027370                transport_sar_mem_funcs_reset
 .text.transport_init
                0x0002739c       0x74 mesh/core/libmesh_core_nrf51422_xxAC.a(transport.c.obj)
                0x0002739c                transport_init
 .text.transport_packet_in
                0x00027410      0x4f0 mesh/core/libmesh_core_nrf51422_xxAC.a(transport.c.obj)
                0x00027410                transport_packet_in
 .text.transport_tx
                0x00027900      0x2b8 mesh/core/libmesh_core_nrf51422_xxAC.a(transport.c.obj)
                0x00027900                transport_tx
 .text.m_adjust_desired_packet_length
                0x00027bb8       0x34 mesh/core/libmesh_core_nrf51422_xxAC.a(packet_buffer.c.obj)
 .text.m_index_increment.part.0
                0x00027bec       0x18 mesh/core/libmesh_core_nrf51422_xxAC.a(packet_buffer.c.obj)
 .text.m_free_popped_packet
                0x00027c04       0x64 mesh/core/libmesh_core_nrf51422_xxAC.a(packet_buffer.c.obj)
 .text.free_skipped_packets
                0x00027c68       0x1c mesh/core/libmesh_core_nrf51422_xxAC.a(packet_buffer.c.obj)
 .text.packet_buffer_init
                0x00027c84       0xe0 mesh/core/libmesh_core_nrf51422_xxAC.a(packet_buffer.c.obj)
                0x00027c84                packet_buffer_init
 .text.packet_buffer_flush
                0x00027d64       0x60 mesh/core/libmesh_core_nrf51422_xxAC.a(packet_buffer.c.obj)
                0x00027d64                packet_buffer_flush
 .text.packet_buffer_reserve
                0x00027dc4      0x11c mesh/core/libmesh_core_nrf51422_xxAC.a(packet_buffer.c.obj)
                0x00027dc4                packet_buffer_reserve
 .text.packet_buffer_commit
                0x00027ee0      0x10c mesh/core/libmesh_core_nrf51422_xxAC.a(packet_buffer.c.obj)
                0x00027ee0                packet_buffer_commit
 .text.packet_buffer_pop
                0x00027fec       0x64 mesh/core/libmesh_core_nrf51422_xxAC.a(packet_buffer.c.obj)
                0x00027fec                packet_buffer_pop
 .text.packet_buffer_can_pop
                0x00028050       0x2c mesh/core/libmesh_core_nrf51422_xxAC.a(packet_buffer.c.obj)
                0x00028050                packet_buffer_can_pop
 .text.packet_buffer_packets_ready_to_pop
                0x0002807c       0x58 mesh/core/libmesh_core_nrf51422_xxAC.a(packet_buffer.c.obj)
                0x0002807c                packet_buffer_packets_ready_to_pop
 .text.packet_buffer_free
                0x000280d4       0x94 mesh/core/libmesh_core_nrf51422_xxAC.a(packet_buffer.c.obj)
                0x000280d4                packet_buffer_free
 .text.get_last_page
                0x00028168       0x14 mesh/core/libmesh_core_nrf51422_xxAC.a(flash_manager_defrag.c.obj)
 .text.defrag_on_end
                0x0002817c       0x1c mesh/core/libmesh_core_nrf51422_xxAC.a(flash_manager_defrag.c.obj)
 .text.execute_procedure_step
                0x00028198       0xac mesh/core/libmesh_core_nrf51422_xxAC.a(flash_manager_defrag.c.obj)
 .text.get_next_entry
                0x00028244       0x44 mesh/core/libmesh_core_nrf51422_xxAC.a(flash_manager_defrag.c.obj)
 .text.get_next_data_entry
                0x00028288       0x24 mesh/core/libmesh_core_nrf51422_xxAC.a(flash_manager_defrag.c.obj)
 .text.on_flash_op_end
                0x000282ac       0x34 mesh/core/libmesh_core_nrf51422_xxAC.a(flash_manager_defrag.c.obj)
 .text.check_for_invalid_entries
                0x000282e0       0x3c mesh/core/libmesh_core_nrf51422_xxAC.a(flash_manager_defrag.c.obj)
 .text.erase_recovery_area
                0x0002831c       0x30 mesh/core/libmesh_core_nrf51422_xxAC.a(flash_manager_defrag.c.obj)
 .text.flash.constprop.6
                0x0002834c       0x20 mesh/core/libmesh_core_nrf51422_xxAC.a(flash_manager_defrag.c.obj)
 .text.seal_storage_page
                0x0002836c       0x58 mesh/core/libmesh_core_nrf51422_xxAC.a(flash_manager_defrag.c.obj)
 .text.invalidate_duplicate_entries
                0x000283c4       0x88 mesh/core/libmesh_core_nrf51422_xxAC.a(flash_manager_defrag.c.obj)
 .text.copy_metadata
                0x0002844c       0x40 mesh/core/libmesh_core_nrf51422_xxAC.a(flash_manager_defrag.c.obj)
 .text.write_defrag_start_pointer
                0x0002848c       0x20 mesh/core/libmesh_core_nrf51422_xxAC.a(flash_manager_defrag.c.obj)
 .text.write_back
                0x000284ac       0x2c mesh/core/libmesh_core_nrf51422_xxAC.a(flash_manager_defrag.c.obj)
 .text.post_process