Archive member included to satisfy reference by file (symbol)

mesh/core/libmesh_core_nrf51422_xxAC.a(internal_event.c.obj)
                              examples/serial/CMakeFiles/serial_nrf51422_xxAC_s130_2.0.1.dir/__/__/mesh/serial/src/serial_handler_device.c.obj (internal_event_init)
mesh/core/libmesh_core_nrf51422_xxAC.a(nrf_mesh_configure.c.obj)
                              examples/serial/CMakeFiles/serial_nrf51422_xxAC_s130_2.0.1.dir/__/__/mesh/serial/src/serial_handler_config.c.obj (nrf_mesh_configure_device_uuid_set)
mesh/core/libmesh_core_nrf51422_xxAC.a(event.c.obj)
                              examples/serial/CMakeFiles/serial_nrf51422_xxAC_s130_2.0.1.dir/__/__/mesh/prov/src/prov_provisioner.c.obj (event_handle)
mesh/core/libmesh_core_nrf51422_xxAC.a(packet_buffer.c.obj)
                              examples/serial/CMakeFiles/serial_nrf51422_xxAC_s130_2.0.1.dir/__/__/mesh/serial/src/serial_bearer.c.obj (packet_buffer_max_packet_len_get)
mesh/core/libmesh_core_nrf51422_xxAC.a(fifo.c.obj)
                              mesh/core/libmesh_core_nrf51422_xxAC.a(internal_event.c.obj) (fifo_init)
mesh/core/libmesh_core_nrf51422_xxAC.a(net_state.c.obj)
                              examples/serial/CMakeFiles/serial_nrf51422_xxAC_s130_2.0.1.dir/__/__/mesh/serial/src/serial_handler_mesh.c.obj (net_state_reset)
mesh/core/libmesh_core_nrf51422_xxAC.a(nrf_mesh_utils.c.obj)
                              examples/serial/CMakeFiles/serial_nrf51422_xxAC_s130_2.0.1.dir/__/__/mesh/prov/src/prov_provisionee.c.obj (nrf_mesh_address_type_get)
mesh/core/libmesh_core_nrf51422_xxAC.a(nrf_mesh.c.obj)
                              examples/serial/CMakeFiles/serial_nrf51422_xxAC_s130_2.0.1.dir/__/nrf_mesh_sdk.c.obj (nrf_mesh_init)
mesh/core/libmesh_core_nrf51422_xxAC.a(hal.c.obj)
                              examples/serial/CMakeFiles/serial_nrf51422_xxAC_s130_2.0.1.dir/__/__/mesh/serial/src/serial_handler_device.c.obj (hal_device_reset)
mesh/core/libmesh_core_nrf51422_xxAC.a(timer_scheduler.c.obj)
                              mesh/core/libmesh_core_nrf51422_xxAC.a(nrf_mesh.c.obj) (timer_sch_init)
mesh/core/libmesh_core_nrf51422_xxAC.a(timer.c.obj)
                              mesh/core/libmesh_core_nrf51422_xxAC.a(timer_scheduler.c.obj) (timer_order_cb)
mesh/core/libmesh_core_nrf51422_xxAC.a(ticker.c.obj)
                              mesh/core/libmesh_core_nrf51422_xxAC.a(nrf_mesh.c.obj) (ticker_init)
mesh/core/libmesh_core_nrf51422_xxAC.a(rand.c.obj)
                              examples/serial/CMakeFiles/serial_nrf51422_xxAC_s130_2.0.1.dir/__/__/mesh/prov/src/prov_utils.c.obj (rand_hw_rng_get)
mesh/core/libmesh_core_nrf51422_xxAC.a(nrf_mesh_opt.c.obj)
                              examples/serial/CMakeFiles/serial_nrf51422_xxAC_s130_2.0.1.dir/src/main.c.obj (nrf_mesh_opt_set)
mesh/core/libmesh_core_nrf51422_xxAC.a(timeslot.c.obj)
                              mesh/core/libmesh_core_nrf51422_xxAC.a(nrf_mesh.c.obj) (timeslot_sd_event_handler)
mesh/core/libmesh_core_nrf51422_xxAC.a(bearer_event.c.obj)
                              mesh/core/libmesh_core_nrf51422_xxAC.a(nrf_mesh.c.obj) (bearer_event_init)
mesh/core/libmesh_core_nrf51422_xxAC.a(enc.c.obj)
                              examples/serial/CMakeFiles/serial_nrf51422_xxAC_s130_2.0.1.dir/__/__/mesh/prov/src/prov_utils.c.obj (enc_aes_cmac)
mesh/core/libmesh_core_nrf51422_xxAC.a(network.c.obj)
                              mesh/core/libmesh_core_nrf51422_xxAC.a(nrf_mesh.c.obj) (network_init)
mesh/core/libmesh_core_nrf51422_xxAC.a(nrf_mesh_keygen.c.obj)
                              examples/serial/CMakeFiles/serial_nrf51422_xxAC_s130_2.0.1.dir/__/__/mesh/access/src/device_state_manager.c.obj (nrf_mesh_keygen_aid)
mesh/core/libmesh_core_nrf51422_xxAC.a(log.c.obj)
                              examples/serial/CMakeFiles/serial_nrf51422_xxAC_s130_2.0.1.dir/src/main.c.obj (log_callback_rtt)
mesh/core/libmesh_core_nrf51422_xxAC.a(flash_manager.c.obj)
                              mesh/core/libmesh_core_nrf51422_xxAC.a(nrf_mesh.c.obj) (flash_manager_init)
mesh/core/libmesh_core_nrf51422_xxAC.a(ccm_soft.c.obj)
                              mesh/core/libmesh_core_nrf51422_xxAC.a(enc.c.obj) (ccm_soft_encrypt)
mesh/core/libmesh_core_nrf51422_xxAC.a(beacon.c.obj)
                              mesh/core/libmesh_core_nrf51422_xxAC.a(nrf_mesh.c.obj) (beacon_init)
mesh/core/libmesh_core_nrf51422_xxAC.a(flash_manager_internal.c.obj)
                              mesh/core/libmesh_core_nrf51422_xxAC.a(flash_manager.c.obj) (entry_get)
mesh/core/libmesh_core_nrf51422_xxAC.a(core_tx.c.obj)
                              mesh/core/libmesh_core_nrf51422_xxAC.a(nrf_mesh.c.obj) (core_tx_init)
mesh/core/libmesh_core_nrf51422_xxAC.a(net_beacon.c.obj)
                              mesh/core/libmesh_core_nrf51422_xxAC.a(network.c.obj) (net_beacon_init)
mesh/core/libmesh_core_nrf51422_xxAC.a(advertiser.c.obj)
[...]
Memory Configuration

Name             Origin             Length             Attributes
FLASH            0x0001b000         0x0001f000         xr
RAM              0x200022d8         0x00005a28         xrw
*default*        0x00000000         0xffffffff

Linker script and memory map

LOAD c:/a/gcc_arm/6/bin/../lib/gcc/arm-none-eabi/6.3.1/thumb/v6-m/crti.o
LOAD c:/a/gcc_arm/6/bin/../lib/gcc/arm-none-eabi/6.3.1/thumb/v6-m/crtbegin.o
LOAD c:/a/gcc_arm/6/bin/../lib/gcc/arm-none-eabi/6.3.1/../../../../arm-none-eabi/lib/thumb/v6-m/crt0.o
LOAD examples/serial/CMakeFiles/serial_nrf51422_xxAC_s130_2.0.1.dir/src/main.c.obj
LOAD examples/serial/CMakeFiles/serial_nrf51422_xxAC_s130_2.0.1.dir/__/nrf_mesh_sdk.c.obj
LOAD examples/serial/CMakeFiles/serial_nrf51422_xxAC_s130_2.0.1.dir/__/__/mesh/prov/src/prov_provisioner.c.obj
LOAD examples/serial/CMakeFiles/serial_nrf51422_xxAC_s130_2.0.1.dir/__/__/mesh/prov/src/prov_provisionee.c.obj
LOAD examples/serial/CMakeFiles/serial_nrf51422_xxAC_s130_2.0.1.dir/__/__/mesh/prov/src/nrf_mesh_prov.c.obj
LOAD examples/serial/CMakeFiles/serial_nrf51422_xxAC_s130_2.0.1.dir/__/__/mesh/prov/src/provisioning.c.obj
LOAD examples/serial/CMakeFiles/serial_nrf51422_xxAC_s130_2.0.1.dir/__/__/mesh/prov/src/prov_beacon.c.obj
LOAD examples/serial/CMakeFiles/serial_nrf51422_xxAC_s130_2.0.1.dir/__/__/mesh/prov/src/prov_utils.c.obj
LOAD examples/serial/CMakeFiles/serial_nrf51422_xxAC_s130_2.0.1.dir/__/__/mesh/prov/src/prov_bearer_adv.c.obj
LOAD examples/serial/CMakeFiles/serial_nrf51422_xxAC_s130_2.0.1.dir/__/__/mesh/access/src/access_publish.c.obj
LOAD examples/serial/CMakeFiles/serial_nrf51422_xxAC_s130_2.0.1.dir/__/__/mesh/access/src/access.c.obj
LOAD examples/serial/CMakeFiles/serial_nrf51422_xxAC_s130_2.0.1.dir/__/__/mesh/access/src/access_reliable.c.obj
LOAD examples/serial/CMakeFiles/serial_nrf51422_xxAC_s130_2.0.1.dir/__/__/mesh/access/src/device_state_manager.c.obj
LOAD examples/serial/CMakeFiles/serial_nrf51422_xxAC_s130_2.0.1.dir/__/__/mesh/serial/src/serial_uart.c.obj
LOAD examples/serial/CMakeFiles/serial_nrf51422_xxAC_s130_2.0.1.dir/__/__/mesh/serial/src/serial_bearer.c.obj
LOAD examples/serial/CMakeFiles/serial_nrf51422_xxAC_s130_2.0.1.dir/__/__/mesh/serial/src/serial_handler_common.c.obj
LOAD examples/serial/CMakeFiles/serial_nrf51422_xxAC_s130_2.0.1.dir/__/__/mesh/serial/src/serial_handler_access.c.obj
LOAD examples/serial/CMakeFiles/serial_nrf51422_xxAC_s130_2.0.1.dir/__/__/mesh/serial/src/serial_handler_config.c.obj
LOAD examples/serial/CMakeFiles/serial_nrf51422_xxAC_s130_2.0.1.dir/__/__/mesh/serial/src/serial_handler_openmesh.c.obj
LOAD examples/serial/CMakeFiles/serial_nrf51422_xxAC_s130_2.0.1.dir/__/__/mesh/serial/src/serial.c.obj
LOAD examples/serial/CMakeFiles/serial_nrf51422_xxAC_s130_2.0.1.dir/__/__/mesh/serial/src/serial_handler_prov.c.obj
LOAD examples/serial/CMakeFiles/serial_nrf51422_xxAC_s130_2.0.1.dir/__/__/mesh/serial/src/serial_handler_dfu.c.obj
LOAD examples/serial/CMakeFiles/serial_nrf51422_xxAC_s130_2.0.1.dir/__/__/mesh/serial/src/serial_handler_mesh.c.obj
LOAD examples/serial/CMakeFiles/serial_nrf51422_xxAC_s130_2.0.1.dir/__/__/mesh/serial/src/serial_handler_models.c.obj
LOAD examples/serial/CMakeFiles/serial_nrf51422_xxAC_s130_2.0.1.dir/__/__/mesh/serial/src/serial_handler_device.c.obj
LOAD examples/serial/CMakeFiles/serial_nrf51422_xxAC_s130_2.0.1.dir/__/__/mesh/serial/src/nrf_mesh_serial.c.obj
LOAD examples/serial/CMakeFiles/serial_nrf51422_xxAC_s130_2.0.1.dir/__/__/mesh/serial/src/serial_handler_app.c.obj
LOAD examples/serial/CMakeFiles/serial_nrf51422_xxAC_s130_2.0.1.dir/__/nrf_mesh_weak.c.obj
LOAD examples/serial/CMakeFiles/serial_nrf51422_xxAC_s130_2.0.1.dir/__/__/external/nRF5_SDK_14.0.0_3bcc1f7/components/toolchain/system_nrf51.c.obj
LOAD examples/serial/CMakeFiles/serial_nrf51422_xxAC_s130_2.0.1.dir/__/__/external/nRF5_SDK_14.0.0_3bcc1f7/components/toolchain/gcc/gcc_startup_nrf51.S.obj
LOAD mesh/core/libmesh_core_nrf51422_xxAC.a
LOAD external/micro-ecc/libuECC_nrf51422_xxAC.a
LOAD external/rtt/librtt_nrf51422_xxAC.a
START GROUP
LOAD c:/a/gcc_arm/6/bin/../lib/gcc/arm-none-eabi/6.3.1/thumb/v6-m\libgcc.a
LOAD c:/a/gcc_arm/6/bin/../lib/gcc/arm-none-eabi/6.3.1/../../../../arm-none-eabi/lib/thumb/v6-m\libc_nano.a
END GROUP
START GROUP
LOAD c:/a/gcc_arm/6/bin/../lib/gcc/arm-none-eabi/6.3.1/thumb/v6-m\libgcc.a
LOAD c:/a/gcc_arm/6/bin/../lib/gcc/arm-none-eabi/6.3.1/../../../../arm-none-eabi/lib/thumb/v6-m\libc_nano.a
END GROUP
LOAD c:/a/gcc_arm/6/bin/../lib/gcc/arm-none-eabi/6.3.1/thumb/v6-m/crtend.o
LOAD c:/a/gcc_arm/6/bin/../lib/gcc/arm-none-eabi/6.3.1/thumb/v6-m/crtn.o
START GROUP
LOAD c:/a/gcc_arm/6/bin/../lib/gcc/arm-none-eabi/6.3.1/thumb/v6-m\libgcc.a
LOAD c:/a/gcc_arm/6/bin/../lib/gcc/arm-none-eabi/6.3.1/../../../../arm-none-eabi/lib/thumb/v6-m\libc.a
LOAD c:/a/gcc_arm/6/bin/../lib/gcc/arm-none-eabi/6.3.1/../../../../arm-none-eabi/lib/thumb/v6-m\libnosys.a
END GROUP

.text           0x0001b000    0x1259c
 *(.isr_vector)
 .isr_vector    0x0001b000       0xc0 examples/serial/CMakeFiles/serial_nrf51422_xxAC_s130_2.0.1.dir/__/__/external/nRF5_SDK_14.0.0_3bcc1f7/components/toolchain/gcc/gcc_startup_nrf51.S.obj
                0x0001b000                __isr_vector
 *(.text*)
 .text          0x0001b0c0       0x60 c:/a/gcc_arm/6/bin/../lib/gcc/arm-none-eabi/6.3.1/thumb/v6-m/crtbegin.o
 .text          0x0001b120       0x78 c:/a/gcc_arm/6/bin/../lib/gcc/arm-none-eabi/6.3.1/../../../../arm-none-eabi/lib/thumb/v6-m/crt0.o
                0x0001b120                _start
                0x0001b120                _mainCRTStartup
 .text.startup.main
                0x0001b198      0x214 examples/serial/CMakeFiles/serial_nrf51422_xxAC_s130_2.0.1.dir/src/main.c.obj
                0x0001b198                main
 .text.sd_evt_get
                0x0001b3ac        0x4 examples/serial/CMakeFiles/serial_nrf51422_xxAC_s130_2.0.1.dir/__/nrf_mesh_sdk.c.obj
 .text.sd_softdevice_enable
                0x0001b3b0        0x4 examples/serial/CMakeFiles/serial_nrf51422_xxAC_s130_2.0.1.dir/__/nrf_mesh_sdk.c.obj
 .text.sd_ble_enable
                0x0001b3b4        0x4 examples/serial/CMakeFiles/serial_nrf51422_xxAC_s130_2.0.1.dir/__/nrf_mesh_sdk.c.obj
 .text.sd_ble_evt_get
                0x0001b3b8        0x4 examples/serial/CMakeFiles/serial_nrf51422_xxAC_s130_2.0.1.dir/__/nrf_mesh_sdk.c.obj
 .text.sleep_forever
                0x0001b3bc       0x24 examples/serial/CMakeFiles/serial_nrf51422_xxAC_s130_2.0.1.dir/__/nrf_mesh_sdk.c.obj
 .text.mesh_assert_handler
                0x0001b3e0       0x64 examples/serial/CMakeFiles/serial_nrf51422_xxAC_s130_2.0.1.dir/__/nrf_mesh_sdk.c.obj
                0x0001b3e0                mesh_assert_handler
 .text.softdevice_assert_handler
                0x0001b444       0x7c examples/serial/CMakeFiles/serial_nrf51422_xxAC_s130_2.0.1.dir/__/nrf_mesh_sdk.c.obj
                0x0001b444                softdevice_assert_handler
 .text.app_error_handler
                0x0001b4c0       0x7c examples/serial/CMakeFiles/serial_nrf51422_xxAC_s130_2.0.1.dir/__/nrf_mesh_sdk.c.obj
                0x0001b4c0                app_error_handler
 .text.HardFault_Handler
                0x0001b53c       0x60 examples/serial/CMakeFiles/serial_nrf51422_xxAC_s130_2.0.1.dir/__/nrf_mesh_sdk.c.obj
                0x0001b53c                HardFault_Handler
 .text.SWI2_IRQHandler
                0x0001b59c       0x38 examples/serial/CMakeFiles/serial_nrf51422_xxAC_s130_2.0.1.dir/__/nrf_mesh_sdk.c.obj
                0x0001b59c                SWI2_IRQHandler
 .text.mesh_softdevice_enable
                0x0001b5d4      0x12c examples/serial/CMakeFiles/serial_nrf51422_xxAC_s130_2.0.1.dir/__/nrf_mesh_sdk.c.obj
                0x0001b5d4                mesh_softdevice_enable
 .text.mesh_softdevice_setup
                0x0001b700       0x80 examples/serial/CMakeFiles/serial_nrf51422_xxAC_s130_2.0.1.dir/__/nrf_mesh_sdk.c.obj
                0x0001b700                mesh_softdevice_setup
 .text.mesh_core_setup
                0x0001b780      0x158 examples/serial/CMakeFiles/serial_nrf51422_xxAC_s130_2.0.1.dir/__/nrf_mesh_sdk.c.obj
                0x0001b780                mesh_core_setup
 .text.send_confirmation
                0x0001b8d8       0x34 examples/serial/CMakeFiles/serial_nrf51422_xxAC_s130_2.0.1.dir/__/__/mesh/prov/src/prov_provisioner.c.obj
 .text.prov_provisioner_cb_link_closed
                0x0001b90c       0x28 examples/serial/CMakeFiles/serial_nrf51422_xxAC_s130_2.0.1.dir/__/__/mesh/prov/src/prov_provisioner.c.obj
 .text.prov_provisioner_cb_link_established
                0x0001b934       0x44 examples/serial/CMakeFiles/serial_nrf51422_xxAC_s130_2.0.1.dir/__/__/mesh/prov/src/prov_provisioner.c.obj
 .text.prov_provisioner_cb_ack_received
                0x0001b978       0x50 examples/serial/CMakeFiles/serial_nrf51422_xxAC_s130_2.0.1.dir/__/__/mesh/prov/src/prov_provisioner.c.obj
 .text.request_authentication
                0x0001b9c8       0x98 examples/serial/CMakeFiles/serial_nrf51422_xxAC_s130_2.0.1.dir/__/__/mesh/prov/src/prov_provisioner.c.obj
 .text.prov_provisioner_pkt_in
                0x0001ba60      0x2ec examples/serial/CMakeFiles/serial_nrf51422_xxAC_s130_2.0.1.dir/__/__/mesh/prov/src/prov_provisioner.c.obj
 .text.prov_provisioner_provision
                0x0001bd4c       0x54 examples/serial/CMakeFiles/serial_nrf51422_xxAC_s130_2.0.1.dir/__/__/mesh/prov/src/prov_provisioner.c.obj
                0x0001bd4c                prov_provisioner_provision
 .text.prov_provisioner_oob_use
                0x0001bda0       0x8c examples/serial/CMakeFiles/serial_nrf51422_xxAC_s130_2.0.1.dir/__/__/mesh/prov/src/prov_provisioner.c.obj
                0x0001bda0                prov_provisioner_oob_use
 .text.prov_provisioner_auth_data
                0x0001be2c       0x4c examples/serial/CMakeFiles/serial_nrf51422_xxAC_s130_2.0.1.dir/__/__/mesh/prov/src/prov_provisioner.c.obj
                0x0001be2c                prov_provisioner_auth_data
 .text.prov_provisioner_shared_secret
                0x0001be78       0x2c examples/serial/CMakeFiles/serial_nrf51422_xxAC_s130_2.0.1.dir/__/__/mesh/prov/src/prov_provisioner.c.obj
                0x0001be78                prov_provisioner_shared_secret
 .text.complete_provisioning
                0x0001bea4       0x6c examples/serial/CMakeFiles/serial_nrf51422_xxAC_s130_2.0.1.dir/__/__/mesh/prov/src/prov_provisionee.c.obj
 .text.prov_provisionee_cb_link_closed
                0x0001bf10       0x34 examples/serial/CMakeFiles/serial_nrf51422_xxAC_s130_2.0.1.dir/__/__/mesh/prov/src/prov_provisionee.c.obj
 .text.prov_provisionee_cb_link_established
                0x0001bf44       0x20 examples/serial/CMakeFiles/serial_nrf51422_xxAC_s130_2.0.1.dir/__/__/mesh/prov/src/prov_provisionee.c.obj
 .text.send_failed
                0x0001bf64       0x40 examples/serial/CMakeFiles/serial_nrf51422_xxAC_s130_2.0.1.dir/__/__/mesh/prov/src/prov_provisionee.c.obj
 .text.request_authentication
                0x0001bfa4       0x94 examples/serial/CMakeFiles/serial_nrf51422_xxAC_s130_2.0.1.dir/__/__/mesh/prov/src/prov_provisionee.c.obj
 .text.start_authentication
                0x0001c038       0x60 examples/serial/CMakeFiles/serial_nrf51422_xxAC_s130_2.0.1.dir/__/__/mesh/prov/src/prov_provisionee.c.obj
 .text.prov_provisionee_pkt_in
                0x0001c098      0x314 examples/serial/CMakeFiles/serial_nrf51422_xxAC_s130_2.0.1.dir/__/__/mesh/prov/src/prov_provisionee.c.obj
 .text.prov_provisionee_cb_ack_received
                0x0001c3ac       0xb8 examples/serial/CMakeFiles/serial_nrf51422_xxAC_s130_2.0.1.dir/__/__/mesh/prov/src/prov_provisionee.c.obj
 .text.prov_provisionee_init
                0x0001c464       0x48 examples/serial/CMakeFiles/serial_nrf51422_xxAC_s130_2.0.1.dir/__/__/mesh/prov/src/prov_provisionee.c.obj
                0x0001c464                prov_provisionee_init
 .text.prov_provisionee_auth_data
                0x0001c4ac       0x88 examples/serial/CMakeFiles/serial_nrf51422_xxAC_s130_2.0.1.dir/__/__/mesh/prov/src/prov_provisionee.c.obj
                0x0001c4ac                prov_provisionee_auth_data
 .text.prov_provisionee_shared_secret
                0x0001c534       0x2c examples/serial/CMakeFiles/serial_nrf51422_xxAC_s130_2.0.1.dir/__/__/mesh/prov/src/prov_provisionee.c.obj
                0x0001c534                prov_provisionee_shared_secret
 .text.nrf_mesh_prov_init
                0x0001c560       0x34 examples/serial/CMakeFiles/serial_nrf51422_xxAC_s130_2.0.1.dir/__/__/mesh/prov/src/nrf_mesh_prov.c.obj
                0x0001c560                nrf_mesh_prov_init
 .text.nrf_mesh_prov_generate_keys
                0x0001c594        0x8 examples/serial/CMakeFiles/serial_nrf51422_xxAC_s130_2.0.1.dir/__/__/mesh/prov/src/nrf_mesh_prov.c.obj
                0x0001c594                nrf_mesh_prov_generate_keys
 .text.nrf_mesh_prov_listen
                0x0001c59c       0x26 examples/serial/CMakeFiles/serial_nrf51422_xxAC_s130_2.0.1.dir/__/__/mesh/prov/src/nrf_mesh_prov.c.obj
                0x0001c59c                nrf_mesh_prov_listen
 *fill*         0x0001c5c2        0x2 
 .text.nrf_mesh_prov_provision
                0x0001c5c4       0x5c examples/serial/CMakeFiles/serial_nrf51422_xxAC_s130_2.0.1.dir/__/__/mesh/prov/src/nrf_mesh_prov.c.obj
                0x0001c5c4                nrf_mesh_prov_provision
 .text.nrf_mesh_prov_oob_use
                0x0001c620       0x1c examples/serial/CMakeFiles/serial_nrf51422_xxAC_s130_2.0.1.dir/__/__/mesh/prov/src/nrf_mesh_prov.c.obj
                0x0001c620                nrf_mesh_prov_oob_use
 .text.nrf_mesh_prov_auth_data_provide
                0x0001c63c       0x1c examples/serial/CMakeFiles/serial_nrf51422_xxAC_s130_2.0.1.dir/__/__/mesh/prov/src/nrf_mesh_prov.c.obj
                0x0001c63c                nrf_mesh_prov_auth_data_provide
 .text.nrf_mesh_prov_shared_secret_provide
                0x0001c658       0x1c examples/serial/CMakeFiles/serial_nrf51422_xxAC_s130_2.0.1.dir/__/__/mesh/prov/src/nrf_mesh_prov.c.obj
                0x0001c658                nrf_mesh_prov_shared_secret_provide
 .text.send_data
                0x0001c674       0x48 examples/serial/CMakeFiles/serial_nrf51422_xxAC_s130_2.0.1.dir/__/__/mesh/prov/src/provisioning.c.obj
 .text.prov_packet_length_valid
                0x0001c6bc       0x20 examples/serial/CMakeFiles/serial_nrf51422_xxAC_s130_2.0.1.dir/__/__/mesh/prov/src/provisioning.c.obj
                0x0001c6bc                prov_packet_length_valid
 .text.prov_init
                0x0001c6dc       0x34 examples/serial/CMakeFiles/serial_nrf51422_xxAC_s130_2.0.1.dir/__/__/mesh/prov/src/provisioning.c.obj
                0x0001c6dc                prov_init
 .text.prov_listen_start
                0x0001c710       0x14 examples/serial/CMakeFiles/serial_nrf51422_xxAC_s130_2.0.1.dir/__/__/mesh/prov/src/provisioning.c.obj
                0x0001c710                prov_listen_start
 .text.prov_link_open
                0x0001c724       0x14 examples/serial/CMakeFiles/serial_nrf51422_xxAC_s130_2.0.1.dir/__/__/mesh/prov/src/provisioning.c.obj
                0x0001c724                prov_link_open
 .text.prov_link_close
                0x0001c738        0xe examples/serial/CMakeFiles/serial_nrf51422_xxAC_s130_2.0.1.dir/__/__/mesh/prov/src/provisioning.c.obj
                0x0001c738                prov_link_close
 .text.prov_tx_invite
                0x0001c746       0x24 examples/serial/CMakeFiles/serial_nrf51422_xxAC_s130_2.0.1.dir/__/__/mesh/prov/src/provisioning.c.obj
                0x0001c746                prov_tx_invite
 .text.prov_tx_capabilities
                0x0001c76a       0x1c examples/serial/CMakeFiles/serial_nrf51422_xxAC_s130_2.0.1.dir/__/__/mesh/prov/src/provisioning.c.obj
                0x0001c76a                prov_tx_capabilities
 .text.prov_tx_start
                0x0001c786       0x1e examples/serial/CMakeFiles/serial_nrf51422_xxAC_s130_2.0.1.dir/__/__/mesh/prov/src/provisioning.c.obj
                0x0001c786                prov_tx_start
 .text.prov_tx_public_key
                0x0001c7a4       0x24 examples/serial/CMakeFiles/serial_nrf51422_xxAC_s130_2.0.1.dir/__/__/mesh/prov/src/provisioning.c.obj
                0x0001c7a4                prov_tx_public_key
 .text.prov_tx_input_complete
                0x0001c7c8       0x10 examples/serial/CMakeFiles/serial_nrf51422_xxAC_s130_2.0.1.dir/__/__/mesh/prov/src/provisioning.c.obj
                0x0001c7c8                prov_tx_input_complete
 .text.prov_tx_confirmation
                0x0001c7d8       0x24 examples/serial/CMakeFiles/serial_nrf51422_xxAC_s130_2.0.1.dir/__/__/mesh/prov/src/provisioning.c.obj
                0x0001c7d8                prov_tx_confirmation
 .text.prov_tx_random
                0x0001c7fc       0x24 examples/serial/CMakeFiles/serial_nrf51422_xxAC_s130_2.0.1.dir/__/__/mesh/prov/src/provisioning.c.obj
                0x0001c7fc                prov_tx_random
 .text.prov_tx_complete
                0x0001c820       0x10 examples/serial/CMakeFiles/serial_nrf51422_xxAC_s130_2.0.1.dir/__/__/mesh/prov/src/provisioning.c.obj
                0x0001c820                prov_tx_complete
 .text.prov_tx_failed
                0x0001c830       0x14 examples/serial/CMakeFiles/serial_nrf51422_xxAC_s130_2.0.1.dir/__/__/mesh/prov/src/provisioning.c.obj
                0x0001c830                prov_tx_failed
 .text.prov_tx_data
                0x0001c844        0xa examples/serial/CMakeFiles/serial_nrf51422_xxAC_s130_2.0.1.dir/__/__/mesh/prov/src/provisioning.c.obj
                0x0001c844                prov_tx_data
 .text.prov_cb_link_opened
                0x0001c84e        0xe examples/serial/CMakeFiles/serial_nrf51422_xxAC_s130_2.0.1.dir/__/__/mesh/prov/src/provisioning.c.obj
                0x0001c84e                prov_cb_link_opened
 .text.prov_cb_link_closed
                0x0001c85c        0xe examples/serial/CMakeFiles/serial_nrf51422_xxAC_s130_2.0.1.dir/__/__/mesh/prov/src/provisioning.c.obj
                0x0001c85c                prov_cb_link_closed
 *fill*         0x0001c86a        0x2 
 .text.prov_cb_pkt_in
                0x0001c86c       0x80 examples/serial/CMakeFiles/serial_nrf51422_xxAC_s130_2.0.1.dir/__/__/mesh/prov/src/provisioning.c.obj
                0x0001c86c                prov_cb_pkt_in
 .text.prov_cb_ack_in
                0x0001c8ec        0xe examples/serial/CMakeFiles/serial_nrf51422_xxAC_s130_2.0.1.dir/__/__/mesh/prov/src/provisioning.c.obj
                0x0001c8ec                prov_cb_ack_in
 .text.prov_beacon_unprov_build
                0x0001c8fa       0x52 examples/serial/CMakeFiles/serial_nrf51422_xxAC_s130_2.0.1.dir/__/__/mesh/prov/src/prov_beacon.c.obj
                0x0001c8fa                prov_beacon_unprov_build
 .text.prov_beacon_unprov_packet_in
                0x0001c94c       0xb8 examples/serial/CMakeFiles/serial_nrf51422_xxAC_s130_2.0.1.dir/__/__/mesh/prov/src/prov_beacon.c.obj
                0x0001c94c                prov_beacon_unprov_packet_in
 .text.oob_gen_alphanumeric
                0x0001ca04       0x34 examples/serial/CMakeFiles/serial_nrf51422_xxAC_s130_2.0.1.dir/__/__/mesh/prov/src/prov_utils.c.obj
 .text.oob_gen_numeric
                0x0001ca38       0x30 examples/serial/CMakeFiles/serial_nrf51422_xxAC_s130_2.0.1.dir/__/__/mesh/prov/src/prov_utils.c.obj
 .text.prov_utils_opt_set
                0x0001ca68       0x20 examples/serial/CMakeFiles/serial_nrf51422_xxAC_s130_2.0.1.dir/__/__/mesh/prov/src/prov_utils.c.obj
                0x0001ca68                prov_utils_opt_set
 .text.prov_utils_use_ecdh_offloading
                0x0001ca88        0xc examples/serial/CMakeFiles/serial_nrf51422_xxAC_s130_2.0.1.dir/__/__/mesh/prov/src/prov_utils.c.obj
                0x0001ca88                prov_utils_use_ecdh_offloading
 .text.prov_utils_authentication_values_derive
                0x0001ca94       0xc0 examples/serial/CMakeFiles/serial_nrf51422_xxAC_s130_2.0.1.dir/__/__/mesh/prov/src/prov_utils.c.obj
                0x0001ca94                prov_utils_authentication_values_derive
 .text.prov_utils_keys_generate
                0x0001cb54       0x20 examples/serial/CMakeFiles/serial_nrf51422_xxAC_s130_2.0.1.dir/__/__/mesh/prov/src/prov_utils.c.obj
                0x0001cb54                prov_utils_keys_generate
 .text.prov_utils_derive_keys
                0x0001cb74       0xc0 examples/serial/CMakeFiles/serial_nrf51422_xxAC_s130_2.0.1.dir/__/__/mesh/prov/src/prov_utils.c.obj
                0x0001cb74                prov_utils_derive_keys
 .text.prov_utils_calculate_shared_secret
                0x0001cc34       0x3e examples/serial/CMakeFiles/serial_nrf51422_xxAC_s130_2.0.1.dir/__/__/mesh/prov/src/prov_utils.c.obj
                0x0001cc34                prov_utils_calculate_shared_secret
 *fill*         0x0001cc72        0x2 
 .text.prov_utils_generate_oob_data
                0x0001cc74       0x9c examples/serial/CMakeFiles/serial_nrf51422_xxAC_s130_2.0.1.dir/__/__/mesh/prov/src/prov_utils.c.obj
                0x0001cc74                prov_utils_generate_oob_data
 .text.prov_utils_confirmation_check
                0x0001cd10       0x70 examples/serial/CMakeFiles/serial_nrf51422_xxAC_s130_2.0.1.dir/__/__/mesh/prov/src/prov_utils.c.obj
                0x0001cd10                prov_utils_confirmation_check
 .text.remove_active_bearer
                0x0001cd80       0x68 examples/serial/CMakeFiles/serial_nrf51422_xxAC_s130_2.0.1.dir/__/__/mesh/prov/src/prov_bearer_adv.c.obj
 .text.prov_bearer_adv_listen_stop
                0x0001cde8       0x38 examples/serial/CMakeFiles/serial_nrf51422_xxAC_s130_2.0.1.dir/__/__/mesh/prov/src/prov_bearer_adv.c.obj
 .text.close_link
                0x0001ce20       0x6c examples/serial/CMakeFiles/serial_nrf51422_xxAC_s130_2.0.1.dir/__/__/mesh/prov/src/prov_bearer_adv.c.obj
 .text.send_packet
                0x0001ce8c       0x70 examples/serial/CMakeFiles/serial_nrf51422_xxAC_s130_2.0.1.dir/__/__/mesh/prov/src/prov_bearer_adv.c.obj
 .text.prov_buffer_tx
                0x0001cefc      0x168 examples/serial/CMakeFiles/serial_nrf51422_xxAC_s130_2.0.1.dir/__/__/mesh/prov/src/prov_bearer_adv.c.obj
 .text.send_link_close
                0x0001d064       0x28 examples/serial/CMakeFiles/serial_nrf51422_xxAC_s130_2.0.1.dir/__/__/mesh/prov/src/prov_bearer_adv.c.obj
 .text.prov_bearer_adv_link_close
                0x0001d08c       0x78 examples/serial/CMakeFiles/serial_nrf51422_xxAC_s130_2.0.1.dir/__/__/mesh/prov/src/prov_bearer_adv.c.obj
 .text.send_transaction_ack
                0x0001d104       0x24 examples/serial/CMakeFiles/serial_nrf51422_xxAC_s130_2.0.1.dir/__/__/mesh/prov/src/prov_bearer_adv.c.obj
 .text.send_link_ack
                0x0001d128       0x26 examples/serial/CMakeFiles/serial_nrf51422_xxAC_s130_2.0.1.dir/__/__/mesh/prov/src/prov_bearer_adv.c.obj
 .text.link_timeout_cb
                0x0001d14e        0xc examples/serial/CMakeFiles/serial_nrf51422_xxAC_s130_2.0.1.dir/__/__/mesh/prov/src/prov_bearer_adv.c.obj
 .text.reset_timeout_timer
                0x0001d15a       0x1a examples/serial/CMakeFiles/serial_nrf51422_xxAC_s130_2.0.1.dir/__/__/mesh/prov/src/prov_bearer_adv.c.obj
 .text.tx_complete_cb
                0x0001d174       0x24 examples/serial/CMakeFiles/serial_nrf51422_xxAC_s130_2.0.1.dir/__/__/mesh/prov/src/prov_bearer_adv.c.obj
 .text.tx_retry_cb
                0x0001d198       0xd4 examples/serial/CMakeFiles/serial_nrf51422_xxAC_s130_2.0.1.dir/__/__/mesh/prov/src/prov_bearer_adv.c.obj
 .text.add_active_bearer
                0x0001d26c       0x88 examples/serial/CMakeFiles/serial_nrf51422_xxAC_s130_2.0.1.dir/__/__/mesh/prov/src/prov_bearer_adv.c.obj
 .text.prov_bearer_adv_link_open
                0x0001d2f4       0xf0 examples/serial/CMakeFiles/serial_nrf51422_xxAC_s130_2.0.1.dir/__/__/mesh/prov/src/prov_bearer_adv.c.obj
 .text.async_process
                0x0001d3e4       0x58 examples/serial/CMakeFiles/serial_nrf51422_xxAC_s130_2.0.1.dir/__/__/mesh/prov/src/prov_bearer_adv.c.obj
 .text.prov_bearer_adv_listen
                0x0001d43c       0xf4 examples/serial/CMakeFiles/serial_nrf51422_xxAC_s130_2.0.1.dir/__/__/mesh/prov/src/prov_bearer_adv.c.obj
 .text.calculate_3GPP_CRC
                0x0001d530       0x24 examples/serial/CMakeFiles/serial_nrf51422_xxAC_s130_2.0.1.dir/__/__/mesh/prov/src/prov_bearer_adv.c.obj
                0x0001d530                calculate_3GPP_CRC
 .text.prov_bearer_adv_tx
                0x0001d554       0xac examples/serial/CMakeFiles/serial_nrf51422_xxAC_s130_2.0.1.dir/__/__/mesh/prov/src/prov_bearer_adv.c.obj
 .text.prov_buffer_rx
                0x0001d600       0x74 examples/serial/CMakeFiles/serial_nrf51422_xxAC_s130_2.0.1.dir/__/__/mesh/prov/src/prov_bearer_adv.c.obj
 .text.prov_bearer_adv_interface_get
                0x0001d674       0x24 examples/serial/CMakeFiles/serial_nrf51422_xxAC_s130_2.0.1.dir/__/__/mesh/prov/src/prov_bearer_adv.c.obj
                0x0001d674                prov_bearer_adv_interface_get
 .text.prov_bearer_adv_packet_in
                0x0001d698      0x898 examples/serial/CMakeFiles/serial_nrf51422_xxAC_s130_2.0.1.dir/__/__/mesh/prov/src/prov_bearer_adv.c.obj
                0x0001d698                prov_bearer_adv_packet_in
 .text.add_to_publication_list
                0x0001df30       0x60 examples/serial/CMakeFiles/serial_nrf51422_xxAC_s130_2.0.1.dir/__/__/mesh/access/src/access_publish.c.obj
 .text.step_resolution_to_us
                0x0001df90       0x48 examples/serial/CMakeFiles/serial_nrf51422_xxAC_s130_2.0.1.dir/__/__/mesh/access/src/access_publish.c.obj
 .text.schedule_publication_timer
                0x0001dfd8      0x16c examples/serial/CMakeFiles/serial_nrf51422_xxAC_s130_2.0.1.dir/__/__/mesh/access/src/access_publish.c.obj
 .text.publish_timer_tick
                0x0001e144       0xac examples/serial/CMakeFiles/serial_nrf51422_xxAC_s130_2.0.1.dir/__/__/mesh/access/src/access_publish.c.obj
 .text.access_publish_init
                0x0001e1f0       0x38 examples/serial/CMakeFiles/serial_nrf51422_xxAC_s130_2.0.1.dir/__/__/mesh/access/src/access_publish.c.obj
                0x0001e1f0                access_publish_init
 .text.access_publish_period_set
                0x0001e228       0x84 examples/serial/CMakeFiles/serial_nrf51422_xxAC_s130_2.0.1.dir/__/__/mesh/access/src/access_publish.c.obj
                0x0001e228                access_publish_period_set
 .text.access_publish_period_get
                0x0001e2ac       0x30 examples/serial/CMakeFiles/serial_nrf51422_xxAC_s130_2.0.1.dir/__/__/mesh/access/src/access_publish.c.obj
                0x0001e2ac                access_publish_period_get
 .text.bitfield_get
                0x0001e2dc       0x18 examples/serial/CMakeFiles/serial_nrf51422_xxAC_s130_2.0.1.dir/__/__/mesh/access/src/access.c.obj
 .text.is_valid_opcode
                0x0001e2f4       0x4c examples/serial/CMakeFiles/serial_nrf51422_xxAC_s130_2.0.1.dir/__/__/mesh/access/src/access.c.obj
 .text.model_handle_valid_and_allocated
                0x0001e340       0x18 examples/serial/CMakeFiles/serial_nrf51422_xxAC_s130_2.0.1.dir/__/__/mesh/access/src/access.c.obj
 .text.flash_invalidate_complete
                0x0001e358       0x18 examples/serial/CMakeFiles/serial_nrf51422_xxAC_s130_2.0.1.dir/__/__/mesh/access/src/access.c.obj
 .text.flash_manager_mem_available
                0x0001e370        0x6 examples/serial/CMakeFiles/serial_nrf51422_xxAC_s130_2.0.1.dir/__/__/mesh/access/src/access.c.obj
 *fill*         0x0001e376        0x2 
 .text.access_flash_config_clear
                0x0001e378       0x28 examples/serial/CMakeFiles/serial_nrf51422_xxAC_s130_2.0.1.dir/__/__/mesh/access/src/access.c.obj
 .text.access_flash_config_store
                0x0001e3a0      0x10c examples/serial/CMakeFiles/serial_nrf51422_xxAC_s130_2.0.1.dir/__/__/mesh/access/src/access.c.obj
                0x0001e3a0                access_flash_config_store
 .text.access_state_clear
                0x0001e4ac       0x40 examples/serial/CMakeFiles/serial_nrf51422_xxAC_s130_2.0.1.dir/__/__/mesh/access/src/access.c.obj
 .text.add_flash_manager
                0x0001e4ec       0x5c examples/serial/CMakeFiles/serial_nrf51422_xxAC_s130_2.0.1.dir/__/__/mesh/access/src/access.c.obj
 .text.flash_remove_complete
                0x0001e548       0x50 examples/serial/CMakeFiles/serial_nrf51422_xxAC_s130_2.0.1.dir/__/__/mesh/access/src/access.c.obj
 .text.flash_write_complete
                0x0001e598       0x54 examples/serial/CMakeFiles/serial_nrf51422_xxAC_s130_2.0.1.dir/__/__/mesh/access/src/access.c.obj
 .text.handle_incoming
                0x0001e5ec      0x120 examples/serial/CMakeFiles/serial_nrf51422_xxAC_s130_2.0.1.dir/__/__/mesh/access/src/access.c.obj
 .text.mesh_evt_cb
                0x0001e70c      0x130 examples/serial/CMakeFiles/serial_nrf51422_xxAC_s130_2.0.1.dir/__/__/mesh/access/src/access.c.obj
 .text.packet_tx
                0x0001e83c      0x2f8 examples/serial/CMakeFiles/serial_nrf51422_xxAC_s130_2.0.1.dir/__/__/mesh/access/src/access.c.obj
 .text.access_clear
                0x0001eb34       0x10 examples/serial/CMakeFiles/serial_nrf51422_xxAC_s130_2.0.1.dir/__/__/mesh/access/src/access.c.obj
                0x0001eb34                access_clear
 .text.access_init
                0x0001eb44       0x28 examples/serial/CMakeFiles/serial_nrf51422_xxAC_s130_2.0.1.dir/__/__/mesh/access/src/access.c.obj
                0x0001eb44                access_init
 .text.access_model_publish
                0x0001eb6c       0x14 examples/serial/CMakeFiles/serial_nrf51422_xxAC_s130_2.0.1.dir/__/__/mesh/access/src/access.c.obj
                0x0001eb6c                access_model_publish
 .text.access_model_publish_address_set
                0x0001eb80       0x3c examples/serial/CMakeFiles/serial_nrf51422_xxAC_s130_2.0.1.dir/__/__/mesh/access/src/access.c.obj
                0x0001eb80                access_model_publish_address_set
 .text.access_model_publish_address_get
                0x0001ebbc       0x2c examples/serial/CMakeFiles/serial_nrf51422_xxAC_s130_2.0.1.dir/__/__/mesh/access/src/access.c.obj
                0x0001ebbc                access_model_publish_address_get
 .text.access_model_publish_period_set
                0x0001ebe8       0x6c examples/serial/CMakeFiles/serial_nrf51422_xxAC_s130_2.0.1.dir/__/__/mesh/access/src/access.c.obj
                0x0001ebe8                access_model_publish_period_set
 .text.access_model_publish_period_get
                0x0001ec54       0x44 examples/serial/CMakeFiles/serial_nrf51422_xxAC_s130_2.0.1.dir/__/__/mesh/access/src/access.c.obj
                0x0001ec54                access_model_publish_period_get
 .text.access_model_subscription_add
                0x0001ec98       0x5c examples/serial/CMakeFiles/serial_nrf51422_xxAC_s130_2.0.1.dir/__/__/mesh/access/src/access.c.obj
                0x0001ec98                access_model_subscription_add
 .text.access_model_subscription_remove
                0x0001ecf4       0x5c examples/serial/CMakeFiles/serial_nrf51422_xxAC_s130_2.0.1.dir/__/__/mesh/access/src/access.c.obj
                0x0001ecf4                access_model_subscription_remove
 .text.access_model_subscriptions_get
                0x0001ed50       0x7c examples/serial/CMakeFiles/serial_nrf51422_xxAC_s130_2.0.1.dir/__/__/mesh/access/src/access.c.obj
                0x0001ed50                access_model_subscriptions_get
 .text.access_model_application_bind
                0x0001edcc       0x50 examples/serial/CMakeFiles/serial_nrf51422_xxAC_s130_2.0.1.dir/__/__/mesh/access/src/access.c.obj
                0x0001edcc                access_model_application_bind
 .text.access_model_application_unbind
                0x0001ee1c       0x50 examples/serial/CMakeFiles/serial_nrf51422_xxAC_s130_2.0.1.dir/__/__/mesh/access/src/access.c.obj
                0x0001ee1c                access_model_application_unbind
 .text.access_model_applications_get
                0x0001ee6c       0x60 examples/serial/CMakeFiles/serial_nrf51422_xxAC_s130_2.0.1.dir/__/__/mesh/access/src/access.c.obj
                0x0001ee6c                access_model_applications_get
 .text.access_model_publish_application_set
                0x0001eecc       0x3c examples/serial/CMakeFiles/serial_nrf51422_xxAC_s130_2.0.1.dir/__/__/mesh/access/src/access.c.obj
                0x0001eecc                access_model_publish_application_set
 .text.access_model_publish_application_get
                0x0001ef08       0x2c examples/serial/CMakeFiles/serial_nrf51422_xxAC_s130_2.0.1.dir/__/__/mesh/access/src/access.c.obj
                0x0001ef08                access_model_publish_application_get
 .text.access_model_publish_ttl_set
                0x0001ef34       0x44 examples/serial/CMakeFiles/serial_nrf51422_xxAC_s130_2.0.1.dir/__/__/mesh/access/src/access.c.obj
                0x0001ef34                access_model_publish_ttl_set
 .text.access_model_publish_ttl_get
                0x0001ef78       0x2c examples/serial/CMakeFiles/serial_nrf51422_xxAC_s130_2.0.1.dir/__/__/mesh/access/src/access.c.obj
                0x0001ef78                access_model_publish_ttl_get
 .text.access_element_location_set
                0x0001efa4       0x2c examples/serial/CMakeFiles/serial_nrf51422_xxAC_s130_2.0.1.dir/__/__/mesh/access/src/access.c.obj
                0x0001efa4                access_element_location_set
 .text.access_element_location_get
                0x0001efd0       0x20 examples/serial/CMakeFiles/serial_nrf51422_xxAC_s130_2.0.1.dir/__/__/mesh/access/src/access.c.obj
                0x0001efd0                access_element_location_get
 .text.access_element_sig_model_count_get
                0x0001eff0       0x24 examples/serial/CMakeFiles/serial_nrf51422_xxAC_s130_2.0.1.dir/__/__/mesh/access/src/access.c.obj
                0x0001eff0                access_element_sig_model_count_get
 .text.access_element_vendor_model_count_get
                0x0001f014       0x24 examples/serial/CMakeFiles/serial_nrf51422_xxAC_s130_2.0.1.dir/__/__/mesh/access/src/access.c.obj
                0x0001f014                access_element_vendor_model_count_get
 .text.access_model_id_get
                0x0001f038       0x38 examples/serial/CMakeFiles/serial_nrf51422_xxAC_s130_2.0.1.dir/__/__/mesh/access/src/access.c.obj
                0x0001f038                access_model_id_get
 .text.access_handle_get
                0x0001f070       0x40 examples/serial/CMakeFiles/serial_nrf51422_xxAC_s130_2.0.1.dir/__/__/mesh/access/src/access.c.obj
                0x0001f070                access_handle_get
 .text.access_element_models_get
                0x0001f0b0       0x44 examples/serial/CMakeFiles/serial_nrf51422_xxAC_s130_2.0.1.dir/__/__/mesh/access/src/access.c.obj
                0x0001f0b0                access_element_models_get
 .text.access_model_p_args_get
                0x0001f0f4       0x2c examples/serial/CMakeFiles/serial_nrf51422_xxAC_s130_2.0.1.dir/__/__/mesh/access/src/access.c.obj
                0x0001f0f4                access_model_p_args_get
 .text.remove_and_reschedule
                0x0001f120       0xc4 examples/serial/CMakeFiles/serial_nrf51422_xxAC_s130_2.0.1.dir/__/__/mesh/access/src/access_reliable.c.obj
 .text.reliable_timer_cb
                0x0001f1e4      0x104 examples/serial/CMakeFiles/serial_nrf51422_xxAC_s130_2.0.1.dir/__/__/mesh/access/src/access_reliable.c.obj
 .text.access_reliable_message_rx_cb
                0x0001f2e8       0x60 examples/serial/CMakeFiles/serial_nrf51422_xxAC_s130_2.0.1.dir/__/__/mesh/access/src/access_reliable.c.obj
                0x0001f2e8                access_reliable_message_rx_cb
 .text.access_reliable_init
                0x0001f348       0x1c examples/serial/CMakeFiles/serial_nrf51422_xxAC_s130_2.0.1.dir/__/__/mesh/access/src/access_reliable.c.obj
                0x0001f348                access_reliable_init
 .text.access_reliable_cancel_all
                0x0001f364       0x30 examples/serial/CMakeFiles/serial_nrf51422_xxAC_s130_2.0.1.dir/__/__/mesh/access/src/access_reliable.c.obj
                0x0001f364                access_reliable_cancel_all
 .text.bitfield_get
                0x0001f394       0x18 examples/serial/CMakeFiles/serial_nrf51422_xxAC_s130_2.0.1.dir/__/__/mesh/access/src/device_state_manager.c.obj
 .text.bitfield_set
                0x0001f3ac       0x16 examples/serial/CMakeFiles/serial_nrf51422_xxAC_s130_2.0.1.dir/__/__/mesh/access/src/device_state_manager.c.obj
 .text.bitfield_clear
                0x0001f3c2       0x16 examples/serial/CMakeFiles/serial_nrf51422_xxAC_s130_2.0.1.dir/__/__/mesh/access/src/device_state_manager.c.obj
 .text.bitfield_is_all_clear
                0x0001f3d8       0x3a examples/serial/CMakeFiles/serial_nrf51422_xxAC_s130_2.0.1.dir/__/__/mesh/access/src/device_state_manager.c.obj
 *fill*         0x0001f412        0x2 
 .text.address_handle_virtual_valid
                0x0001f414       0x1c examples/serial/CMakeFiles/serial_nrf51422_xxAC_s130_2.0.1.dir/__/__/mesh/access/src/device_state_manager.c.obj
 .text.net_key_handle_get
                0x0001f430       0x4c examples/serial/CMakeFiles/serial_nrf51422_xxAC_s130_2.0.1.dir/__/__/mesh/access/src/device_state_manager.c.obj
 .text.dev_key_handle_get
                0x0001f47c       0x54 examples/serial/CMakeFiles/serial_nrf51422_xxAC_s130_2.0.1.dir/__/__/mesh/access/src/device_state_manager.c.obj
 .text.app_key_handle_get
                0x0001f4d0       0x4c examples/serial/CMakeFiles/serial_nrf51422_xxAC_s130_2.0.1.dir/__/__/mesh/access/src/device_state_manager.c.obj
 .text.addr_nonvirtual_to_flash_entry
                0x0001f51c       0x10 examples/serial/CMakeFiles/serial_nrf51422_xxAC_s130_2.0.1.dir/__/__/mesh/access/src/device_state_manager.c.obj
 .text.flash_mem_listener_callback
                0x0001f52c       0x20 examples/serial/CMakeFiles/serial_nrf51422_xxAC_s130_2.0.1.dir/__/__/mesh/access/src/device_state_manager.c.obj
 .text.devkey_set
                0x0001f54c       0x4c examples/serial/CMakeFiles/serial_nrf51422_xxAC_s130_2.0.1.dir/__/__/mesh/access/src/device_state_manager.c.obj
 .text.devkey_to_dsm_entry
                0x0001f598       0x14 examples/serial/CMakeFiles/serial_nrf51422_xxAC_s130_2.0.1.dir/__/__/mesh/access/src/device_state_manager.c.obj
 .text.devkey_to_flash_entry
                0x0001f5ac       0x28 examples/serial/CMakeFiles/serial_nrf51422_xxAC_s130_2.0.1.dir/__/__/mesh/access/src/device_state_manager.c.obj
 .text.appkey_to_flash_entry
                0x0001f5d4       0x28 examples/serial/CMakeFiles/serial_nrf51422_xxAC_s130_2.0.1.dir/__/__/mesh/access/src/device_state_manager.c.obj
 .text.subnet_to_flash_entry
                0x0001f5fc       0x20 examples/serial/CMakeFiles/serial_nrf51422_xxAC_s130_2.0.1.dir/__/__/mesh/access/src/device_state_manager.c.obj
 .text.addr_virtual_to_flash_entry
                0x0001f61c       0x1c examples/serial/CMakeFiles/serial_nrf51422_xxAC_s130_2.0.1.dir/__/__/mesh/access/src/device_state_manager.c.obj
 .text.addr_unicast_to_dsm_entry
                0x0001f638       0x10 examples/serial/CMakeFiles/serial_nrf51422_xxAC_s130_2.0.1.dir/__/__/mesh/access/src/device_state_manager.c.obj
 .text.addr_unicast_to_flash_entry
                0x0001f648       0x14 examples/serial/CMakeFiles/serial_nrf51422_xxAC_s130_2.0.1.dir/__/__/mesh/access/src/device_state_manager.c.obj
 .text.appkey_set
                0x0001f65c       0x74 examples/serial/CMakeFiles/serial_nrf51422_xxAC_s130_2.0.1.dir/__/__/mesh/access/src/device_state_manager.c.obj
 .text.appkey_to_dsm_entry
                0x0001f6d0       0x12 examples/serial/CMakeFiles/serial_nrf51422_xxAC_s130_2.0.1.dir/__/__/mesh/access/src/device_state_manager.c.obj
 *fill*         0x0001f6e2        0x2 
 .text.subnet_set
                0x0001f6e4       0xa0 examples/serial/CMakeFiles/serial_nrf51422_xxAC_s130_2.0.1.dir/__/__/mesh/access/src/device_state_manager.c.obj
 .text.subnet_to_dsm_entry
                0x0001f784       0x10 examples/serial/CMakeFiles/serial_nrf51422_xxAC_s130_2.0.1.dir/__/__/mesh/access/src/device_state_manager.c.obj
 .text.virtual_address_set
                0x0001f794       0x58 examples/serial/CMakeFiles/serial_nrf51422_xxAC_s130_2.0.1.dir/__/__/mesh/access/src/device_state_manager.c.obj
 .text.addr_virtual_to_dsm_entry
                0x0001f7ec       0x10 examples/serial/CMakeFiles/serial_nrf51422_xxAC_s130_2.0.1.dir/__/__/mesh/access/src/device_state_manager.c.obj
 .text.flash_save
                0x0001f7fc       0x88 examples/serial/CMakeFiles/serial_nrf51422_xxAC_s130_2.0.1.dir/__/__/mesh/access/src/device_state_manager.c.obj
 .text.flash_invalidate
                0x0001f884       0x6c examples/serial/CMakeFiles/serial_nrf51422_xxAC_s130_2.0.1.dir/__/__/mesh/access/src/device_state_manager.c.obj
 .text.flash_update_all
                0x0001f8f0       0x70 examples/serial/CMakeFiles/serial_nrf51422_xxAC_s130_2.0.1.dir/__/__/mesh/access/src/device_state_manager.c.obj
 .text.reset_flash_area
                0x0001f960       0x28 examples/serial/CMakeFiles/serial_nrf51422_xxAC_s130_2.0.1.dir/__/__/mesh/access/src/device_state_manager.c.obj
 .text.virtual_address_uuid_index_get
                0x0001f988       0x58 examples/serial/CMakeFiles/serial_nrf51422_xxAC_s130_2.0.1.dir/__/__/mesh/access/src/device_state_manager.c.obj
 .text.add_address_virtual
                0x0001f9e0       0x80 examples/serial/CMakeFiles/serial_nrf51422_xxAC_s130_2.0.1.dir/__/__/mesh/access/src/device_state_manager.c.obj
 .text.get_subnet_handle
                0x0001fa60       0x44 examples/serial/CMakeFiles/serial_nrf51422_xxAC_s130_2.0.1.dir/__/__/mesh/access/src/device_state_manager.c.obj
 .text.get_app_handle
                0x0001faa4       0x60 examples/serial/CMakeFiles/serial_nrf51422_xxAC_s130_2.0.1.dir/__/__/mesh/access/src/device_state_manager.c.obj
 .text.flash_operation_complete
                0x0001fb04       0x58 examples/serial/CMakeFiles/serial_nrf51422_xxAC_s130_2.0.1.dir/__/__/mesh/access/src/device_state_manager.c.obj
 .text.flash_invalidate_complete
                0x0001fb5c        0xc examples/serial/CMakeFiles/serial_nrf51422_xxAC_s130_2.0.1.dir/__/__/mesh/access/src/device_state_manager.c.obj
 .text.flash_write_complete
                0x0001fb68        0xc examples/serial/CMakeFiles/serial_nrf51422_xxAC_s130_2.0.1.dir/__/__/mesh/access/src/device_state_manager.c.obj
 .text.add_address.part.5
                0x0001fb74      0x150 examples/serial/CMakeFiles/serial_nrf51422_xxAC_s130_2.0.1.dir/__/__/mesh/access/src/device_state_manager.c.obj
 .text.address_handle_valid
                0x0001fcc4       0x28 examples/serial/CMakeFiles/serial_nrf51422_xxAC_s130_2.0.1.dir/__/__/mesh/access/src/device_state_manager.c.obj
 .text.address_handle_nonvirtual_valid
                0x0001fcec       0x18 examples/serial/CMakeFiles/serial_nrf51422_xxAC_s130_2.0.1.dir/__/__/mesh/access/src/device_state_manager.c.obj
 .text.address_delete_if_unused
                0x0001fd04       0x7c examples/serial/CMakeFiles/serial_nrf51422_xxAC_s130_2.0.1.dir/__/__/mesh/access/src/device_state_manager.c.obj
 .text.addr_nonvirtual_to_dsm_entry
                0x0001fd80       0x34 examples/serial/CMakeFiles/serial_nrf51422_xxAC_s130_2.0.1.dir/__/__/mesh/access/src/device_state_manager.c.obj
 .text.dsm_flash_area_get
                0x0001fdb4       0x10 examples/serial/CMakeFiles/serial_nrf51422_xxAC_s130_2.0.1.dir/__/__/mesh/access/src/device_state_manager.c.obj
                0x0001fdb4                dsm_flash_area_get
 .text.build_flash_area
                0x0001fdc4       0x90 examples/serial/CMakeFiles/serial_nrf51422_xxAC_s130_2.0.1.dir/__/__/mesh/access/src/device_state_manager.c.obj
 .text.dsm_init
                0x0001fe54       0x28 examples/serial/CMakeFiles/serial_nrf51422_xxAC_s130_2.0.1.dir/__/__/mesh/access/src/device_state_manager.c.obj
                0x0001fe54                dsm_init
 .text.flash_remove_complete
                0x0001fe7c        0x8 examples/serial/CMakeFiles/serial_nrf51422_xxAC_s130_2.0.1.dir/__/__/mesh/access/src/device_state_manager.c.obj
 .text.dsm_clear
                0x0001fe84       0x74 examples/serial/CMakeFiles/serial_nrf51422_xxAC_s130_2.0.1.dir/__/__/mesh/access/src/device_state_manager.c.obj
                0x0001fe84                dsm_clear
 .text.dsm_local_unicast_addresses_set
                0x0001fef8       0x74 examples/serial/CMakeFiles/serial_nrf51422_xxAC_s130_2.0.1.dir/__/__/mesh/access/src/device_state_manager.c.obj
                0x0001fef8                dsm_local_unicast_addresses_set
 .text.dsm_local_unicast_addresses_get
                0x0001ff6c       0x2c examples/serial/CMakeFiles/serial_nrf51422_xxAC_s130_2.0.1.dir/__/__/mesh/access/src/device_state_manager.c.obj
                0x0001ff6c                dsm_local_unicast_addresses_get
 .text.dsm_address_publish_add
                0x0001ff98       0x14 examples/serial/CMakeFiles/serial_nrf51422_xxAC_s130_2.0.1.dir/__/__/mesh/access/src/device_state_manager.c.obj
                0x0001ff98                dsm_address_publish_add
 .text.dsm_address_publish_virtual_add
                0x0001ffac        0xa examples/serial/CMakeFiles/serial_nrf51422_xxAC_s130_2.0.1.dir/__/__/mesh/access/src/device_state_manager.c.obj
                0x0001ffac                dsm_address_publish_virtual_add
 *fill*         0x0001ffb6        0x2 
 .text.dsm_address_publish_remove
                0x0001ffb8       0x44 examples/serial/CMakeFiles/serial_nrf51422_xxAC_s130_2.0.1.dir/__/__/mesh/access/src/device_state_manager.c.obj
                0x0001ffb8                dsm_address_publish_remove
 .text.dsm_address_subscription_add
                0x0001fffc       0x14 examples/serial/CMakeFiles/serial_nrf51422_xxAC_s130_2.0.1.dir/__/__/mesh/access/src/device_state_manager.c.obj
                0x0001fffc                dsm_address_subscription_add
 .text.dsm_address_subscription_virtual_add
                0x00020010        0xa examples/serial/CMakeFiles/serial_nrf51422_xxAC_s130_2.0.1.dir/__/__/mesh/access/src/device_state_manager.c.obj
                0x00020010                dsm_address_subscription_virtual_add
 *fill*         0x0002001a        0x2 
 .text.dsm_address_subscription_get
                0x0002001c       0x34 examples/serial/CMakeFiles/serial_nrf51422_xxAC_s130_2.0.1.dir/__/__/mesh/access/src/device_state_manager.c.obj
                0x0002001c                dsm_address_subscription_get
 .text.dsm_address_get
                0x00020050       0x60 examples/serial/CMakeFiles/serial_nrf51422_xxAC_s130_2.0.1.dir/__/__/mesh/access/src/device_state_manager.c.obj
                0x00020050                dsm_address_get
 .text.dsm_address_subscription_remove
                0x000200b0       0x64 examples/serial/CMakeFiles/serial_nrf51422_xxAC_s130_2.0.1.dir/__/__/mesh/access/src/device_state_manager.c.obj
                0x000200b0                dsm_address_subscription_remove
 .text.dsm_address_get_all
                0x00020114       0x68 examples/serial/CMakeFiles/serial_nrf51422_xxAC_s130_2.0.1.dir/__/__/mesh/access/src/device_state_manager.c.obj
                0x00020114                dsm_address_get_all
 .text.dsm_address_handle_get
                0x0002017c       0x98 examples/serial/CMakeFiles/serial_nrf51422_xxAC_s130_2.0.1.dir/__/__/mesh/access/src/device_state_manager.c.obj
                0x0002017c                dsm_address_handle_get
 .text.dsm_subnet_handle_get
                0x00020214       0x14 examples/serial/CMakeFiles/serial_nrf51422_xxAC_s130_2.0.1.dir/__/__/mesh/access/src/device_state_manager.c.obj
                0x00020214                dsm_subnet_handle_get
 .text.dsm_appkey_handle_get
                0x00020228       0x14 examples/serial/CMakeFiles/serial_nrf51422_xxAC_s130_2.0.1.dir/__/__/mesh/access/src/device_state_manager.c.obj
                0x00020228                dsm_appkey_handle_get
 .text.dsm_subnet_add
                0x0002023c       0x60 examples/serial/CMakeFiles/serial_nrf51422_xxAC_s130_2.0.1.dir/__/__/mesh/access/src/device_state_manager.c.obj
                0x0002023c                dsm_subnet_add
 .text.dsm_subnet_update
                0x0002029c       0x44 examples/serial/CMakeFiles/serial_nrf51422_xxAC_s130_2.0.1.dir/__/__/mesh/access/src/device_state_manager.c.obj
                0x0002029c                dsm_subnet_update
 .text.dsm_subnet_get_all
                0x000202e0       0x58 examples/serial/CMakeFiles/serial_nrf51422_xxAC_s130_2.0.1.dir/__/__/mesh/access/src/device_state_manager.c.obj
                0x000202e0                dsm_subnet_get_all
 .text.dsm_devkey_add
                0x00020338       0x7c examples/serial/CMakeFiles/serial_nrf51422_xxAC_s130_2.0.1.dir/__/__/mesh/access/src/device_state_manager.c.obj
                0x00020338                dsm_devkey_add
 .text.dsm_devkey_delete
                0x000203b4       0x44 examples/serial/CMakeFiles/serial_nrf51422_xxAC_s130_2.0.1.dir/__/__/mesh/access/src/device_state_manager.c.obj
                0x000203b4                dsm_devkey_delete
 .text.dsm_appkey_add
                0x000203f8       0x7c examples/serial/CMakeFiles/serial_nrf51422_xxAC_s130_2.0.1.dir/__/__/mesh/access/src/device_state_manager.c.obj
                0x000203f8                dsm_appkey_add
 .text.dsm_appkey_update
                0x00020474       0x48 examples/serial/CMakeFiles/serial_nrf51422_xxAC_s130_2.0.1.dir/__/__/mesh/access/src/device_state_manager.c.obj
                0x00020474                dsm_appkey_update
 .text.dsm_appkey_delete
                0x000204bc       0x34 examples/serial/CMakeFiles/serial_nrf51422_xxAC_s130_2.0.1.dir/__/__/mesh/access/src/device_state_manager.c.obj
                0x000204bc                dsm_appkey_delete
 .text.dsm_subnet_delete
                0x000204f0       0xc0 examples/serial/CMakeFiles/serial_nrf51422_xxAC_s130_2.0.1.dir/__/__/mesh/access/src/device_state_manager.c.obj
                0x000204f0                dsm_subnet_delete
 .text.dsm_appkey_get_all
                0x000205b0       0x78 examples/serial/CMakeFiles/serial_nrf51422_xxAC_s130_2.0.1.dir/__/__/mesh/access/src/device_state_manager.c.obj
                0x000205b0                dsm_appkey_get_all
 .text.dsm_tx_secmat_get
                0x00020628      0x10c examples/serial/CMakeFiles/serial_nrf51422_xxAC_s130_2.0.1.dir/__/__/mesh/access/src/device_state_manager.c.obj
                0x00020628                dsm_tx_secmat_get
 .text.nrf_mesh_net_secmat_next_get
                0x00020734       0x70 examples/serial/CMakeFiles/serial_nrf51422_xxAC_s130_2.0.1.dir/__/__/mesh/access/src/device_state_manager.c.obj
                0x00020734                nrf_mesh_net_secmat_next_get
 .text.nrf_mesh_app_secmat_next_get
                0x000207a4       0xa0 examples/serial/CMakeFiles/serial_nrf51422_xxAC_s130_2.0.1.dir/__/__/mesh/access/src/device_state_manager.c.obj
                0x000207a4                nrf_mesh_app_secmat_next_get
 .text.nrf_mesh_devkey_secmat_get
                0x00020844       0x50 examples/serial/CMakeFiles/serial_nrf51422_xxAC_s130_2.0.1.dir/__/__/mesh/access/src/device_state_manager.c.obj
                0x00020844                nrf_mesh_devkey_secmat_get
 .text.nrf_mesh_beacon_info_next_get
                0x00020894       0xc0 examples/serial/CMakeFiles/serial_nrf51422_xxAC_s130_2.0.1.dir/__/__/mesh/access/src/device_state_manager.c.obj
                0x00020894                nrf_mesh_beacon_info_next_get
 .text.nrf_mesh_rx_address_get
                0x00020954      0x108 examples/serial/CMakeFiles/serial_nrf51422_xxAC_s130_2.0.1.dir/__/__/mesh/access/src/device_state_manager.c.obj
                0x00020954                nrf_mesh_rx_address_get
 .text.serial_uart_init
                0x00020a5c       0xd0 examples/serial/CMakeFiles/serial_nrf51422_xxAC_s130_2.0.1.dir/__/__/mesh/serial/src/serial_uart.c.obj
                0x00020a5c                serial_uart_init
 .text.serial_uart_process
                0x00020b2c       0x5c examples/serial/CMakeFiles/serial_nrf51422_xxAC_s130_2.0.1.dir/__/__/mesh/serial/src/serial_uart.c.obj
                0x00020b2c                serial_uart_process
 .text.UART0_IRQHandler
                0x00020b88        0x8 examples/serial/CMakeFiles/serial_nrf51422_xxAC_s130_2.0.1.dir/__/__/mesh/serial/src/serial_uart.c.obj
                0x00020b88                UART0_IRQHandler
 .text.serial_uart_receive_set
                0x00020b90        0xc examples/serial/CMakeFiles/serial_nrf51422_xxAC_s130_2.0.1.dir/__/__/mesh/serial/src/serial_uart.c.obj
                0x00020b90                serial_uart_receive_set
 .text.do_transmit
                0x00020b9c       0x50 examples/serial/CMakeFiles/serial_nrf51422_xxAC_s130_2.0.1.dir/__/__/mesh/serial/src/serial_bearer.c.obj
 .text.char_tx  0x00020bec       0x8c examples/serial/CMakeFiles/serial_nrf51422_xxAC_s130_2.0.1.dir/__/__/mesh/serial/src/serial_bearer.c.obj
 .text.serial_bearer_init
                0x00020c78       0x84 examples/serial/CMakeFiles/serial_nrf51422_xxAC_s130_2.0.1.dir/__/__/mesh/serial/src/serial_bearer.c.obj
                0x00020c78                serial_bearer_init
 .text.serial_bearer_packet_buffer_get
                0x00020cfc       0x24 examples/serial/CMakeFiles/serial_nrf51422_xxAC_s130_2.0.1.dir/__/__/mesh/serial/src/serial_bearer.c.obj
                0x00020cfc                serial_bearer_packet_buffer_get
 .text.serial_bearer_blocking_buffer_get
                0x00020d20       0x3c examples/serial/CMakeFiles/serial_nrf51422_xxAC_s130_2.0.1.dir/__/__/mesh/serial/src/serial_bearer.c.obj
                0x00020d20                serial_bearer_blocking_buffer_get
 .text.serial_bearer_tx
                0x00020d5c       0x70 examples/serial/CMakeFiles/serial_nrf51422_xxAC_s130_2.0.1.dir/__/__/mesh/serial/src/serial_bearer.c.obj
                0x00020d5c                serial_bearer_tx
 .text.send_cmd_response.constprop.5
                0x00020dcc       0x26 examples/serial/CMakeFiles/serial_nrf51422_xxAC_s130_2.0.1.dir/__/__/mesh/serial/src/serial_bearer.c.obj
 *fill*         0x00020df2        0x2 
 .text.char_rx  0x00020df4       0xa0 examples/serial/CMakeFiles/serial_nrf51422_xxAC_s130_2.0.1.dir/__/__/mesh/serial/src/serial_bearer.c.obj
 .text.serial_bearer_rx_get
                0x00020e94       0x38 examples/serial/CMakeFiles/serial_nrf51422_xxAC_s130_2.0.1.dir/__/__/mesh/serial/src/serial_bearer.c.obj
                0x00020e94                serial_bearer_rx_get
 .text.serial_handler_common_cmd_rsp_nodata_on_error
                0x00020ecc       0x2c examples/serial/CMakeFiles/serial_nrf51422_xxAC_s130_2.0.1.dir/__/__/mesh/serial/src/serial_handler_common.c.obj
                0x00020ecc                serial_handler_common_cmd_rsp_nodata_on_error
 .text.serial_handler_common_rx
                0x00020ef8       0x4c examples/serial/CMakeFiles/serial_nrf51422_xxAC_s130_2.0.1.dir/__/__/mesh/serial/src/serial_handler_common.c.obj
                0x00020ef8                serial_handler_common_rx
 .text.access_flash_store
                0x00020f44       0x16 examples/serial/CMakeFiles/serial_nrf51422_xxAC_s130_2.0.1.dir/__/__/mesh/serial/src/serial_handler_access.c.obj
 .text.elem_models_get
                0x00020f5a       0x44 examples/serial/CMakeFiles/serial_nrf51422_xxAC_s130_2.0.1.dir/__/__/mesh/serial/src/serial_handler_access.c.obj
 .text.handle_get
                0x00020f9e       0x36 examples/serial/CMakeFiles/serial_nrf51422_xxAC_s130_2.0.1.dir/__/__/mesh/serial/src/serial_handler_access.c.obj
 .text.model_id_get
                0x00020fd4       0x20 examples/serial/CMakeFiles/serial_nrf51422_xxAC_s130_2.0.1.dir/__/__/mesh/serial/src/serial_handler_access.c.obj
 .text.elem_vendor_model_cnt_get
                0x00020ff4       0x20 examples/serial/CMakeFiles/serial_nrf51422_xxAC_s130_2.0.1.dir/__/__/mesh/serial/src/serial_handler_access.c.obj
 .text.elem_sig_model_cnt_get
                0x00021014       0x20 examples/serial/CMakeFiles/serial_nrf51422_xxAC_s130_2.0.1.dir/__/__/mesh/serial/src/serial_handler_access.c.obj
 .text.elem_loc_get
                0x00021034       0x20 examples/serial/CMakeFiles/serial_nrf51422_xxAC_s130_2.0.1.dir/__/__/mesh/serial/src/serial_handler_access.c.obj
 .text.elem_loc_set
                0x00021054       0x2c examples/serial/CMakeFiles/serial_nrf51422_xxAC_s130_2.0.1.dir/__/__/mesh/serial/src/serial_handler_access.c.obj
 .text.model_pub_ttl_get
                0x00021080       0x20 examples/serial/CMakeFiles/serial_nrf51422_xxAC_s130_2.0.1.dir/__/__/mesh/serial/src/serial_handler_access.c.obj
 .text.model_pub_ttl_set
                0x000210a0       0x26 examples/serial/CMakeFiles/serial_nrf51422_xxAC_s130_2.0.1.dir/__/__/mesh/serial/src/serial_handler_access.c.obj
 .text.model_pub_app_get
                0x000210c6       0x20 examples/serial/CMakeFiles/serial_nrf51422_xxAC_s130_2.0.1.dir/__/__/mesh/serial/src/serial_handler_access.c.obj
 .text.model_pub_app_set
                0x000210e6       0x2c examples/serial/CMakeFiles/serial_nrf51422_xxAC_s130_2.0.1.dir/__/__/mesh/serial/src/serial_handler_access.c.obj
 .text.model_app_get
                0x00021112       0x44 examples/serial/CMakeFiles/serial_nrf51422_xxAC_s130_2.0.1.dir/__/__/mesh/serial/src/serial_handler_access.c.obj
 .text.model_app_unbind
                0x00021156       0x2c examples/serial/CMakeFiles/serial_nrf51422_xxAC_s130_2.0.1.dir/__/__/mesh/serial/src/serial_handler_access.c.obj
 .text.model_app_bind
                0x00021182       0x2c examples/serial/CMakeFiles/serial_nrf51422_xxAC_s130_2.0.1.dir/__/__/mesh/serial/src/serial_handler_access.c.obj
 .text.model_subs_get
                0x000211ae       0x44 examples/serial/CMakeFiles/serial_nrf51422_xxAC_s130_2.0.1.dir/__/__/mesh/serial/src/serial_handler_access.c.obj
 .text.model_subs_remove
                0x000211f2       0x2c examples/serial/CMakeFiles/serial_nrf51422_xxAC_s130_2.0.1.dir/__/__/mesh/serial/src/serial_handler_access.c.obj
 .text.model_subs_add
                0x0002121e       0x2c examples/serial/CMakeFiles/serial_nrf51422_xxAC_s130_2.0.1.dir/__/__/mesh/serial/src/serial_handler_access.c.obj
 .text.model_pub_period_get
                0x0002124a       0x24 examples/serial/CMakeFiles/serial_nrf51422_xxAC_s130_2.0.1.dir/__/__/mesh/serial/src/serial_handler_access.c.obj
 .text.model_pub_period_set
                0x0002126e       0x28 examples/serial/CMakeFiles/serial_nrf51422_xxAC_s130_2.0.1.dir/__/__/mesh/serial/src/serial_handler_access.c.obj
 .text.model_pub_addr_get
                0x00021296       0x20 examples/serial/CMakeFiles/serial_nrf51422_xxAC_s130_2.0.1.dir/__/__/mesh/serial/src/serial_handler_access.c.obj
 .text.model_pub_addr_set
                0x000212b6       0x2c examples/serial/CMakeFiles/serial_nrf51422_xxAC_s130_2.0.1.dir/__/__/mesh/serial/src/serial_handler_access.c.obj
 *fill*         0x000212e2        0x2 
 .text.serial_handler_access_rx
                0x000212e4       0x30 examples/serial/CMakeFiles/serial_nrf51422_xxAC_s130_2.0.1.dir/__/__/mesh/serial/src/serial_handler_access.c.obj
                0x000212e4                serial_handler_access_rx
 .text.serial_handler_config_rx
                0x00021314       0xb0 examples/serial/CMakeFiles/serial_nrf51422_xxAC_s130_2.0.1.dir/__/__/mesh/serial/src/serial_handler_config.c.obj
                0x00021314                serial_handler_config_rx
 .text.serial_handler_openmesh_rx
                0x000213c4       0x32 examples/serial/CMakeFiles/serial_nrf51422_xxAC_s130_2.0.1.dir/__/__/mesh/serial/src/serial_handler_openmesh.c.obj
                0x000213c4                serial_handler_openmesh_rx
 *fill*         0x000213f6        0x2 
 .text.serial_init
                0x000213f8       0x1c examples/serial/CMakeFiles/serial_nrf51422_xxAC_s130_2.0.1.dir/__/__/mesh/serial/src/serial.c.obj
                0x000213f8                serial_init
 .text.serial_packet_buffer_get
                0x00021414       0x1c examples/serial/CMakeFiles/serial_nrf51422_xxAC_s130_2.0.1.dir/__/__/mesh/serial/src/serial.c.obj
                0x00021414                serial_packet_buffer_get
 .text.serial_tx
                0x00021430       0x2c examples/serial/CMakeFiles/serial_nrf51422_xxAC_s130_2.0.1.dir/__/__/mesh/serial/src/serial.c.obj
                0x00021430                serial_tx
 .text.serial_start
                0x0002145c      0x10c examples/serial/CMakeFiles/serial_nrf51422_xxAC_s130_2.0.1.dir/__/__/mesh/serial/src/serial.c.obj
                0x0002145c                serial_start
 .text.serial_process_cmd
                0x00021568      0x128 examples/serial/CMakeFiles/serial_nrf51422_xxAC_s130_2.0.1.dir/__/__/mesh/serial/src/serial.c.obj
 .text.serial_process
                0x00021690       0x34 examples/serial/CMakeFiles/serial_nrf51422_xxAC_s130_2.0.1.dir/__/__/mesh/serial/src/serial.c.obj
                0x00021690                serial_process
 .text.serial_translate_error
                0x000216c4       0x74 examples/serial/CMakeFiles/serial_nrf51422_xxAC_s130_2.0.1.dir/__/__/mesh/serial/src/serial.c.obj
                0x000216c4                serial_translate_error
 .text.serial_state_get
                0x00021738        0xc examples/serial/CMakeFiles/serial_nrf51422_xxAC_s130_2.0.1.dir/__/__/mesh/serial/src/serial.c.obj
                0x00021738                serial_state_get
 .text.serial_cmd_rsp_send
                0x00021744       0x6c examples/serial/CMakeFiles/serial_nrf51422_xxAC_s130_2.0.1.dir/__/__/mesh/serial/src/serial.c.obj
                0x00021744                serial_cmd_rsp_send
 .text.find_context_id
                0x000217b0       0x24 examples/serial/CMakeFiles/serial_nrf51422_xxAC_s130_2.0.1.dir/__/__/mesh/serial/src/serial_handler_prov.c.obj
 .text.serial_handler_prov_evt_in
                0x000217d4      0x2c0 examples/serial/CMakeFiles/serial_nrf51422_xxAC_s130_2.0.1.dir/__/__/mesh/serial/src/serial_handler_prov.c.obj
 .text.serial_handler_prov_init
                0x00021a94       0x90 examples/serial/CMakeFiles/serial_nrf51422_xxAC_s130_2.0.1.dir/__/__/mesh/serial/src/serial_handler_prov.c.obj
                0x00021a94                serial_handler_prov_init
 .text.serial_handler_prov_pkt_in
                0x00021b24      0x220 examples/serial/CMakeFiles/serial_nrf51422_xxAC_s130_2.0.1.dir/__/__/mesh/serial/src/serial_handler_prov.c.obj
                0x00021b24                serial_handler_prov_pkt_in
 .text.serial_handler_mesh_evt_handle
                0x00021d44      0x1b8 examples/serial/CMakeFiles/serial_nrf51422_xxAC_s130_2.0.1.dir/__/__/mesh/serial/src/serial_handler_dfu.c.obj
 .text.serial_handler_dfu_init
                0x00021efc       0x18 examples/serial/CMakeFiles/serial_nrf51422_xxAC_s130_2.0.1.dir/__/__/mesh/serial/src/serial_handler_dfu.c.obj
                0x00021efc                serial_handler_dfu_init
 .text.serial_handler_dfu_rx
                0x00021f14      0x158 examples/serial/CMakeFiles/serial_nrf51422_xxAC_s130_2.0.1.dir/__/__/mesh/serial/src/serial_handler_dfu.c.obj
                0x00021f14                serial_handler_dfu_rx
 .text.serial_handler_mesh_evt_handle
                0x0002206c      0x178 examples/serial/CMakeFiles/serial_nrf51422_xxAC_s130_2.0.1.dir/__/__/mesh/serial/src/serial_handler_mesh.c.obj
 .text.handle_cmd_clear
                0x000221e4       0x1e examples/serial/CMakeFiles/serial_nrf51422_xxAC_s130_2.0.1.dir/__/__/mesh/serial/src/serial_handler_mesh.c.obj
 .text.handle_cmd_packet_send
                0x00022202       0x92 examples/serial/CMakeFiles/serial_nrf51422_xxAC_s130_2.0.1.dir/__/__/mesh/serial/src/serial_handler_mesh.c.obj
 .text.handle_cmd_addr_virtual_count_max_get
                0x00022294       0x14 examples/serial/CMakeFiles/serial_nrf51422_xxAC_s130_2.0.1.dir/__/__/mesh/serial/src/serial_handler_mesh.c.obj
 .text.handle_cmd_appkey_count_max_get
                0x000222a8        0x8 examples/serial/CMakeFiles/serial_nrf51422_xxAC_s130_2.0.1.dir/__/__/mesh/serial/src/serial_handler_mesh.c.obj
 .text.handle_cmd_addr_nonvirtual_count_max_get
                0x000222b0       0x14 examples/serial/CMakeFiles/serial_nrf51422_xxAC_s130_2.0.1.dir/__/__/mesh/serial/src/serial_handler_mesh.c.obj
 .text.handle_cmd_addr_local_unicast_get
                0x000222c4       0x24 examples/serial/CMakeFiles/serial_nrf51422_xxAC_s130_2.0.1.dir/__/__/mesh/serial/src/serial_handler_mesh.c.obj
 .text.handle_cmd_devkey_count_max_get
                0x000222e8       0x14 examples/serial/CMakeFiles/serial_nrf51422_xxAC_s130_2.0.1.dir/__/__/mesh/serial/src/serial_handler_mesh.c.obj
 .text.handle_cmd_subnet_count_max_get
                0x000222fc       0x14 examples/serial/CMakeFiles/serial_nrf51422_xxAC_s130_2.0.1.dir/__/__/mesh/serial/src/serial_handler_mesh.c.obj
 .text.handle_cmd_addr_get_all
                0x00022310       0x26 examples/serial/CMakeFiles/serial_nrf51422_xxAC_s130_2.0.1.dir/__/__/mesh/serial/src/serial_handler_mesh.c.obj
 .text.handle_cmd_addr_get
                0x00022336       0x68 examples/serial/CMakeFiles/serial_nrf51422_xxAC_s130_2.0.1.dir/__/__/mesh/serial/src/serial_handler_mesh.c.obj
 .text.handle_cmd_addr_publication_remove
                0x0002239e       0x28 examples/serial/CMakeFiles/serial_nrf51422_xxAC_s130_2.0.1.dir/__/__/mesh/serial/src/serial_handler_mesh.c.obj
 .text.handle_cmd_addr_publication_add_virtual
                0x000223c6       0x22 examples/serial/CMakeFiles/serial_nrf51422_xxAC_s130_2.0.1.dir/__/__/mesh/serial/src/serial_handler_mesh.c.obj
 .text.handle_cmd_addr_publication_add
                0x000223e8       0x28 examples/serial/CMakeFiles/serial_nrf51422_xxAC_s130_2.0.1.dir/__/__/mesh/serial/src/serial_handler_mesh.c.obj
 .text.handle_cmd_addr_subscription_remove
                0x00022410       0x28 examples/serial/CMakeFiles/serial_nrf51422_xxAC_s130_2.0.1.dir/__/__/mesh/serial/src/serial_handler_mesh.c.obj
 .text.handle_cmd_addr_subscription_add_virtual
                0x00022438       0x22 examples/serial/CMakeFiles/serial_nrf51422_xxAC_s130_2.0.1.dir/__/__/mesh/serial/src/serial_handler_mesh.c.obj
 .text.handle_cmd_addr_subscription_add
                0x0002245a       0x28 examples/serial/CMakeFiles/serial_nrf51422_xxAC_s130_2.0.1.dir/__/__/mesh/serial/src/serial_handler_mesh.c.obj
 .text.handle_cmd_addr_local_unicast_set
                0x00022482       0x2c examples/serial/CMakeFiles/serial_nrf51422_xxAC_s130_2.0.1.dir/__/__/mesh/serial/src/serial_handler_mesh.c.obj
 .text.handle_cmd_devkey_delete
                0x000224ae       0x28 examples/serial/CMakeFiles/serial_nrf51422_xxAC_s130_2.0.1.dir/__/__/mesh/serial/src/serial_handler_mesh.c.obj
 .text.handle_cmd_devkey_add
                0x000224d6       0x2a examples/serial/CMakeFiles/serial_nrf51422_xxAC_s130_2.0.1.dir/__/__/mesh/serial/src/serial_handler_mesh.c.obj
 .text.handle_cmd_appkey_get_all
                0x00022500       0x3c examples/serial/CMakeFiles/serial_nrf51422_xxAC_s130_2.0.1.dir/__/__/mesh/serial/src/serial_handler_mesh.c.obj
 .text.handle_cmd_appkey_delete
                0x0002253c       0x28 examples/serial/CMakeFiles/serial_nrf51422_xxAC_s130_2.0.1.dir/__/__/mesh/serial/src/serial_handler_mesh.c.obj
 .text.handle_cmd_appkey_update
                0x00022564       0x2a examples/serial/CMakeFiles/serial_nrf51422_xxAC_s130_2.0.1.dir/__/__/mesh/serial/src/serial_handler_mesh.c.obj
 .text.handle_cmd_appkey_add
                0x0002258e       0x32 examples/serial/CMakeFiles/serial_nrf51422_xxAC_s130_2.0.1.dir/__/__/mesh/serial/src/serial_handler_mesh.c.obj
 .text.handle_cmd_subnet_get_all
                0x000225c0       0x2c examples/serial/CMakeFiles/serial_nrf51422_xxAC_s130_2.0.1.dir/__/__/mesh/serial/src/serial_handler_mesh.c.obj
 .text.handle_cmd_subnet_delete
                0x000225ec       0x28 examples/serial/CMakeFiles/serial_nrf51422_xxAC_s130_2.0.1.dir/__/__/mesh/serial/src/serial_handler_mesh.c.obj
 .text.handle_cmd_subnet_update
                0x00022614       0x2a examples/serial/CMakeFiles/serial_nrf51422_xxAC_s130_2.0.1.dir/__/__/mesh/serial/src/serial_handler_mesh.c.obj
 .text.handle_cmd_subnet_add
                0x0002263e       0x2a examples/serial/CMakeFiles/serial_nrf51422_xxAC_s130_2.0.1.dir/__/__/mesh/serial/src/serial_handler_mesh.c.obj
 .text.handle_cmd_disable
                0x00022668       0x16 examples/serial/CMakeFiles/serial_nrf51422_xxAC_s130_2.0.1.dir/__/__/mesh/serial/src/serial_handler_mesh.c.obj
 .text.handle_cmd_enable
                0x0002267e       0x16 examples/serial/CMakeFiles/serial_nrf51422_xxAC_s130_2.0.1.dir/__/__/mesh/serial/src/serial_handler_mesh.c.obj
 .text.serial_handler_mesh_init
                0x00022694       0x18 examples/serial/CMakeFiles/serial_nrf51422_xxAC_s130_2.0.1.dir/__/__/mesh/serial/src/serial_handler_mesh.c.obj
                0x00022694                serial_handler_mesh_init
 .text.serial_handler_mesh_rx
                0x000226ac       0x7c examples/serial/CMakeFiles/serial_nrf51422_xxAC_s130_2.0.1.dir/__/__/mesh/serial/src/serial_handler_mesh.c.obj
                0x000226ac                serial_handler_mesh_rx
 .text.registered_model_get
                0x00022728       0x24 examples/serial/CMakeFiles/serial_nrf51422_xxAC_s130_2.0.1.dir/__/__/mesh/serial/src/serial_handler_models.c.obj
 .text.model_command
                0x0002274c       0x64 examples/serial/CMakeFiles/serial_nrf51422_xxAC_s130_2.0.1.dir/__/__/mesh/serial/src/serial_handler_models.c.obj
 .text.model_init
                0x000227b0       0x36 examples/serial/CMakeFiles/serial_nrf51422_xxAC_s130_2.0.1.dir/__/__/mesh/serial/src/serial_handler_models.c.obj
 *fill*         0x000227e6        0x2 
 .text.models_get
                0x000227e8       0x48 examples/serial/CMakeFiles/serial_nrf51422_xxAC_s130_2.0.1.dir/__/__/mesh/serial/src/serial_handler_models.c.obj
 .text.serial_handler_models_rx
                0x00022830       0x30 examples/serial/CMakeFiles/serial_nrf51422_xxAC_s130_2.0.1.dir/__/__/mesh/serial/src/serial_handler_models.c.obj
                0x00022830                serial_handler_models_rx
 .text.handle_cmd_device_beacon_params_get
                0x00022860       0x94 examples/serial/CMakeFiles/serial_nrf51422_xxAC_s130_2.0.1.dir/__/__/mesh/serial/src/serial_handler_device.c.obj
 .text.handle_cmd_device_fw_info_get
                0x000228f4       0x10 examples/serial/CMakeFiles/serial_nrf51422_xxAC_s130_2.0.1.dir/__/__/mesh/serial/src/serial_handler_device.c.obj
 .text.handle_cmd_device_serial_version_get
                0x00022904       0x14 examples/serial/CMakeFiles/serial_nrf51422_xxAC_s130_2.0.1.dir/__/__/mesh/serial/src/serial_handler_device.c.obj
 .text.handle_cmd_device_beacon_params_set
                0x00022918       0x88 examples/serial/CMakeFiles/serial_nrf51422_xxAC_s130_2.0.1.dir/__/__/mesh/serial/src/serial_handler_device.c.obj
 .text.handle_cmd_device_beacon_stop
                0x000229a0       0x40 examples/serial/CMakeFiles/serial_nrf51422_xxAC_s130_2.0.1.dir/__/__/mesh/serial/src/serial_handler_device.c.obj
 .text.handle_cmd_device_beacon_start
                0x000229e0       0x68 examples/serial/CMakeFiles/serial_nrf51422_xxAC_s130_2.0.1.dir/__/__/mesh/serial/src/serial_handler_device.c.obj
 .text.handle_cmd_device_radio_reset
                0x00022a48       0x18 examples/serial/CMakeFiles/serial_nrf51422_xxAC_s130_2.0.1.dir/__/__/mesh/serial/src/serial_handler_device.c.obj
 .text.handle_cmd_device_internal_events_report
                0x00022a60       0x1c examples/serial/CMakeFiles/serial_nrf51422_xxAC_s130_2.0.1.dir/__/__/mesh/serial/src/serial_handler_device.c.obj
 .text.event_report_cb
                0x00022a7c       0x5c examples/serial/CMakeFiles/serial_nrf51422_xxAC_s130_2.0.1.dir/__/__/mesh/serial/src/serial_handler_device.c.obj
 .text.handle_cmd_device_echo
                0x00022ad8       0x40 examples/serial/CMakeFiles/serial_nrf51422_xxAC_s130_2.0.1.dir/__/__/mesh/serial/src/serial_handler_device.c.obj
 .text.serial_handler_device_init
                0x00022b18       0x18 examples/serial/CMakeFiles/serial_nrf51422_xxAC_s130_2.0.1.dir/__/__/mesh/serial/src/serial_handler_device.c.obj
                0x00022b18                serial_handler_device_init
 .text.serial_handler_device_rx
                0x00022b30       0x30 examples/serial/CMakeFiles/serial_nrf51422_xxAC_s130_2.0.1.dir/__/__/mesh/serial/src/serial_handler_device.c.obj
                0x00022b30                serial_handler_device_rx
 .text.nrf_mesh_serial_init
                0x00022b60       0x38 examples/serial/CMakeFiles/serial_nrf51422_xxAC_s130_2.0.1.dir/__/__/mesh/serial/src/nrf_mesh_serial.c.obj
                0x00022b60                nrf_mesh_serial_init
 .text.nrf_mesh_serial_enable
                0x00022b98        0x8 examples/serial/CMakeFiles/serial_nrf51422_xxAC_s130_2.0.1.dir/__/__/mesh/serial/src/nrf_mesh_serial.c.obj
                0x00022b98                nrf_mesh_serial_enable
 .text.serial_handler_app_cb_set
                0x00022ba0        0xc examples/serial/CMakeFiles/serial_nrf51422_xxAC_s130_2.0.1.dir/__/__/mesh/serial/src/serial_handler_app.c.obj
                0x00022ba0                serial_handler_app_cb_set
 .text.serial_handler_app_rx
                0x00022bac       0x30 examples/serial/CMakeFiles/serial_nrf51422_xxAC_s130_2.0.1.dir/__/__/mesh/serial/src/serial_handler_app.c.obj
                0x00022bac                serial_handler_app_rx
 .text._weak_handler
                0x00022bdc        0x4 examples/serial/CMakeFiles/serial_nrf51422_xxAC_s130_2.0.1.dir/__/nrf_mesh_weak.c.obj
                0x00022bdc                nrf_mesh_dfu_init
                0x00022bdc                nrf_mesh_dfu_jump_to_bootloader
                0x00022bdc                nrf_mesh_dfu_rx
                0x00022bdc                nrf_mesh_dfu_bank_info_get
                0x00022bdc                nrf_mesh_dfu_request
                0x00022bdc                nrf_mesh_dfu_bank_flash
                0x00022bdc                _weak_handler
                0x00022bdc                nrf_mesh_dfu_relay
                0x00022bdc                nrf_mesh_dfu_abort
                0x00022bdc                mesh_flash_op_execute
                0x00022bdc                nrf_mesh_dfu_state_get
 .text.SystemInit
                0x00022be0       0xe0 examples/serial/CMakeFiles/serial_nrf51422_xxAC_s130_2.0.1.dir/__/__/external/nRF5_SDK_14.0.0_3bcc1f7/components/toolchain/system_nrf51.c.obj
                0x00022be0                SystemInit
 .text          0x00022cc0       0x4c examples/serial/CMakeFiles/serial_nrf51422_xxAC_s130_2.0.1.dir/__/__/external/nRF5_SDK_14.0.0_3bcc1f7/components/toolchain/gcc/gcc_startup_nrf51.S.obj
                0x00022cc0                Reset_Handler
                0x00022d00                NMI_Handler
                0x00022d04                SVC_Handler
                0x00022d06                PendSV_Handler
                0x00022d08                SysTick_Handler
                0x00022d0a                GPIOTE_IRQHandler
                0x00022d0a                RTC0_IRQHandler
                0x00022d0a                POWER_CLOCK_IRQHandler
                0x00022d0a                RADIO_IRQHandler
                0x00022d0a                LPCOMP_IRQHandler
                0x00022d0a                SWI4_IRQHandler
                0x00022d0a                TEMP_IRQHandler
                0x00022d0a                SPI0_TWI0_IRQHandler
                0x00022d0a                TIMER0_IRQHandler
                0x00022d0a                TIMER2_IRQHandler
                0x00022d0a                SWI0_IRQHandler
                0x00022d0a                TIMER1_IRQHandler
                0x00022d0a                ECB_IRQHandler
                0x00022d0a                Default_Handler
                0x00022d0a                ADC_IRQHandler
                0x00022d0a                SWI3_IRQHandler
                0x00022d0a                CCM_AAR_IRQHandler
                0x00022d0a                WDT_IRQHandler
                0x00022d0a                SWI5_IRQHandler
                0x00022d0a                RNG_IRQHandler
                0x00022d0a                SPI1_TWI1_IRQHandler
                0x00022d0a                RTC1_IRQHandler
                0x00022d0a                SWI1_IRQHandler
 .text.internal_event_init
                0x00022d0c       0x40 mesh/core/libmesh_core_nrf51422_xxAC.a(internal_event.c.obj)
                0x00022d0c                internal_event_init
 .text.internal_event_push
                0x00022d4c       0x30 mesh/core/libmesh_core_nrf51422_xxAC.a(internal_event.c.obj)
                0x00022d4c                internal_event_push
 .text.nrf_mesh_configure_device_uuid_set
                0x00022d7c       0x14 mesh/core/libmesh_core_nrf51422_xxAC.a(nrf_mesh_configure.c.obj)
                0x00022d7c                nrf_mesh_configure_device_uuid_set
 .text.nrf_mesh_configure_device_uuid_reset
                0x00022d90       0x28 mesh/core/libmesh_core_nrf51422_xxAC.a(nrf_mesh_configure.c.obj)
                0x00022d90                nrf_mesh_configure_device_uuid_reset
 .text.nrf_mesh_configure_device_uuid_get
                0x00022db8        0x8 mesh/core/libmesh_core_nrf51422_xxAC.a(nrf_mesh_configure.c.obj)
                0x00022db8                nrf_mesh_configure_device_uuid_get
 .text.event_handle
                0x00022dc0       0x34 mesh/core/libmesh_core_nrf51422_xxAC.a(event.c.obj)
                0x00022dc0                event_handle
 .text.event_handler_add
                0x00022df4       0x7c mesh/core/libmesh_core_nrf51422_xxAC.a(event.c.obj)
                0x00022df4                event_handler_add
 .text.m_adjust_desired_packet_length
                0x00022e70       0x34 mesh/core/libmesh_core_nrf51422_xxAC.a(packet_buffer.c.obj)
 .text.m_index_increment.part.0
                0x00022ea4       0x18 mesh/core/libmesh_core_nrf51422_xxAC.a(packet_buffer.c.obj)
 .text.m_free_popped_packet
                0x00022ebc       0x64 mesh/core/libmesh_core_nrf51422_xxAC.a(packet_buffer.c.obj)
 .text.free_skipped_packets
                0x00022f20       0x1c mesh/core/libmesh_core_nrf51422_xxAC.a(packet_buffer.c.obj)
 .text.packet_buffer_max_packet_len_get
                0x00022f3c       0x38 mesh/core/libmesh_core_nrf51422_xxAC.a(packet_buffer.c.obj)
                0x00022f3c                packet_buffer_max_packet_len_get
 .text.packet_buffer_init
                0x00022f74       0xe0 mesh/core/libmesh_core_nrf51422_xxAC.a(packet_buffer.c.obj)
                0x00022f74                packet_buffer_init
 .text.packet_buffer_flush
                0x00023054       0x60 mesh/core/libmesh_core_nrf51422_xxAC.a(packet_buffer.c.obj)
                0x00023054                packet_buffer_flush
 .text.packet_buffer_reserve
                0x000230b4      0x11c mesh/core/libmesh_core_nrf51422_xxAC.a(packet_buffer.c.obj)
                0x000230b4                packet_buffer_reserve
 .text.packet_buffer_commit
                0x000231d0      0x10c mesh/core/libmesh_core_nrf51422_xxAC.a(packet_buffer.c.obj)
                0x000231d0                packet_buffer_commit
 .text.packet_buffer_pop
                0x000232dc       0x64 mesh/core/libmesh_core_nrf51422_xxAC.a(packet_buffer.c.obj)
                0x000232dc                packet_buffer_pop
 .text.packet_buffer_can_pop
                0x00023340       0x2c mesh/core/libmesh_core_nrf51422_xxAC.a(packet_buffer.c.obj)
                0x00023340                packet_buffer_can_pop
 .text.packet_buffer_packets_ready_to_pop
                0x0002336c       0x58 mesh/core/libmesh_core_nrf51422_xxAC.a(packet_buffer.c.obj)
                0x0002336c                packet_buffer_packets_ready_to_pop
 .text.packet_buffer_free
                0x000233c4       0x94 mesh/core/libmesh_core_nrf51422_xxAC.a(packet_buffer.c.obj)
                0x000233c4                packet_buffer_free
 .text.fifo_init
                0x00023458       0x5c mesh/core/libmesh_core_nrf51422_xxAC.a(fifo.c.obj)
                0x00023458                fifo_init
 .text.fifo_push
                0x000234b4       0x5c mesh/core/libmesh_core_nrf51422_xxAC.a(fifo.c.obj)
                0x000234b4                fifo_push
 .text.fifo_pop
                0x00023510       0x5c mesh/core/libmesh_core_nrf51422_xxAC.a(fifo.c.obj)
                0x00023510                fifo_pop
 .text.flash_mem_available
                0x0002356c       0x20 mesh/core/libmesh_core_nrf51422_xxAC.a(net_state.c.obj)
 .text.flash_store_iv_index
                0x0002358c       0x34 mesh/core/libmesh_core_nrf51422_xxAC.a(net_state.c.obj)
 .text.seqnum_block_allocate
                0x000235c0       0x50 mesh/core/libmesh_core_nrf51422_xxAC.a(net_state.c.obj)
 .text.net_state_reset
                0x00023610       0x3c mesh/core/libmesh_core_nrf51422_xxAC.a(net_state.c.obj)
                0x00023610                net_state_reset
 .text.flash_write_complete
                0x0002364c       0x80 mesh/core/libmesh_core_nrf51422_xxAC.a(net_state.c.obj)
 .text.net_state_recover_from_flash
                0x000236cc       0x8c mesh/core/libmesh_core_nrf51422_xxAC.a(net_state.c.obj)
                0x000236cc                net_state_recover_from_flash
 .text.net_state_flash_area_get
                0x00023758       0x10 mesh/core/libmesh_core_nrf51422_xxAC.a(net_state.c.obj)
                0x00023758                net_state_flash_area_get
 .text.init_flash_storage
                0x00023768       0x40 mesh/core/libmesh_core_nrf51422_xxAC.a(net_state.c.obj)
 .text.net_state_init
                0x000237a8       0x48 mesh/core/libmesh_core_nrf51422_xxAC.a(net_state.c.obj)
                0x000237a8                net_state_init
 .text.net_state_iv_update_start
                0x000237f0       0x64 mesh/core/libmesh_core_nrf51422_xxAC.a(net_state.c.obj)
                0x000237f0                net_state_iv_update_start
 .text.iv_update_trigger_if_pending
                0x00023854       0x94 mesh/core/libmesh_core_nrf51422_xxAC.a(net_state.c.obj)
 .text.iv_update_timer_handler
                0x000238e8       0x80 mesh/core/libmesh_core_nrf51422_xxAC.a(net_state.c.obj)
 .text.net_state_seqnum_alloc
                0x00023968       0x68 mesh/core/libmesh_core_nrf51422_xxAC.a(net_state.c.obj)
                0x00023968                net_state_seqnum_alloc
 .text.net_state_iv_index_lock
                0x000239d0       0x4c mesh/core/libmesh_core_nrf51422_xxAC.a(net_state.c.obj)
                0x000239d0                net_state_iv_index_lock
 .text.net_state_beacon_received
                0x00023a1c       0x98 mesh/core/libmesh_core_nrf51422_xxAC.a(net_state.c.obj)
                0x00023a1c                net_state_beacon_received
 .text.net_state_beacon_iv_index_get
                0x00023ab4        0xc mesh/core/libmesh_core_nrf51422_xxAC.a(net_state.c.obj)
                0x00023ab4                net_state_beacon_iv_index_get
 .text.net_state_tx_iv_index_get
                0x00023ac0       0x14 mesh/core/libmesh_core_nrf51422_xxAC.a(net_state.c.obj)
                0x00023ac0                net_state_tx_iv_index_get
 .text.net_state_rx_iv_index_get
                0x00023ad4       0x14 mesh/core/libmesh_core_nrf51422_xxAC.a(net_state.c.obj)
                0x00023ad4                net_state_rx_iv_index_get
 .text.net_state_iv_update_get
                0x00023ae8        0xc mesh/core/libmesh_core_nrf51422_xxAC.a(net_state.c.obj)
                0x00023ae8                net_state_iv_update_get
 .text.nrf_mesh_address_type_get
                0x00023af4       0x14 mesh/core/libmesh_core_nrf51422_xxAC.a(nrf_mesh_utils.c.obj)
                0x00023af4                nrf_mesh_address_type_get
 .text.sd_softdevice_is_enabled
                0x00023b08        0x4 mesh/core/libmesh_core_nrf51422_xxAC.a(nrf_mesh.c.obj)
 .text.nrf_mesh_init
                0x00023b0c       0xb8 mesh/core/libmesh_core_nrf51422_xxAC.a(nrf_mesh.c.obj)
                0x00023b0c                nrf_mesh_init
 .text.nrf_mesh_enable
                0x00023bc4       0x4c mesh/core/libmesh_core_nrf51422_xxAC.a(nrf_mesh.c.obj)
                0x00023bc4                nrf_mesh_enable
 .text.nrf_mesh_disable
                0x00023c10       0x28 mesh/core/libmesh_core_nrf51422_xxAC.a(nrf_mesh.c.obj)
                0x00023c10                nrf_mesh_disable
 .text.nrf_mesh_packet_send
                0x00023c38        0x8 mesh/core/libmesh_core_nrf51422_xxAC.a(nrf_mesh.c.obj)
                0x00023c38                nrf_mesh_packet_send
 .text.nrf_mesh_process
                0x00023c40      0x1c4 mesh/core/libmesh_core_nrf51422_xxAC.a(nrf_mesh.c.obj)
                0x00023c40                nrf_mesh_process
 .text.nrf_mesh_on_ble_evt
                0x00023e04        0x4 mesh/core/libmesh_core_nrf51422_xxAC.a(nrf_mesh.c.obj)
                0x00023e04                nrf_mesh_on_ble_evt
 .text.nrf_mesh_on_sd_evt
                0x00023e08        0xa mesh/core/libmesh_core_nrf51422_xxAC.a(nrf_mesh.c.obj)
                0x00023e08                nrf_mesh_on_sd_evt
 .text.nrf_mesh_evt_handler_add
                0x00023e12        0x8 mesh/core/libmesh_core_nrf51422_xxAC.a(nrf_mesh.c.obj)
                0x00023e12                nrf_mesh_evt_handler_add
 .text.sd_power_reset_reason_clr
                0x00023e1a        0x4 mesh/core/libmesh_core_nrf51422_xxAC.a(hal.c.obj)
 .text.sd_power_gpregret_set
                0x00023e1e        0x4 mesh/core/libmesh_core_nrf51422_xxAC.a(hal.c.obj)
 *fill*         0x00023e22        0x2 
 .text.hal_device_reset
                0x00023e24       0x2c mesh/core/libmesh_core_nrf51422_xxAC.a(hal.c.obj)
                0x00023e24                hal_device_reset
 .text.hal_lfclk_ppm_get
                0x00023e50       0x14 mesh/core/libmesh_core_nrf51422_xxAC.a(hal.c.obj)
                0x00023e50                hal_lfclk_ppm_get
 .text.add_to_add_list
                0x00023e64       0x4c mesh/core/libmesh_core_nrf51422_xxAC.a(timer_scheduler.c.obj)
 .text.process_dirty_events
                0x00023eb0       0x64 mesh/core/libmesh_core_nrf51422_xxAC.a(timer_scheduler.c.obj)
 .text.timer_cb
                0x00023f14       0x10 mesh/core/libmesh_core_nrf51422_xxAC.a(timer_scheduler.c.obj)
 .text.add_evt.constprop.0
                0x00023f24       0x70 mesh/core/libmesh_core_nrf51422_xxAC.a(timer_scheduler.c.obj)
 .text.process_add_list
                0x00023f94       0x4c mesh/core/libmesh_core_nrf51422_xxAC.a(timer_scheduler.c.obj)
 .text.flag_event_cb
                0x00023fe0      0x104 mesh/core/libmesh_core_nrf51422_xxAC.a(timer_scheduler.c.obj)
 .text.timer_sch_init
                0x000240e4       0x24 mesh/core/libmesh_core_nrf51422_xxAC.a(timer_scheduler.c.obj)
                0x000240e4                timer_sch_init
 .text.timer_sch_schedule
                0x00024108       0x54 mesh/core/libmesh_core_nrf51422_xxAC.a(timer_scheduler.c.obj)
                0x00024108                timer_sch_schedule
 .text.timer_sch_abort
                0x0002415c       0x68 mesh/core/libmesh_core_nrf51422_xxAC.a(timer_scheduler.c.obj)
                0x0002415c                timer_sch_abort
 .text.timer_sch_reschedule
                0x000241c4       0x78 mesh/core/libmesh_core_nrf51422_xxAC.a(timer_scheduler.c.obj)
                0x000241c4                timer_sch_reschedule
 .text.timer_mut_unlock
                0x0002423c       0x10 mesh/core/libmesh_core_nrf51422_xxAC.a(timer.c.obj)
 .text.timer_order_cb
                0x0002424c       0x90 mesh/core/libmesh_core_nrf51422_xxAC.a(timer.c.obj)
                0x0002424c                timer_order_cb
 .text.timer_now
                0x000242dc       0x54 mesh/core/libmesh_core_nrf51422_xxAC.a(timer.c.obj)
                0x000242dc                timer_now
 .text.timer_event_handler
                0x00024330       0x94 mesh/core/libmesh_core_nrf51422_xxAC.a(timer.c.obj)
                0x00024330                timer_event_handler
 .text.timer_on_ts_begin
                0x000243c4      0x104 mesh/core/libmesh_core_nrf51422_xxAC.a(timer.c.obj)
                0x000243c4                timer_on_ts_begin
 .text.timer_on_ts_end
                0x000244c8       0x64 mesh/core/libmesh_core_nrf51422_xxAC.a(timer.c.obj)
                0x000244c8                timer_on_ts_end
 .text.timer_cb
                0x0002452c       0x10 mesh/core/libmesh_core_nrf51422_xxAC.a(ticker.c.obj)
 .text.ticker_init
                0x0002453c       0x38 mesh/core/libmesh_core_nrf51422_xxAC.a(ticker.c.obj)
                0x0002453c                ticker_init
 .text.sd_rand_application_bytes_available_get
                0x00024574        0x4 mesh/core/libmesh_core_nrf51422_xxAC.a(rand.c.obj)
 .text.sd_rand_application_vector_get
                0x00024578        0x4 mesh/core/libmesh_core_nrf51422_xxAC.a(rand.c.obj)
 .text.rand_prng_get
                0x0002457c       0x2e mesh/core/libmesh_core_nrf51422_xxAC.a(rand.c.obj)
                0x0002457c                rand_prng_get
 *fill*         0x000245aa        0x2 
 .text.rand_hw_rng_get
                0x000245ac       0x4c mesh/core/libmesh_core_nrf51422_xxAC.a(rand.c.obj)
                0x000245ac                rand_hw_rng_get
 .text.rand_prng_seed
                0x000245f8       0x30 mesh/core/libmesh_core_nrf51422_xxAC.a(rand.c.obj)
                0x000245f8                rand_prng_seed
 .text.nrf_mesh_opt_set
                0x00024628       0x34 mesh/core/libmesh_core_nrf51422_xxAC.a(nrf_mesh_opt.c.obj)
                0x00024628                nrf_mesh_opt_set
 .text.sd_radio_session_open
                0x0002465c        0x4 mesh/core/libmesh_core_nrf51422_xxAC.a(timeslot.c.obj)
 .text.sd_radio_session_close
                0x00024660        0x4 mesh/core/libmesh_core_nrf51422_xxAC.a(timeslot.c.obj)
 .text.sd_radio_request
                0x00024664        0x4 mesh/core/libmesh_core_nrf51422_xxAC.a(timeslot.c.obj)
 .text.end_timer_handler
                0x00024668       0x2c mesh/core/libmesh_core_nrf51422_xxAC.a(timeslot.c.obj)
 .text.get_end_time.constprop.10
                0x00024694       0x28 mesh/core/libmesh_core_nrf51422_xxAC.a(timeslot.c.obj)
 .text.handle_extend_end.constprop.3
                0x000246bc       0xc4 mesh/core/libmesh_core_nrf51422_xxAC.a(timeslot.c.obj)
 .text.radio_signal_callback
                0x00024780      0x160 mesh/core/libmesh_core_nrf51422_xxAC.a(timeslot.c.obj)
 .text.timeslot_sd_event_handler
                0x000248e0       0x48 mesh/core/libmesh_core_nrf51422_xxAC.a(timeslot.c.obj)
                0x000248e0                timeslot_sd_event_handler
 .text.timeslot_init
                0x00024928       0x4c mesh/core/libmesh_core_nrf51422_xxAC.a(timeslot.c.obj)
                0x00024928                timeslot_init
 .text.timeslot_start
                0x00024974       0x1c mesh/core/libmesh_core_nrf51422_xxAC.a(timeslot.c.obj)
                0x00024974                timeslot_start
 .text.timeslot_end_is_pending
                0x00024990       0x2c mesh/core/libmesh_core_nrf51422_xxAC.a(timeslot.c.obj)
                0x00024990                timeslot_end_is_pending
 .text.timeslot_start_time_get
                0x000249bc        0xc mesh/core/libmesh_core_nrf51422_xxAC.a(timeslot.c.obj)
                0x000249bc                timeslot_start_time_get
 .text.timeslot_remaining_time_get
                0x000249c8       0x24 mesh/core/libmesh_core_nrf51422_xxAC.a(timeslot.c.obj)
                0x000249c8                timeslot_remaining_time_get
 .text.timeslot_is_in_cb
                0x000249ec        0xc mesh/core/libmesh_core_nrf51422_xxAC.a(timeslot.c.obj)
                0x000249ec                timeslot_is_in_cb
 .text.timeslot_trigger
                0x000249f8       0x28 mesh/core/libmesh_core_nrf51422_xxAC.a(timeslot.c.obj)
                0x000249f8                timeslot_trigger
 .text.timeslot_stop
                0x00024a20       0x14 mesh/core/libmesh_core_nrf51422_xxAC.a(timeslot.c.obj)
                0x00024a20                timeslot_stop
 .text.timeslot_state_lock
                0x00024a34       0x2c mesh/core/libmesh_core_nrf51422_xxAC.a(timeslot.c.obj)
                0x00024a34                timeslot_state_lock
 .text.evt_push
                0x00024a60       0x24 mesh/core/libmesh_core_nrf51422_xxAC.a(bearer_event.c.obj)
 .text.QDEC_IRQHandler
                0x00024a84       0xc4 mesh/core/libmesh_core_nrf51422_xxAC.a(bearer_event.c.obj)
                0x00024a84                QDEC_IRQHandler
 .text.bearer_event_init
                0x00024b48       0x48 mesh/core/libmesh_core_nrf51422_xxAC.a(bearer_event.c.obj)
                0x00024b48                bearer_event_init
 .text.bearer_event_generic_post
                0x00024b90       0x34 mesh/core/libmesh_core_nrf51422_xxAC.a(bearer_event.c.obj)
                0x00024b90                bearer_event_generic_post
 .text.bearer_event_timer_post
                0x00024bc4       0x34 mesh/core/libmesh_core_nrf51422_xxAC.a(bearer_event.c.obj)
                0x00024bc4                bearer_event_timer_post
 .text.bearer_event_critical_section_begin
                0x00024bf8       0x48 mesh/core/libmesh_core_nrf51422_xxAC.a(bearer_event.c.obj)
                0x00024bf8                bearer_event_critical_section_begin
 .text.bearer_event_critical_section_end
                0x00024c40       0x48 mesh/core/libmesh_core_nrf51422_xxAC.a(bearer_event.c.obj)
                0x00024c40                bearer_event_critical_section_end
 .text.bearer_event_flag_add
                0x00024c88       0x54 mesh/core/libmesh_core_nrf51422_xxAC.a(bearer_event.c.obj)
                0x00024c88                bearer_event_flag_add
 .text.bearer_event_flag_set
                0x00024cdc       0x58 mesh/core/libmesh_core_nrf51422_xxAC.a(bearer_event.c.obj)
                0x00024cdc                bearer_event_flag_set
 .text.bearer_event_sequential_add
                0x00024d34       0x4c mesh/core/libmesh_core_nrf51422_xxAC.a(bearer_event.c.obj)
                0x00024d34                bearer_event_sequential_add
 .text.bearer_event_sequential_post
                0x00024d80       0x68 mesh/core/libmesh_core_nrf51422_xxAC.a(bearer_event.c.obj)
                0x00024d80                bearer_event_sequential_post
 .text.bearer_event_sequential_pending
                0x00024de8       0x20 mesh/core/libmesh_core_nrf51422_xxAC.a(bearer_event.c.obj)
                0x00024de8                bearer_event_sequential_pending